04-09 17:49:18.071  1132  1132 I A0001a/SystemUI_Default: StatusBarVM --> changeContent, contentColor: #E5FFFFFF region: {"left":0,"top":0,"width":720,"height":72}
04-09 17:49:18.072  1476  1476 I A0001b/Launcher_Default: SmartDockModel --> onMissionDestroyedCallback, missionId=43
04-09 17:49:18.073  1132  1132 I A0001a/SystemUI_Default: StatusBarVM --> changeContent, data: {"contentColor":"#E5FFFFFF","width":720}
04-09 17:49:18.073  1132  1132 I A0001a/SystemUI_Default: StatusBarVM --> changeComponentContent, id battery area: {"left":511.70001220703125,"top":0,"width":98.80000305175781,"height":72}
04-09 17:49:18.074  1132  1132 I A0001a/SystemUI_Default: StatusBarVM --> setComponentContent, id battery contentColor: #E5FFFFFF
04-09 17:49:18.075  1132  1132 I A0001a/SystemUI_Default: StatusBarVM --> changeComponentContent, id air_plane area: {"left":511.70001220703125,"top":0,"width":0,"height":72}
04-09 17:49:18.075  1132  1132 I A0001a/SystemUI_Default: StatusBarVM --> setComponentContent, id air_plane contentColor: #E5FFFFFF
04-09 17:49:18.076  1132  1132 I A0001a/SystemUI_Default: StatusBarVM --> changeComponentContent, id nfc area: {"left":512.7000122070312,"top":0,"width":-1,"height":72}
04-09 17:49:18.076  1132  1132 I A0001a/SystemUI_Default: StatusBarVM --> setComponentContent, id nfc contentColor: #E5FFFFFF
04-09 17:49:18.077  1132  1132 I A0001a/SystemUI_Default: StatusBarVM --> changeComponentContent, id location area: {"left":512.7000122070312,"top":0,"width":0,"height":72}
04-09 17:49:18.077  1132  1132 I A0001a/SystemUI_Default: StatusBarVM --> setComponentContent, id location contentColor: #E5FFFFFF
04-09 17:49:18.077  1132  1132 I A0001a/SystemUI_Default: StatusBarVM --> changeComponentContent, id ring_mode area: {"left":512.7000122070312,"top":0,"width":0,"height":72}
04-09 17:49:18.078  1132  1132 I A0001a/SystemUI_Default: StatusBarVM --> setComponentContent, id ring_mode contentColor: #E5FFFFFF
04-09 17:49:18.078  1132  1132 I A0001a/SystemUI_Default: StatusBarVM --> changeComponentContent, id bluetooth area: {"left":512.7000122070312,"top":0,"width":0,"height":72}
04-09 17:49:18.078  1132  1132 I A0001a/SystemUI_Default: StatusBarVM --> setComponentContent, id bluetooth contentColor: #E5FFFFFF
04-09 17:49:18.078  1132  1132 I A0001a/SystemUI_Default: StatusBarVM --> changeComponentContent, id capsule area: {"left":256.375,"top":0,"width":-1,"height":72}
04-09 17:49:18.079  1132  1132 I A0001a/SystemUI_Default: StatusBarVM --> setComponentContent, id capsule contentColor: #E5FFFFFF
04-09 17:49:18.079  1132  1132 I A0001a/SystemUI_Default: StatusBarVM --> changeComponentContent, id wifi area: {"left":217.75,"top":0,"width":38.625,"height":72}
04-09 17:49:18.079  1132  1132 I A0001a/SystemUI_Default: StatusBarVM --> setComponentContent, id wifi contentColor: #E5FFFFFF
04-09 17:49:18.079  1132  1132 I A0001a/SystemUI_Default: StatusBarVM --> changeComponentContent, id signal area: {"left":36,"top":0,"width":181.75,"height":72}
04-09 17:49:18.080  1132  1132 I A0001a/SystemUI_Default: StatusBarVM --> setComponentContent, id signal contentColor: #E5FFFFFF
04-09 17:49:18.080  1132  1132 I A0001a/SystemUI_Default: StatusBarVM --> changeComponentContent, id clock area: {"left":610.5000152587891,"top":0,"width":73.5,"height":72}
04-09 17:49:18.080  1132  1132 I A0001a/SystemUI_Default: StatusBarVM --> setComponentContent, id clock contentColor: #E5FFFFFF
04-09 17:49:18.081  1132  1132 I A0001a/SystemUI_Default: StatusBarVM --> changeComponentContent, id notification area: {"left":255.375,"top":0,"width":0,"height":72}
04-09 17:49:18.081  1132  1132 I A0001a/SystemUI_Default: StatusBarVM --> setComponentContent, id notification contentColor: #E5FFFFFF
04-09 17:49:18.095  1132  1132 I A0001a/SystemUI_Default: WifiComponent-WifiIcon --> getImage
04-09 17:50:00.016  1132  1132 I A0001a/SystemUI_Default: EventManager --> PUBLISH : event: {"target":"local","data":{"eventName":"Time_Change_Event","args":{"date":"2024-04-09T09:50:00.015Z","timeFormat":false}}}
04-09 17:50:00.038  1132  1132 I A0002a/ScreenLock_Default: CommonEvent_TimeManagerSc --> handle common event: usual.event.TIME_TICK
04-09 17:50:00.039  1132  1132 I A0002a/ScreenLock_Default: EventManagerSc --> publish localEvent type: Time_Change_Event
04-09 17:50:35.610  1132  1132 I A0002a/ScreenLock_Default: ScreenLock-ScreenLockService --> app pss info is: 76682
04-09 17:51:00.017  1132  1132 I A0001a/SystemUI_Default: EventManager --> PUBLISH : event: {"target":"local","data":{"eventName":"Time_Change_Event","args":{"date":"2024-04-09T09:51:00.017Z","timeFormat":false}}}
04-09 17:51:00.032  1132  1132 I A0002a/ScreenLock_Default: CommonEvent_TimeManagerSc --> handle common event: usual.event.TIME_TICK
04-09 17:51:00.033  1132  1132 I A0002a/ScreenLock_Default: EventManagerSc --> publish localEvent type: Time_Change_Event
04-09 17:51:14.431  1476  1476 I A0001b/Launcher_Default: LauncherAbilityManager --> update bundleName: ohos.samples.myShopping userId: 100
04-09 17:51:14.431  1476  1476 I A0001b/Launcher_Default: AppModel --> installationSubscriberCallBack event: usual.event.PACKAGE_CHANGED
04-09 17:51:14.433  1132  1582 I A0001a/SystemUI_Default: SourceLoader-BundleParseUtil --> bundle change, err: {"code":0} data: {"event":"usual.event.PACKAGE_CHANGED","bundleName":"ohos.samples.myShopping","code":0,"data":"","parameters":{"abilityName":"EntryAbility","accessTokenId":0,"isAgingUninstall":false,"moduleName":"entry_test","uid":20010044,"userId":100}}
04-09 17:51:14.434  1132  1582 I A0001a/SystemUI_Default: SourceLoader-BundleParseUtil --> queryAbilityWithBundleName, action: com.ohos.systemui.action.BAR_ICON bundleName: ohos.samples.myShopping
04-09 17:51:14.443  1476  1476 E A0001b/Launcher_Default: FormModel --> getFormsInfoByBundleName err: {"code":16500100}
04-09 17:51:14.444  1132  1582 E A0001a/SystemUI_Default: SourceLoader-BundleParseUtil --> queryAbilityWithBundleName, queryAbilityByWant error: {"code":17700003}
04-09 17:51:14.452  1132  1582 E A0001a/SystemUI_Default: SourceLoader-BundleParseUtil --> queryAbilityWithBundleName, queryExtensionAbilityInfo error: {"code":17700003}
04-09 17:51:14.453  1132  1582 I A0001a/SystemUI_Default: PluginDataSourceManager --> abilityInfos: []
04-09 17:51:14.490  1476  1476 I A0001b/Launcher_Default: AppModel --> installationSubscriber, PACKAGE_CHANGED, bundleName is ohos.samples.myShopping
04-09 17:51:14.491  1476  1476 I A0001b/Launcher_Default: LocalEventManager --> sendLocalEvent event: "launcher.event.EVENT_REQUEST_RECOMMEND_FORM_UPDATE"
04-09 17:51:14.491  1476  1476 I A0001b/Launcher_Default: LocalEventManager --> sendLocalEvent, send local event with no receiver
04-09 17:51:14.491  1476  1476 E A0001b/Launcher_Default: AppModel --> installationSubscriberCallBack unKnow bundleType:undefined
04-09 17:51:14.491  1476  1476 I A0001b/Launcher_Default: PageDesktopViewModel --> getAppList start
04-09 17:51:14.491  1476  1476 I A0001b/Launcher_Default: AppModel --> getAppList start
04-09 17:51:14.491  1476  1476 I A0001b/Launcher_Default: AppModel --> getAppList bundleInfoList length: 14
04-09 17:51:14.504  1476  1476 I A0001b/Launcher_Default: PageDesktopLayoutConfig -->  srj updateGridLayoutInfo...
04-09 17:51:14.515  1476  1476 I A0001b/Launcher_Default: PageDesktopViewModel --> pagingFiltering appListInfo length:10
04-09 17:51:14.607  1476  1476 I A0001b/Launcher_Default: PageDesktopLayoutConfig --> srj updateGridLayoutInfo success.
04-09 17:51:17.251  1476  1476 I A0001b/Launcher_Default: LauncherAbilityManager --> update bundleName: ohos.samples.myShopping userId: 100
04-09 17:51:17.252  1476  1476 I A0001b/Launcher_Default: AppModel --> installationSubscriberCallBack event: usual.event.PACKAGE_CHANGED
04-09 17:51:17.256  1132  1582 I A0001a/SystemUI_Default: SourceLoader-BundleParseUtil --> bundle change, err: {"code":0} data: {"event":"usual.event.PACKAGE_CHANGED","bundleName":"ohos.samples.myShopping","code":0,"data":"","parameters":{"abilityName":"EntryAbility","accessTokenId":0,"isAgingUninstall":false,"moduleName":"entry","uid":20010044,"userId":100}}
04-09 17:51:17.257  1132  1582 I A0001a/SystemUI_Default: SourceLoader-BundleParseUtil --> queryAbilityWithBundleName, action: com.ohos.systemui.action.BAR_ICON bundleName: ohos.samples.myShopping
04-09 17:51:17.267  1132  1582 E A0001a/SystemUI_Default: SourceLoader-BundleParseUtil --> queryAbilityWithBundleName, queryAbilityByWant error: {"code":17700003}
04-09 17:51:17.267  1476  1476 E A0001b/Launcher_Default: FormModel --> getFormsInfoByBundleName err: {"code":16500100}
04-09 17:51:17.276  1132  1582 E A0001a/SystemUI_Default: SourceLoader-BundleParseUtil --> queryAbilityWithBundleName, queryExtensionAbilityInfo error: {"code":17700003}
04-09 17:51:17.276  1132  1582 I A0001a/SystemUI_Default: PluginDataSourceManager --> abilityInfos: []
04-09 17:51:17.315  1476  1476 I A0001b/Launcher_Default: AppModel --> installationSubscriber, PACKAGE_CHANGED, bundleName is ohos.samples.myShopping
04-09 17:51:17.316  1476  1476 I A0001b/Launcher_Default: LocalEventManager --> sendLocalEvent event: "launcher.event.EVENT_REQUEST_RECOMMEND_FORM_UPDATE"
04-09 17:51:17.316  1476  1476 I A0001b/Launcher_Default: LocalEventManager --> sendLocalEvent, send local event with no receiver
04-09 17:51:17.316  1476  1476 E A0001b/Launcher_Default: AppModel --> installationSubscriberCallBack unKnow bundleType:undefined
04-09 17:51:17.316  1476  1476 I A0001b/Launcher_Default: PageDesktopViewModel --> getAppList start
04-09 17:51:17.316  1476  1476 I A0001b/Launcher_Default: AppModel --> getAppList start
04-09 17:51:17.316  1476  1476 I A0001b/Launcher_Default: AppModel --> getAppList bundleInfoList length: 14
04-09 17:51:17.329  1476  1476 I A0001b/Launcher_Default: PageDesktopLayoutConfig -->  srj updateGridLayoutInfo...
04-09 17:51:17.330  1476  1476 I A0001b/Launcher_Default: PageDesktopViewModel --> pagingFiltering appListInfo length:10
04-09 17:51:17.445  1476  1476 I A0001b/Launcher_Default: PageDesktopLayoutConfig --> srj updateGridLayoutInfo success.
04-09 17:51:17.951 18674 18674 I A00000/testTag: OpenHarmonyTestRunner OnPrepare 
04-09 17:51:17.958 18674 18674 I A00000/testTag: OpenHarmonyTestRunner onRun run
04-09 17:51:17.962 18674 18674 I A00000/testTag: OpenHarmonyTestRunner onRun end
04-09 17:51:17.988 18674 18674 I A00000/testTag: startAbility : err : null
04-09 17:51:17.989 18674 18674 I A00000/testTag: startAbility : data : 
04-09 17:51:17.989 18674 18674 I A00000/testTag: addAbilityMonitorCallback : null
04-09 17:51:18.047 18674 18674 W A03d00/JSAPP: UiTestKit_exporter: systemParameter "persist.ace.testmode.enabled" is not set!
04-09 17:51:18.056 18674 18674 I A03d00/JSAPP: UiTestKit_exporter: ScheduleProbeAndEstablishConnection, token=ohos.samples.myShopping@18674@20010044@1
04-09 17:51:18.056 18674 18674 I A03d00/JSAPP: UiTestKit_exporter: Begin executing shell command to start server-daemon
04-09 17:51:19.030 18674 18674 I A03d00/JSAPP: Callee constructor is OK string
04-09 17:51:19.031 18674 18674 I A03d00/JSAPP: Ability::constructor callee is object [object Object]
04-09 17:51:19.053 18674 18674 I A03d00/JSAPP: UiTestKit_exporter: Start server-daemon finished: {"stdResult":"","exitCode":0}
04-09 17:51:19.069 18674 18674 I A00000/testTag: TestAbility onCreate
04-09 17:51:19.070 18674 18674 I A00000/testTag: want param:{"deviceId":"","bundleName":"ohos.samples.myShopping","abilityName":"TestAbility","moduleName":"entry_test","uri":"","type":"","flags":0,"action":"","parameters":{"component.startup.newRules":true,"isDelegatorCall":true,"moduleName":"entry_test","ohos.aafwk.param.callerAbilityName":"","ohos.aafwk.param.callerBundleName":"","ohos.aafwk.param.callerPid":18674,"ohos.aafwk.param.callerToken":537374260,"ohos.aafwk.param.callerUid":20010044,"ohos.ability.launch.reason":1,"ohos.anco.param.missionId":44,"ohos.dlp.params.sandbox":false},"entities":[]}
04-09 17:51:19.070 18674 18674 I A00000/testTag: launchParam:{"launchReason":1,"lastExitReason":8}
04-09 17:51:19.071 18674 18674 I A00000/testTag: start run testcase!!!
04-09 17:51:19.078 18674 18674 I A03d00/JSAPP: [Hypium]parameters:{"timeout":"15000"}
04-09 17:51:19.080 18674 18674 I A03d00/JSAPP: [Hypium]filter params:0
04-09 17:51:19.086 18674 18674 I A03d00/JSAPP: [Hypium]stress length : 1
04-09 17:51:19.089 18674 18674 I A03d00/JSAPP: [Hypium]stress length : 1
04-09 17:51:19.090 18674 18674 I A00000/testTag: onAbilityCreateCallback
04-09 17:51:19.111 18674 18674 I A00000/testTag: TestAbility onWindowStageCreate
04-09 17:51:19.118 18674 18674 I A00000/testTag: TestAbility onForeground
04-09 17:51:19.122 18674 18674 I A03d00/JSAPP: [Hypium][start] start run suites
04-09 17:51:19.123 18674 18674 I A03d00/JSAPP: [Hypium][suite start]ActsAbilityTest
04-09 17:51:19.123 18674 18674 I A03d00/JSAPP: OHOS_REPORT_SUM: 1
04-09 17:51:19.123 18674 18674 I A03d00/JSAPP: OHOS_REPORT_STATUS: class=ActsAbilityTest
04-09 17:51:19.123 18674 18674 D A03d00/JSAPP: [Hypium]printSync called ...
04-09 17:51:19.124 18674 18674 I A03d00/JSAPP: [Hypium]ActsAbilityTest suiteStart print success
04-09 17:51:19.125 18674 18674 I A03d00/JSAPP: [Hypium]start running case 'assertContain'
04-09 17:51:19.126 18674 18674 I A03d00/JSAPP: OHOS_REPORT_STATUS: class=ActsAbilityTest
04-09 17:51:19.126 18674 18674 I A03d00/JSAPP: OHOS_REPORT_STATUS: current=1
04-09 17:51:19.126 18674 18674 I A03d00/JSAPP: OHOS_REPORT_STATUS: id=JS
04-09 17:51:19.126 18674 18674 I A03d00/JSAPP: OHOS_REPORT_STATUS: numtests=2
04-09 17:51:19.126 18674 18674 I A03d00/JSAPP: OHOS_REPORT_STATUS: stream=
04-09 17:51:19.126 18674 18674 I A03d00/JSAPP: OHOS_REPORT_STATUS: test=assertContain
04-09 17:51:19.126 18674 18674 I A03d00/JSAPP: OHOS_REPORT_STATUS_CODE: 1
04-09 17:51:19.126 18674 18674 D A03d00/JSAPP: [Hypium]printSync called ...
04-09 17:51:19.127 18674 18674 I A03d00/JSAPP: [Hypium]assertContain specStart start print success
04-09 17:51:19.128 18674 18674 I A00000/testTag: it begin
04-09 17:51:19.134 18674 18674 I A03d00/JSAPP: [Hypium][pass]assertContain ; consuming 9ms
04-09 17:51:19.134 18674 18674 I A03d00/JSAPP: OHOS_REPORT_STATUS: class=ActsAbilityTest
04-09 17:51:19.134 18674 18674 I A03d00/JSAPP: OHOS_REPORT_STATUS: current=1
04-09 17:51:19.134 18674 18674 I A03d00/JSAPP: OHOS_REPORT_STATUS: id=JS
04-09 17:51:19.134 18674 18674 I A03d00/JSAPP: OHOS_REPORT_STATUS: numtests=2
04-09 17:51:19.134 18674 18674 I A03d00/JSAPP: OHOS_REPORT_STATUS: stream=
04-09 17:51:19.134 18674 18674 I A03d00/JSAPP: OHOS_REPORT_STATUS: test=assertContain
04-09 17:51:19.134 18674 18674 I A03d00/JSAPP: OHOS_REPORT_STATUS_CODE: 0
04-09 17:51:19.134 18674 18674 I A03d00/JSAPP: OHOS_REPORT_STATUS: consuming=9
04-09 17:51:19.134 18674 18674 D A03d00/JSAPP: [Hypium]printSync called ...
04-09 17:51:19.135 18674 18674 I A03d00/JSAPP: [Hypium]assertContain specDone end print success
04-09 17:51:19.139  1132  1132 I A0001a/SystemUI_Default: StatusBarVM --> onTintStateChange, tintState: {"isEnable":true,"region":{"left":0,"top":0,"width":720,"height":72},"backgroundColor":"#00FFFFFF","contentColor":"#FF000000"}
04-09 17:51:19.139  1132  1132 I A0001a/SystemUI_Default: StatusBarVM --> setStatusBarEnable, isEnable true
04-09 17:51:19.139  1132  1132 I A0001a/SystemUI_Default: StatusBarVM --> changeBackground, backgroundColor: #00FFFFFF region: {"left":0,"top":0,"width":720,"height":72}
04-09 17:51:19.140  1132  1132 I A0001a/SystemUI_Default: StatusBarVM --> changeBackground, data: {"backgroundColor":"#00FFFFFF","width":720}
04-09 17:51:19.140  1132  1132 I A0001a/SystemUI_Default: StatusBarVM --> changeContent, contentColor: #FF000000 region: {"left":0,"top":0,"width":720,"height":72}
04-09 17:51:19.140  1132  1132 I A0001a/SystemUI_Default: StatusBarVM --> changeContent, data: {"contentColor":"#FF000000","width":720}
04-09 17:51:19.141  1132  1132 I A0001a/SystemUI_Default: StatusBarVM --> changeComponentContent, id battery area: {"left":511.70001220703125,"top":0,"width":98.80000305175781,"height":72}
04-09 17:51:19.141  1132  1132 I A0001a/SystemUI_Default: StatusBarVM --> setComponentContent, id battery contentColor: #FF000000
04-09 17:51:19.141  1132  1132 I A0001a/SystemUI_Default: StatusBarVM --> changeComponentContent, id air_plane area: {"left":511.70001220703125,"top":0,"width":0,"height":72}
04-09 17:51:19.141  1132  1132 I A0001a/SystemUI_Default: StatusBarVM --> setComponentContent, id air_plane contentColor: #FF000000
04-09 17:51:19.142  1132  1132 I A0001a/SystemUI_Default: StatusBarVM --> changeComponentContent, id nfc area: {"left":512.7000122070312,"top":0,"width":-1,"height":72}
04-09 17:51:19.142  1132  1132 I A0001a/SystemUI_Default: StatusBarVM --> setComponentContent, id nfc contentColor: #FF000000
04-09 17:51:19.142  1132  1132 I A0001a/SystemUI_Default: StatusBarVM --> changeComponentContent, id location area: {"left":512.7000122070312,"top":0,"width":0,"height":72}
04-09 17:51:19.142  1132  1132 I A0001a/SystemUI_Default: StatusBarVM --> setComponentContent, id location contentColor: #FF000000
04-09 17:51:19.143  1132  1132 I A0001a/SystemUI_Default: StatusBarVM --> changeComponentContent, id ring_mode area: {"left":512.7000122070312,"top":0,"width":0,"height":72}
04-09 17:51:19.143  1132  1132 I A0001a/SystemUI_Default: StatusBarVM --> setComponentContent, id ring_mode contentColor: #FF000000
04-09 17:51:19.144  1132  1132 I A0001a/SystemUI_Default: StatusBarVM --> changeComponentContent, id bluetooth area: {"left":512.7000122070312,"top":0,"width":0,"height":72}
04-09 17:51:19.144  1132  1132 I A0001a/SystemUI_Default: StatusBarVM --> setComponentContent, id bluetooth contentColor: #FF000000
04-09 17:51:19.144 18674 18674 I A03d00/JSAPP: [suite end] ActsAbilityTest consuming 9 ms
04-09 17:51:19.144  1132  1132 I A0001a/SystemUI_Default: StatusBarVM --> changeComponentContent, id capsule area: {"left":256.375,"top":0,"width":-1,"height":72}
04-09 17:51:19.144 18674 18674 I A03d00/JSAPP: OHOS_REPORT_STATUS: class=ActsAbilityTest
04-09 17:51:19.144 18674 18674 I A03d00/JSAPP: OHOS_REPORT_STATUS: suiteconsuming=9
04-09 17:51:19.144  1132  1132 I A0001a/SystemUI_Default: StatusBarVM --> setComponentContent, id capsule contentColor: #FF000000
04-09 17:51:19.144 18674 18674 D A03d00/JSAPP: [Hypium]printSync called ...
04-09 17:51:19.145  1132  1132 I A0001a/SystemUI_Default: StatusBarVM --> changeComponentContent, id wifi area: {"left":217.75,"top":0,"width":38.625,"height":72}
04-09 17:51:19.145  1132  1132 I A0001a/SystemUI_Default: StatusBarVM --> setComponentContent, id wifi contentColor: #FF000000
04-09 17:51:19.145 18674 18674 I A03d00/JSAPP: [Hypium]ActsAbilityTest suiteDone print success
04-09 17:51:19.145 18674 18674 I A03d00/JSAPP: [Hypium][suite start]homePageTest
04-09 17:51:19.145  1132  1132 I A0001a/SystemUI_Default: StatusBarVM --> changeComponentContent, id signal area: {"left":36,"top":0,"width":181.75,"height":72}
04-09 17:51:19.146  1132  1132 I A0001a/SystemUI_Default: StatusBarVM --> setComponentContent, id signal contentColor: #FF000000
04-09 17:51:19.146 18674 18674 I A03d00/JSAPP: OHOS_REPORT_SUM: 1
04-09 17:51:19.146 18674 18674 I A03d00/JSAPP: OHOS_REPORT_STATUS: class=homePageTest
04-09 17:51:19.146 18674 18674 D A03d00/JSAPP: [Hypium]printSync called ...
04-09 17:51:19.146  1132  1132 I A0001a/SystemUI_Default: StatusBarVM --> changeComponentContent, id clock area: {"left":610.5000152587891,"top":0,"width":73.5,"height":72}
04-09 17:51:19.146  1132  1132 I A0001a/SystemUI_Default: StatusBarVM --> setComponentContent, id clock contentColor: #FF000000
04-09 17:51:19.147 18674 18674 I A03d00/JSAPP: [Hypium]homePageTest suiteStart print success
04-09 17:51:19.147  1132  1132 I A0001a/SystemUI_Default: StatusBarVM --> changeComponentContent, id notification area: {"left":255.375,"top":0,"width":0,"height":72}
04-09 17:51:19.147 18674 18674 I A03d00/JSAPP: [scenario_myShops_home]homePageTest begin
04-09 17:51:19.147  1132  1132 I A0001a/SystemUI_Default: StatusBarVM --> setComponentContent, id notification contentColor: #FF000000
04-09 17:51:19.158  1132  1132 I A0001a/SystemUI_Default: WifiComponent-WifiIcon --> getImage
04-09 17:51:19.242 18674 18674 I A00000/testTag: Succeeded in loading the content. Data: 
04-09 17:51:19.258 18674 18674 E A03d00/JSAPP: [Hypium]    at AssertException (oh_modules/.ohpm/@ohos+hypium@1.0.11/oh_modules/@ohos/hypium/src/main/service.js:20:5)
04-09 17:51:19.258 18674 18674 E A03d00/JSAPP:     at anonymous (oh_modules/.ohpm/@ohos+hypium@1.0.11/oh_modules/@ohos/hypium/src/main/service.js:809:33)
04-09 17:51:19.258 18674 18674 E A03d00/JSAPP:     at anonymous (entry/src/ohosTest/ets/test/uiTestSuites/home.test.ets:22:17)
04-09 17:51:19.259 18674 18674 I A03d00/JSAPP: [Hypium]start running case 'function_myNews_publickArticle_001'
04-09 17:51:19.259 18674 18674 I A03d00/JSAPP: OHOS_REPORT_STATUS: class=homePageTest
04-09 17:51:19.259 18674 18674 I A03d00/JSAPP: OHOS_REPORT_STATUS: current=2
04-09 17:51:19.259 18674 18674 I A03d00/JSAPP: OHOS_REPORT_STATUS: id=JS
04-09 17:51:19.259 18674 18674 I A03d00/JSAPP: OHOS_REPORT_STATUS: numtests=2
04-09 17:51:19.259 18674 18674 I A03d00/JSAPP: OHOS_REPORT_STATUS: stream=
04-09 17:51:19.259 18674 18674 I A03d00/JSAPP: OHOS_REPORT_STATUS: test=function_myNews_publickArticle_001
04-09 17:51:19.259 18674 18674 I A03d00/JSAPP: OHOS_REPORT_STATUS_CODE: 1
04-09 17:51:19.259 18674 18674 D A03d00/JSAPP: [Hypium]printSync called ...
04-09 17:51:19.260 18674 18674 I A03d00/JSAPP: [Hypium]function_myNews_publickArticle_001 specStart start print success
04-09 17:51:19.260 18674 18674 I A03d00/JSAPP: [Hypium][fail]function_myNews_publickArticle_001 ; consuming 1ms
04-09 17:51:19.260 18674 18674 I A03d00/JSAPP: [Hypium][failDetail]fail , error in beforeAll function
04-09 17:51:19.261 18674 18674 I A03d00/JSAPP: OHOS_REPORT_STATUS: class=homePageTest
04-09 17:51:19.261 18674 18674 I A03d00/JSAPP: OHOS_REPORT_STATUS: current=2
04-09 17:51:19.261 18674 18674 I A03d00/JSAPP: OHOS_REPORT_STATUS: id=JS
04-09 17:51:19.261 18674 18674 I A03d00/JSAPP: OHOS_REPORT_STATUS: numtests=2
04-09 17:51:19.261 18674 18674 I A03d00/JSAPP: OHOS_REPORT_STATUS: stack=fail , error in beforeAll function
04-09 17:51:19.261 18674 18674 I A03d00/JSAPP: OHOS_REPORT_STATUS: stream=
04-09 17:51:19.261 18674 18674 I A03d00/JSAPP: Error in function_myNews_publickArticle_001
04-09 17:51:19.261 18674 18674 I A03d00/JSAPP: fail , error in beforeAll function
04-09 17:51:19.261 18674 18674 I A03d00/JSAPP: OHOS_REPORT_STATUS: test=function_myNews_publickArticle_001
04-09 17:51:19.261 18674 18674 I A03d00/JSAPP: OHOS_REPORT_STATUS_CODE: -2
04-09 17:51:19.261 18674 18674 I A03d00/JSAPP: OHOS_REPORT_STATUS: consuming=1
04-09 17:51:19.261 18674 18674 D A03d00/JSAPP: [Hypium]printSync called ...
04-09 17:51:19.261 18674 18674 I A03d00/JSAPP: [Hypium]function_myNews_publickArticle_001 specDone end print success
04-09 17:51:19.262 18674 18674 I A03d00/JSAPP: [suite end] homePageTest consuming 1 ms, fail , error in beforeAll function
04-09 17:51:19.262 18674 18674 I A03d00/JSAPP: OHOS_REPORT_STATUS: class=homePageTest
04-09 17:51:19.262 18674 18674 I A03d00/JSAPP: OHOS_REPORT_STATUS: suiteconsuming=1
04-09 17:51:19.262 18674 18674 I A03d00/JSAPP: OHOS_REPORT_STATUS: fail , error in beforeAll function
04-09 17:51:19.262 18674 18674 D A03d00/JSAPP: [Hypium]printSync called ...
04-09 17:51:19.262 18674 18674 I A03d00/JSAPP: [Hypium]homePageTest suiteDone print success
04-09 17:51:19.263 18674 18674 I A03d00/JSAPP: [Hypium]total cases:2;failure 1,error 0,pass 1; consuming 10ms
04-09 17:51:19.263 18674 18674 I A03d00/JSAPP: [Hypium][end] run suites end
04-09 17:51:19.264 18674 18674 I A03d00/JSAPP: OHOS_REPORT_RESULT: stream=Tests run: 2, Failure: 1, Error: 0, Pass: 1, Ignore: 0
04-09 17:51:19.264 18674 18674 I A03d00/JSAPP: OHOS_REPORT_CODE: -1
04-09 17:51:19.264 18674 18674 I A03d00/JSAPP: OHOS_REPORT_STATUS: taskconsuming=10
04-09 17:51:19.264 18674 18674 D A03d00/JSAPP: [Hypium]printSync called ...
04-09 17:51:19.264 18674 18674 I A03d00/JSAPP: [Hypium]report print success
04-09 17:51:19.353  1476  1476 I A0001b/Launcher_Default: LocalEventManager --> sendLocalEvent event: "launcher.event.REQUEST_FORM_ITEM_VISIBLE"
04-09 17:51:19.354  1476  1476 I A0001b/Launcher_Default: LauncherMainAbility --> lifeCycleEvent change: 2
04-09 17:51:19.375  1132  1132 I A0001a/SystemUI_Default: StatusBarVM --> onTintStateChange, tintState: {"isEnable":true,"region":{"left":0,"top":0,"width":720,"height":72},"backgroundColor":"#00FFFFFF","contentColor":"#E5FFFFFF"}
04-09 17:51:19.376  1132  1132 I A0001a/SystemUI_Default: StatusBarVM --> setStatusBarEnable, isEnable true
04-09 17:51:19.376  1132  1132 I A0001a/SystemUI_Default: StatusBarVM --> changeBackground, backgroundColor: #00FFFFFF region: {"left":0,"top":0,"width":720,"height":72}
04-09 17:51:19.383  1476  1476 I A0001b/Launcher_Default: SmartDockModel --> onMissionClosedCallback, missionId=44
04-09 17:51:19.383  1476  1476 I A0001b/Launcher_Default: AmsMissionManager --> clearMission Id:44
04-09 17:51:19.385  1132  1132 I A0001a/SystemUI_Default: StatusBarVM --> changeBackground, data: {"backgroundColor":"#00FFFFFF","width":720}
04-09 17:51:19.385  1132  1132 I A0001a/SystemUI_Default: StatusBarVM --> changeContent, contentColor: #E5FFFFFF region: {"left":0,"top":0,"width":720,"height":72}
04-09 17:51:19.385  1132  1132 I A0001a/SystemUI_Default: StatusBarVM --> changeContent, data: {"contentColor":"#E5FFFFFF","width":720}
04-09 17:51:19.385  1132  1132 I A0001a/SystemUI_Default: StatusBarVM --> changeComponentContent, id battery area: {"left":511.70001220703125,"top":0,"width":98.80000305175781,"height":72}
04-09 17:51:19.386  1132  1132 I A0001a/SystemUI_Default: StatusBarVM --> setComponentContent, id battery contentColor: #E5FFFFFF
04-09 17:51:19.387  1476  1476 I A0001b/Launcher_Default: SmartDockModel --> onMissionDestroyedCallback, missionId=44
04-09 17:51:19.391  1132  1132 I A0001a/SystemUI_Default: StatusBarVM --> changeComponentContent, id air_plane area: {"left":511.70001220703125,"top":0,"width":0,"height":72}
04-09 17:51:19.391  1132  1132 I A0001a/SystemUI_Default: StatusBarVM --> setComponentContent, id air_plane contentColor: #E5FFFFFF
04-09 17:51:19.391  1132  1132 I A0001a/SystemUI_Default: StatusBarVM --> changeComponentContent, id nfc area: {"left":512.7000122070312,"top":0,"width":-1,"height":72}
04-09 17:51:19.391  1132  1132 I A0001a/SystemUI_Default: StatusBarVM --> setComponentContent, id nfc contentColor: #E5FFFFFF
04-09 17:51:19.392  1132  1132 I A0001a/SystemUI_Default: StatusBarVM --> changeComponentContent, id location area: {"left":512.7000122070312,"top":0,"width":0,"height":72}
04-09 17:51:19.392  1132  1132 I A0001a/SystemUI_Default: StatusBarVM --> setComponentContent, id location contentColor: #E5FFFFFF
04-09 17:51:19.392  1132  1132 I A0001a/SystemUI_Default: StatusBarVM --> changeComponentContent, id ring_mode area: {"left":512.7000122070312,"top":0,"width":0,"height":72}
04-09 17:51:19.392  1132  1132 I A0001a/SystemUI_Default: StatusBarVM --> setComponentContent, id ring_mode contentColor: #E5FFFFFF
04-09 17:51:19.393  1132  1132 I A0001a/SystemUI_Default: StatusBarVM --> changeComponentContent, id bluetooth area: {"left":512.7000122070312,"top":0,"width":0,"height":72}
04-09 17:51:19.393  1132  1132 I A0001a/SystemUI_Default: StatusBarVM --> setComponentContent, id bluetooth contentColor: #E5FFFFFF
04-09 17:51:19.394  1132  1132 I A0001a/SystemUI_Default: StatusBarVM --> changeComponentContent, id capsule area: {"left":256.375,"top":0,"width":-1,"height":72}
04-09 17:51:19.394  1132  1132 I A0001a/SystemUI_Default: StatusBarVM --> setComponentContent, id capsule contentColor: #E5FFFFFF
04-09 17:51:19.395  1132  1132 I A0001a/SystemUI_Default: StatusBarVM --> changeComponentContent, id wifi area: {"left":217.75,"top":0,"width":38.625,"height":72}
04-09 17:51:19.395  1132  1132 I A0001a/SystemUI_Default: StatusBarVM --> setComponentContent, id wifi contentColor: #E5FFFFFF
04-09 17:51:19.396  1132  1132 I A0001a/SystemUI_Default: StatusBarVM --> changeComponentContent, id signal area: {"left":36,"top":0,"width":181.75,"height":72}
04-09 17:51:19.396  1132  1132 I A0001a/SystemUI_Default: StatusBarVM --> setComponentContent, id signal contentColor: #E5FFFFFF
04-09 17:51:19.397  1132  1132 I A0001a/SystemUI_Default: StatusBarVM --> changeComponentContent, id clock area: {"left":610.5000152587891,"top":0,"width":73.5,"height":72}
04-09 17:51:19.397  1132  1132 I A0001a/SystemUI_Default: StatusBarVM --> setComponentContent, id clock contentColor: #E5FFFFFF
04-09 17:51:19.398  1132  1132 I A0001a/SystemUI_Default: StatusBarVM --> changeComponentContent, id notification area: {"left":255.375,"top":0,"width":0,"height":72}
04-09 17:51:19.398  1132  1132 I A0001a/SystemUI_Default: StatusBarVM --> setComponentContent, id notification contentColor: #E5FFFFFF
04-09 17:51:19.414  1132  1132 I A0001a/SystemUI_Default: WifiComponent-WifiIcon --> getImage
04-09 17:52:00.017  1132  1132 I A0001a/SystemUI_Default: EventManager --> PUBLISH : event: {"target":"local","data":{"eventName":"Time_Change_Event","args":{"date":"2024-04-09T09:52:00.016Z","timeFormat":false}}}
04-09 17:52:00.022  1132  1132 I A0002a/ScreenLock_Default: CommonEvent_TimeManagerSc --> handle common event: usual.event.TIME_TICK
04-09 17:52:00.023  1132  1132 I A0002a/ScreenLock_Default: EventManagerSc --> publish localEvent type: Time_Change_Event
04-09 17:53:00.341  1132  1132 I A0001a/SystemUI_Default: EventManager --> PUBLISH : event: {"target":"local","data":{"eventName":"Time_Change_Event","args":{"date":"2024-04-09T09:53:00.340Z","timeFormat":false}}}
04-09 17:53:00.346  1132  1132 I A0002a/ScreenLock_Default: CommonEvent_TimeManagerSc --> handle common event: usual.event.TIME_TICK
04-09 17:53:00.346  1132  1132 I A0002a/ScreenLock_Default: EventManagerSc --> publish localEvent type: Time_Change_Event
04-09 17:54:00.014  1132  1132 I A0001a/SystemUI_Default: EventManager --> PUBLISH : event: {"target":"local","data":{"eventName":"Time_Change_Event","args":{"date":"2024-04-09T09:54:00.013Z","timeFormat":false}}}
04-09 17:54:00.030  1132  1132 I A0002a/ScreenLock_Default: CommonEvent_TimeManagerSc --> handle common event: usual.event.TIME_TICK
04-09 17:54:00.030  1132  1132 I A0002a/ScreenLock_Default: EventManagerSc --> publish localEvent type: Time_Change_Event
04-09 17:55:00.017  1132  1132 I A0001a/SystemUI_Default: EventManager --> PUBLISH : event: {"target":"local","data":{"eventName":"Time_Change_Event","args":{"date":"2024-04-09T09:55:00.017Z","timeFormat":false}}}
04-09 17:55:00.035  1132  1132 I A0002a/ScreenLock_Default: CommonEvent_TimeManagerSc --> handle common event: usual.event.TIME_TICK
04-09 17:55:00.036  1132  1132 I A0002a/ScreenLock_Default: EventManagerSc --> publish localEvent type: Time_Change_Event
04-09 17:56:00.019  1132  1132 I A0001a/SystemUI_Default: EventManager --> PUBLISH : event: {"target":"local","data":{"eventName":"Time_Change_Event","args":{"date":"2024-04-09T09:56:00.018Z","timeFormat":false}}}
04-09 17:56:00.032  1132  1132 I A0002a/ScreenLock_Default: CommonEvent_TimeManagerSc --> handle common event: usual.event.TIME_TICK
04-09 17:56:00.033  1132  1132 I A0002a/ScreenLock_Default: EventManagerSc --> publish localEvent type: Time_Change_Event
04-09 17:56:49.910  1476  1476 I A0001b/Launcher_Default: LauncherAbilityManager --> update bundleName: ohos.samples.myShopping userId: 100
04-09 17:56:49.912  1476  1476 I A0001b/Launcher_Default: AppModel --> installationSubscriberCallBack event: usual.event.PACKAGE_CHANGED
04-09 17:56:49.913  1132  1582 I A0001a/SystemUI_Default: SourceLoader-BundleParseUtil --> bundle change, err: {"code":0} data: {"event":"usual.event.PACKAGE_CHANGED","bundleName":"ohos.samples.myShopping","code":0,"data":"","parameters":{"abilityName":"EntryAbility","accessTokenId":0,"isAgingUninstall":false,"moduleName":"entry_test","uid":20010044,"userId":100}}
04-09 17:56:49.914  1132  1582 I A0001a/SystemUI_Default: SourceLoader-BundleParseUtil --> queryAbilityWithBundleName, action: com.ohos.systemui.action.BAR_ICON bundleName: ohos.samples.myShopping
04-09 17:56:49.925  1132  1582 E A0001a/SystemUI_Default: SourceLoader-BundleParseUtil --> queryAbilityWithBundleName, queryAbilityByWant error: {"code":17700003}
04-09 17:56:49.930  1476  1476 E A0001b/Launcher_Default: FormModel --> getFormsInfoByBundleName err: {"code":16500100}
04-09 17:56:49.938  1132  1582 E A0001a/SystemUI_Default: SourceLoader-BundleParseUtil --> queryAbilityWithBundleName, queryExtensionAbilityInfo error: {"code":17700003}
04-09 17:56:49.938  1132  1582 I A0001a/SystemUI_Default: PluginDataSourceManager --> abilityInfos: []
04-09 17:56:49.985  1476  1476 I A0001b/Launcher_Default: AppModel --> installationSubscriber, PACKAGE_CHANGED, bundleName is ohos.samples.myShopping
04-09 17:56:49.986  1476  1476 I A0001b/Launcher_Default: LocalEventManager --> sendLocalEvent event: "launcher.event.EVENT_REQUEST_RECOMMEND_FORM_UPDATE"
04-09 17:56:49.986  1476  1476 I A0001b/Launcher_Default: LocalEventManager --> sendLocalEvent, send local event with no receiver
04-09 17:56:49.988  1476  1476 E A0001b/Launcher_Default: AppModel --> installationSubscriberCallBack unKnow bundleType:undefined
04-09 17:56:49.988  1476  1476 I A0001b/Launcher_Default: PageDesktopViewModel --> getAppList start
04-09 17:56:49.988  1476  1476 I A0001b/Launcher_Default: AppModel --> getAppList start
04-09 17:56:49.989  1476  1476 I A0001b/Launcher_Default: AppModel --> getAppList bundleInfoList length: 14
04-09 17:56:50.015  1476  1476 I A0001b/Launcher_Default: PageDesktopLayoutConfig -->  srj updateGridLayoutInfo...
04-09 17:56:50.017  1476  1476 I A0001b/Launcher_Default: PageDesktopViewModel --> pagingFiltering appListInfo length:10
04-09 17:56:50.115  1476  1476 I A0001b/Launcher_Default: PageDesktopLayoutConfig --> srj updateGridLayoutInfo success.
04-09 17:56:52.692  1476  1476 I A0001b/Launcher_Default: LauncherAbilityManager --> update bundleName: ohos.samples.myShopping userId: 100
04-09 17:56:52.693  1476  1476 I A0001b/Launcher_Default: AppModel --> installationSubscriberCallBack event: usual.event.PACKAGE_CHANGED
04-09 17:56:52.694  1132  1582 I A0001a/SystemUI_Default: SourceLoader-BundleParseUtil --> bundle change, err: {"code":0} data: {"event":"usual.event.PACKAGE_CHANGED","bundleName":"ohos.samples.myShopping","code":0,"data":"","parameters":{"abilityName":"EntryAbility","accessTokenId":0,"isAgingUninstall":false,"moduleName":"entry","uid":20010044,"userId":100}}
04-09 17:56:52.695  1132  1582 I A0001a/SystemUI_Default: SourceLoader-BundleParseUtil --> queryAbilityWithBundleName, action: com.ohos.systemui.action.BAR_ICON bundleName: ohos.samples.myShopping
04-09 17:56:52.705  1476  1476 E A0001b/Launcher_Default: FormModel --> getFormsInfoByBundleName err: {"code":16500100}
04-09 17:56:52.705  1132  1582 E A0001a/SystemUI_Default: SourceLoader-BundleParseUtil --> queryAbilityWithBundleName, queryAbilityByWant error: {"code":17700003}
04-09 17:56:52.718  1132  1582 E A0001a/SystemUI_Default: SourceLoader-BundleParseUtil --> queryAbilityWithBundleName, queryExtensionAbilityInfo error: {"code":17700003}
04-09 17:56:52.718  1132  1582 I A0001a/SystemUI_Default: PluginDataSourceManager --> abilityInfos: []
04-09 17:56:52.765  1476  1476 I A0001b/Launcher_Default: AppModel --> installationSubscriber, PACKAGE_CHANGED, bundleName is ohos.samples.myShopping
04-09 17:56:52.766  1476  1476 I A0001b/Launcher_Default: LocalEventManager --> sendLocalEvent event: "launcher.event.EVENT_REQUEST_RECOMMEND_FORM_UPDATE"
04-09 17:56:52.766  1476  1476 I A0001b/Launcher_Default: LocalEventManager --> sendLocalEvent, send local event with no receiver
04-09 17:56:52.766  1476  1476 E A0001b/Launcher_Default: AppModel --> installationSubscriberCallBack unKnow bundleType:undefined
04-09 17:56:52.766  1476  1476 I A0001b/Launcher_Default: PageDesktopViewModel --> getAppList start
04-09 17:56:52.766  1476  1476 I A0001b/Launcher_Default: AppModel --> getAppList start
04-09 17:56:52.766  1476  1476 I A0001b/Launcher_Default: AppModel --> getAppList bundleInfoList length: 14
04-09 17:56:52.779  1476  1476 I A0001b/Launcher_Default: PageDesktopLayoutConfig -->  srj updateGridLayoutInfo...
04-09 17:56:52.780  1476  1476 I A0001b/Launcher_Default: PageDesktopViewModel --> pagingFiltering appListInfo length:10
04-09 17:56:52.885  1476  1476 I A0001b/Launcher_Default: PageDesktopLayoutConfig --> srj updateGridLayoutInfo success.
04-09 17:56:53.343 18844 18844 I A00000/testTag: OpenHarmonyTestRunner OnPrepare 
04-09 17:56:53.351 18844 18844 I A00000/testTag: OpenHarmonyTestRunner onRun run
04-09 17:56:53.356 18844 18844 I A00000/testTag: OpenHarmonyTestRunner onRun end
04-09 17:56:53.357 18844 18844 I A00000/testTag: addAbilityMonitorCallback : null
04-09 17:56:53.383 18844 18844 I A00000/testTag: startAbility : err : null
04-09 17:56:53.383 18844 18844 I A00000/testTag: startAbility : data : 
04-09 17:56:53.450 18844 18844 W A03d00/JSAPP: UiTestKit_exporter: systemParameter "persist.ace.testmode.enabled" is not set!
04-09 17:56:53.458 18844 18844 I A03d00/JSAPP: UiTestKit_exporter: ScheduleProbeAndEstablishConnection, token=ohos.samples.myShopping@18844@20010044@1
04-09 17:56:53.459 18844 18844 I A03d00/JSAPP: UiTestKit_exporter: Begin executing shell command to start server-daemon
04-09 17:56:54.462 18844 18844 I A03d00/JSAPP: Callee constructor is OK string
04-09 17:56:54.463 18844 18844 I A03d00/JSAPP: Ability::constructor callee is object [object Object]
04-09 17:56:54.484 18844 18844 I A03d00/JSAPP: UiTestKit_exporter: Start server-daemon finished: {"stdResult":"","exitCode":0}
04-09 17:56:54.500 18844 18844 I A00000/testTag: TestAbility onCreate
04-09 17:56:54.500 18844 18844 I A00000/testTag: want param:{"deviceId":"","bundleName":"ohos.samples.myShopping","abilityName":"TestAbility","moduleName":"entry_test","uri":"","type":"","flags":0,"action":"","parameters":{"component.startup.newRules":true,"isDelegatorCall":true,"moduleName":"entry_test","ohos.aafwk.param.callerAbilityName":"","ohos.aafwk.param.callerBundleName":"","ohos.aafwk.param.callerPid":18844,"ohos.aafwk.param.callerToken":537374260,"ohos.aafwk.param.callerUid":20010044,"ohos.ability.launch.reason":1,"ohos.anco.param.missionId":45,"ohos.dlp.params.sandbox":false},"entities":[]}
04-09 17:56:54.500 18844 18844 I A00000/testTag: launchParam:{"launchReason":1,"lastExitReason":8}
04-09 17:56:54.501 18844 18844 I A00000/testTag: start run testcase!!!
04-09 17:56:54.507 18844 18844 I A03d00/JSAPP: [Hypium]parameters:{"timeout":"15000"}
04-09 17:56:54.508 18844 18844 I A03d00/JSAPP: [Hypium]filter params:0
04-09 17:56:54.514 18844 18844 I A03d00/JSAPP: [Hypium]stress length : 1
04-09 17:56:54.517 18844 18844 I A03d00/JSAPP: [Hypium]stress length : 1
04-09 17:56:54.518 18844 18844 I A00000/testTag: onAbilityCreateCallback
04-09 17:56:54.540 18844 18844 I A00000/testTag: TestAbility onWindowStageCreate
04-09 17:56:54.553  1132  1132 I A0001a/SystemUI_Default: StatusBarVM --> onTintStateChange, tintState: {"isEnable":true,"region":{"left":0,"top":0,"width":720,"height":72},"backgroundColor":"#00FFFFFF","contentColor":"#FF000000"}
04-09 17:56:54.553  1132  1132 I A0001a/SystemUI_Default: StatusBarVM --> setStatusBarEnable, isEnable true
04-09 17:56:54.553  1132  1132 I A0001a/SystemUI_Default: StatusBarVM --> changeBackground, backgroundColor: #00FFFFFF region: {"left":0,"top":0,"width":720,"height":72}
04-09 17:56:54.555  1132  1132 I A0001a/SystemUI_Default: StatusBarVM --> changeBackground, data: {"backgroundColor":"#00FFFFFF","width":720}
04-09 17:56:54.555  1132  1132 I A0001a/SystemUI_Default: StatusBarVM --> changeContent, contentColor: #FF000000 region: {"left":0,"top":0,"width":720,"height":72}
04-09 17:56:54.555  1132  1132 I A0001a/SystemUI_Default: StatusBarVM --> changeContent, data: {"contentColor":"#FF000000","width":720}
04-09 17:56:54.556  1132  1132 I A0001a/SystemUI_Default: StatusBarVM --> changeComponentContent, id battery area: {"left":511.70001220703125,"top":0,"width":98.80000305175781,"height":72}
04-09 17:56:54.556  1132  1132 I A0001a/SystemUI_Default: StatusBarVM --> setComponentContent, id battery contentColor: #FF000000
04-09 17:56:54.557  1132  1132 I A0001a/SystemUI_Default: StatusBarVM --> changeComponentContent, id air_plane area: {"left":511.70001220703125,"top":0,"width":0,"height":72}
04-09 17:56:54.557  1132  1132 I A0001a/SystemUI_Default: StatusBarVM --> setComponentContent, id air_plane contentColor: #FF000000
04-09 17:56:54.562  1132  1132 I A0001a/SystemUI_Default: StatusBarVM --> changeComponentContent, id nfc area: {"left":512.7000122070312,"top":0,"width":-1,"height":72}
04-09 17:56:54.563  1132  1132 I A0001a/SystemUI_Default: StatusBarVM --> setComponentContent, id nfc contentColor: #FF000000
04-09 17:56:54.565  1132  1132 I A0001a/SystemUI_Default: StatusBarVM --> changeComponentContent, id location area: {"left":512.7000122070312,"top":0,"width":0,"height":72}
04-09 17:56:54.566  1132  1132 I A0001a/SystemUI_Default: StatusBarVM --> setComponentContent, id location contentColor: #FF000000
04-09 17:56:54.567  1132  1132 I A0001a/SystemUI_Default: StatusBarVM --> changeComponentContent, id ring_mode area: {"left":512.7000122070312,"top":0,"width":0,"height":72}
04-09 17:56:54.567  1132  1132 I A0001a/SystemUI_Default: StatusBarVM --> setComponentContent, id ring_mode contentColor: #FF000000
04-09 17:56:54.567  1132  1132 I A0001a/SystemUI_Default: StatusBarVM --> changeComponentContent, id bluetooth area: {"left":512.7000122070312,"top":0,"width":0,"height":72}
04-09 17:56:54.568  1132  1132 I A0001a/SystemUI_Default: StatusBarVM --> setComponentContent, id bluetooth contentColor: #FF000000
04-09 17:56:54.568  1132  1132 I A0001a/SystemUI_Default: StatusBarVM --> changeComponentContent, id capsule area: {"left":256.375,"top":0,"width":-1,"height":72}
04-09 17:56:54.568  1132  1132 I A0001a/SystemUI_Default: StatusBarVM --> setComponentContent, id capsule contentColor: #FF000000
04-09 17:56:54.569  1132  1132 I A0001a/SystemUI_Default: StatusBarVM --> changeComponentContent, id wifi area: {"left":217.75,"top":0,"width":38.625,"height":72}
04-09 17:56:54.569  1132  1132 I A0001a/SystemUI_Default: StatusBarVM --> setComponentContent, id wifi contentColor: #FF000000
04-09 17:56:54.570  1132  1132 I A0001a/SystemUI_Default: StatusBarVM --> changeComponentContent, id signal area: {"left":36,"top":0,"width":181.75,"height":72}
04-09 17:56:54.570  1132  1132 I A0001a/SystemUI_Default: StatusBarVM --> setComponentContent, id signal contentColor: #FF000000
04-09 17:56:54.573 18844 18844 I A00000/testTag: TestAbility onForeground
04-09 17:56:54.576 18844 18844 I A03d00/JSAPP: [Hypium][start] start run suites
04-09 17:56:54.576 18844 18844 I A03d00/JSAPP: [Hypium][suite start]ActsAbilityTest
04-09 17:56:54.577 18844 18844 I A03d00/JSAPP: OHOS_REPORT_SUM: 1
04-09 17:56:54.577 18844 18844 I A03d00/JSAPP: OHOS_REPORT_STATUS: class=ActsAbilityTest
04-09 17:56:54.577 18844 18844 D A03d00/JSAPP: [Hypium]printSync called ...
04-09 17:56:54.577 18844 18844 I A03d00/JSAPP: [Hypium]ActsAbilityTest suiteStart print success
04-09 17:56:54.578 18844 18844 I A03d00/JSAPP: [Hypium]start running case 'assertContain'
04-09 17:56:54.579 18844 18844 I A03d00/JSAPP: OHOS_REPORT_STATUS: class=ActsAbilityTest
04-09 17:56:54.579 18844 18844 I A03d00/JSAPP: OHOS_REPORT_STATUS: current=1
04-09 17:56:54.579 18844 18844 I A03d00/JSAPP: OHOS_REPORT_STATUS: id=JS
04-09 17:56:54.579 18844 18844 I A03d00/JSAPP: OHOS_REPORT_STATUS: numtests=2
04-09 17:56:54.579 18844 18844 I A03d00/JSAPP: OHOS_REPORT_STATUS: stream=
04-09 17:56:54.579 18844 18844 I A03d00/JSAPP: OHOS_REPORT_STATUS: test=assertContain
04-09 17:56:54.579 18844 18844 I A03d00/JSAPP: OHOS_REPORT_STATUS_CODE: 1
04-09 17:56:54.579 18844 18844 D A03d00/JSAPP: [Hypium]printSync called ...
04-09 17:56:54.580 18844 18844 I A03d00/JSAPP: [Hypium]assertContain specStart start print success
04-09 17:56:54.580 18844 18844 I A00000/testTag: it begin
04-09 17:56:54.586 18844 18844 I A03d00/JSAPP: [Hypium][pass]assertContain ; consuming 8ms
04-09 17:56:54.586 18844 18844 I A03d00/JSAPP: OHOS_REPORT_STATUS: class=ActsAbilityTest
04-09 17:56:54.586 18844 18844 I A03d00/JSAPP: OHOS_REPORT_STATUS: current=1
04-09 17:56:54.586 18844 18844 I A03d00/JSAPP: OHOS_REPORT_STATUS: id=JS
04-09 17:56:54.586 18844 18844 I A03d00/JSAPP: OHOS_REPORT_STATUS: numtests=2
04-09 17:56:54.586 18844 18844 I A03d00/JSAPP: OHOS_REPORT_STATUS: stream=
04-09 17:56:54.586 18844 18844 I A03d00/JSAPP: OHOS_REPORT_STATUS: test=assertContain
04-09 17:56:54.586 18844 18844 I A03d00/JSAPP: OHOS_REPORT_STATUS_CODE: 0
04-09 17:56:54.586 18844 18844 I A03d00/JSAPP: OHOS_REPORT_STATUS: consuming=8
04-09 17:56:54.586 18844 18844 D A03d00/JSAPP: [Hypium]printSync called ...
04-09 17:56:54.587 18844 18844 I A03d00/JSAPP: [Hypium]assertContain specDone end print success
04-09 17:56:54.588 18844 18844 I A03d00/JSAPP: [suite end] ActsAbilityTest consuming 8 ms
04-09 17:56:54.588 18844 18844 I A03d00/JSAPP: OHOS_REPORT_STATUS: class=ActsAbilityTest
04-09 17:56:54.588 18844 18844 I A03d00/JSAPP: OHOS_REPORT_STATUS: suiteconsuming=8
04-09 17:56:54.588 18844 18844 D A03d00/JSAPP: [Hypium]printSync called ...
04-09 17:56:54.588 18844 18844 I A03d00/JSAPP: [Hypium]ActsAbilityTest suiteDone print success
04-09 17:56:54.589 18844 18844 I A03d00/JSAPP: [Hypium][suite start]homePageTest
04-09 17:56:54.589 18844 18844 I A03d00/JSAPP: OHOS_REPORT_SUM: 1
04-09 17:56:54.589 18844 18844 I A03d00/JSAPP: OHOS_REPORT_STATUS: class=homePageTest
04-09 17:56:54.589 18844 18844 D A03d00/JSAPP: [Hypium]printSync called ...
04-09 17:56:54.589 18844 18844 I A03d00/JSAPP: [Hypium]homePageTest suiteStart print success
04-09 17:56:54.590 18844 18844 I A03d00/JSAPP: [scenario_myShops_home]homePageTest begin
04-09 17:56:54.571  1132  1132 I A0001a/SystemUI_Default: StatusBarVM --> changeComponentContent, id clock area: {"left":610.5000152587891,"top":0,"width":73.5,"height":72}
04-09 17:56:54.601  1132  1132 I A0001a/SystemUI_Default: StatusBarVM --> setComponentContent, id clock contentColor: #FF000000
04-09 17:56:54.602  1132  1132 I A0001a/SystemUI_Default: StatusBarVM --> changeComponentContent, id notification area: {"left":255.375,"top":0,"width":0,"height":72}
04-09 17:56:54.602  1132  1132 I A0001a/SystemUI_Default: StatusBarVM --> setComponentContent, id notification contentColor: #FF000000
04-09 17:56:54.627  1132  1132 I A0001a/SystemUI_Default: WifiComponent-WifiIcon --> getImage
04-09 17:56:54.710 18844 18844 I A00000/testTag: Succeeded in loading the content. Data: 
04-09 17:56:54.726 18844 18844 E A03d00/JSAPP: [Hypium]    at AssertException (oh_modules/.ohpm/@ohos+hypium@1.0.11/oh_modules/@ohos/hypium/src/main/service.js:20:5)
04-09 17:56:54.726 18844 18844 E A03d00/JSAPP:     at anonymous (oh_modules/.ohpm/@ohos+hypium@1.0.11/oh_modules/@ohos/hypium/src/main/service.js:809:33)
04-09 17:56:54.726 18844 18844 E A03d00/JSAPP:     at anonymous (entry/src/ohosTest/ets/test/uiTestSuites/home.test.ets:22:17)
04-09 17:56:54.727 18844 18844 I A03d00/JSAPP: [Hypium]start running case 'function_myNews_publickArticle_001'
04-09 17:56:54.727 18844 18844 I A03d00/JSAPP: OHOS_REPORT_STATUS: class=homePageTest
04-09 17:56:54.727 18844 18844 I A03d00/JSAPP: OHOS_REPORT_STATUS: current=2
04-09 17:56:54.727 18844 18844 I A03d00/JSAPP: OHOS_REPORT_STATUS: id=JS
04-09 17:56:54.727 18844 18844 I A03d00/JSAPP: OHOS_REPORT_STATUS: numtests=2
04-09 17:56:54.727 18844 18844 I A03d00/JSAPP: OHOS_REPORT_STATUS: stream=
04-09 17:56:54.727 18844 18844 I A03d00/JSAPP: OHOS_REPORT_STATUS: test=function_myNews_publickArticle_001
04-09 17:56:54.727 18844 18844 I A03d00/JSAPP: OHOS_REPORT_STATUS_CODE: 1
04-09 17:56:54.727 18844 18844 D A03d00/JSAPP: [Hypium]printSync called ...
04-09 17:56:54.728 18844 18844 I A03d00/JSAPP: [Hypium]function_myNews_publickArticle_001 specStart start print success
04-09 17:56:54.729 18844 18844 I A03d00/JSAPP: [Hypium][fail]function_myNews_publickArticle_001 ; consuming 1ms
04-09 17:56:54.729 18844 18844 I A03d00/JSAPP: [Hypium][failDetail]fail , error in beforeAll function
04-09 17:56:54.729 18844 18844 I A03d00/JSAPP: OHOS_REPORT_STATUS: class=homePageTest
04-09 17:56:54.729 18844 18844 I A03d00/JSAPP: OHOS_REPORT_STATUS: current=2
04-09 17:56:54.729 18844 18844 I A03d00/JSAPP: OHOS_REPORT_STATUS: id=JS
04-09 17:56:54.729 18844 18844 I A03d00/JSAPP: OHOS_REPORT_STATUS: numtests=2
04-09 17:56:54.729 18844 18844 I A03d00/JSAPP: OHOS_REPORT_STATUS: stack=fail , error in beforeAll function
04-09 17:56:54.729 18844 18844 I A03d00/JSAPP: OHOS_REPORT_STATUS: stream=
04-09 17:56:54.729 18844 18844 I A03d00/JSAPP: Error in function_myNews_publickArticle_001
04-09 17:56:54.729 18844 18844 I A03d00/JSAPP: fail , error in beforeAll function
04-09 17:56:54.729 18844 18844 I A03d00/JSAPP: OHOS_REPORT_STATUS: test=function_myNews_publickArticle_001
04-09 17:56:54.729 18844 18844 I A03d00/JSAPP: OHOS_REPORT_STATUS_CODE: -2
04-09 17:56:54.729 18844 18844 I A03d00/JSAPP: OHOS_REPORT_STATUS: consuming=1
04-09 17:56:54.729 18844 18844 D A03d00/JSAPP: [Hypium]printSync called ...
04-09 17:56:54.730 18844 18844 I A03d00/JSAPP: [Hypium]function_myNews_publickArticle_001 specDone end print success
04-09 17:56:54.731 18844 18844 I A03d00/JSAPP: [suite end] homePageTest consuming 1 ms, fail , error in beforeAll function
04-09 17:56:54.731 18844 18844 I A03d00/JSAPP: OHOS_REPORT_STATUS: class=homePageTest
04-09 17:56:54.731 18844 18844 I A03d00/JSAPP: OHOS_REPORT_STATUS: suiteconsuming=1
04-09 17:56:54.731 18844 18844 I A03d00/JSAPP: OHOS_REPORT_STATUS: fail , error in beforeAll function
04-09 17:56:54.731 18844 18844 D A03d00/JSAPP: [Hypium]printSync called ...
