04-09 17:46:51.459  1132  1132 I A0001a/SystemUI_Default: StatusBarVM --> setComponentContent, id signal contentColor: #FF000000
04-09 17:46:51.459 17934 17934 I A03d00/JSAPP: [suite end] homePageTest consuming 2 ms, fail , error in beforeAll function
04-09 17:46:51.459 17934 17934 I A03d00/JSAPP: OHOS_REPORT_STATUS: class=homePageTest
04-09 17:46:51.459 17934 17934 I A03d00/JSAPP: OHOS_REPORT_STATUS: suiteconsuming=2
04-09 17:46:51.459 17934 17934 I A03d00/JSAPP: OHOS_REPORT_STATUS: fail , error in beforeAll function
04-09 17:46:51.459 17934 17934 D A03d00/JSAPP: [Hypium]printSync called ...
04-09 17:46:51.460 17934 17934 I A03d00/JSAPP: [Hypium]homePageTest suiteDone print success
04-09 17:46:51.460  1132  1132 I A0001a/SystemUI_Default: StatusBarVM --> changeComponentContent, id clock area: {"left":610.5000152587891,"top":0,"width":73.5,"height":72}
04-09 17:46:51.460  1132  1132 I A0001a/SystemUI_Default: StatusBarVM --> setComponentContent, id clock contentColor: #FF000000
04-09 17:46:51.460 17934 17934 I A03d00/JSAPP: [Hypium]total cases:2;failure 1,error 0,pass 1; consuming 10ms
04-09 17:46:51.460 17934 17934 I A03d00/JSAPP: [Hypium][end] run suites end
04-09 17:46:51.460  1132  1132 I A0001a/SystemUI_Default: StatusBarVM --> changeComponentContent, id notification area: {"left":255.375,"top":0,"width":0,"height":72}
04-09 17:46:51.461  1132  1132 I A0001a/SystemUI_Default: StatusBarVM --> setComponentContent, id notification contentColor: #FF000000
04-09 17:46:51.461 17934 17934 I A03d00/JSAPP: OHOS_REPORT_RESULT: stream=Tests run: 2, Failure: 1, Error: 0, Pass: 1, Ignore: 0
04-09 17:46:51.461 17934 17934 I A03d00/JSAPP: OHOS_REPORT_CODE: -1
04-09 17:46:51.461 17934 17934 I A03d00/JSAPP: OHOS_REPORT_STATUS: taskconsuming=10
04-09 17:46:51.461 17934 17934 D A03d00/JSAPP: [Hypium]printSync called ...
04-09 17:46:51.461 17934 17934 I A03d00/JSAPP: [Hypium]report print success
04-09 17:46:51.470  1132  1132 I A0001a/SystemUI_Default: WifiComponent-WifiIcon --> getImage
04-09 17:46:51.539 17934 17934 I A00000/testTag: Succeeded in loading the content. Data: 
04-09 17:46:51.628  1132  1132 I A0001a/SystemUI_Default: StatusBarVM --> onTintStateChange, tintState: {"isEnable":true,"region":{"left":0,"top":0,"width":720,"height":72},"backgroundColor":"#00FFFFFF","contentColor":"#E5FFFFFF"}
04-09 17:46:51.628  1132  1132 I A0001a/SystemUI_Default: StatusBarVM --> setStatusBarEnable, isEnable true
04-09 17:46:51.628  1132  1132 I A0001a/SystemUI_Default: StatusBarVM --> changeBackground, backgroundColor: #00FFFFFF region: {"left":0,"top":0,"width":720,"height":72}
04-09 17:46:51.629  1132  1132 I A0001a/SystemUI_Default: StatusBarVM --> changeBackground, data: {"backgroundColor":"#00FFFFFF","width":720}
04-09 17:46:51.629  1132  1132 I A0001a/SystemUI_Default: StatusBarVM --> changeContent, contentColor: #E5FFFFFF region: {"left":0,"top":0,"width":720,"height":72}
04-09 17:46:51.630  1132  1132 I A0001a/SystemUI_Default: StatusBarVM --> changeContent, data: {"contentColor":"#E5FFFFFF","width":720}
04-09 17:46:51.630  1132  1132 I A0001a/SystemUI_Default: StatusBarVM --> changeComponentContent, id battery area: {"left":511.70001220703125,"top":0,"width":98.80000305175781,"height":72}
04-09 17:46:51.630  1132  1132 I A0001a/SystemUI_Default: StatusBarVM --> setComponentContent, id battery contentColor: #E5FFFFFF
04-09 17:46:51.631  1132  1132 I A0001a/SystemUI_Default: StatusBarVM --> changeComponentContent, id air_plane area: {"left":511.70001220703125,"top":0,"width":0,"height":72}
04-09 17:46:51.631  1132  1132 I A0001a/SystemUI_Default: StatusBarVM --> setComponentContent, id air_plane contentColor: #E5FFFFFF
04-09 17:46:51.631  1132  1132 I A0001a/SystemUI_Default: StatusBarVM --> changeComponentContent, id nfc area: {"left":512.7000122070312,"top":0,"width":-1,"height":72}
04-09 17:46:51.631  1132  1132 I A0001a/SystemUI_Default: StatusBarVM --> setComponentContent, id nfc contentColor: #E5FFFFFF
04-09 17:46:51.631  1132  1132 I A0001a/SystemUI_Default: StatusBarVM --> changeComponentContent, id location area: {"left":512.7000122070312,"top":0,"width":0,"height":72}
04-09 17:46:51.631  1132  1132 I A0001a/SystemUI_Default: StatusBarVM --> setComponentContent, id location contentColor: #E5FFFFFF
04-09 17:46:51.632  1132  1132 I A0001a/SystemUI_Default: StatusBarVM --> changeComponentContent, id ring_mode area: {"left":512.7000122070312,"top":0,"width":0,"height":72}
04-09 17:46:51.632  1132  1132 I A0001a/SystemUI_Default: StatusBarVM --> setComponentContent, id ring_mode contentColor: #E5FFFFFF
04-09 17:46:51.632  1132  1132 I A0001a/SystemUI_Default: StatusBarVM --> changeComponentContent, id bluetooth area: {"left":512.7000122070312,"top":0,"width":0,"height":72}
04-09 17:46:51.632  1132  1132 I A0001a/SystemUI_Default: StatusBarVM --> setComponentContent, id bluetooth contentColor: #E5FFFFFF
04-09 17:46:51.633  1132  1132 I A0001a/SystemUI_Default: StatusBarVM --> changeComponentContent, id capsule area: {"left":256.375,"top":0,"width":-1,"height":72}
04-09 17:46:51.633  1132  1132 I A0001a/SystemUI_Default: StatusBarVM --> setComponentContent, id capsule contentColor: #E5FFFFFF
04-09 17:46:51.633  1132  1132 I A0001a/SystemUI_Default: StatusBarVM --> changeComponentContent, id wifi area: {"left":217.75,"top":0,"width":38.625,"height":72}
04-09 17:46:51.633  1476  1476 I A0001b/Launcher_Default: LocalEventManager --> sendLocalEvent event: "launcher.event.REQUEST_FORM_ITEM_VISIBLE"
04-09 17:46:51.633  1132  1132 I A0001a/SystemUI_Default: StatusBarVM --> setComponentContent, id wifi contentColor: #E5FFFFFF
04-09 17:46:51.634  1476  1476 I A0001b/Launcher_Default: LauncherMainAbility --> lifeCycleEvent change: 2
04-09 17:46:51.634  1476  1476 I A0001b/Launcher_Default: SmartDockModel --> onMissionClosedCallback, missionId=37
04-09 17:46:51.634  1132  1132 I A0001a/SystemUI_Default: StatusBarVM --> changeComponentContent, id signal area: {"left":36,"top":0,"width":181.75,"height":72}
04-09 17:46:51.634  1476  1476 I A0001b/Launcher_Default: AmsMissionManager --> clearMission Id:37
04-09 17:46:51.634  1132  1132 I A0001a/SystemUI_Default: StatusBarVM --> setComponentContent, id signal contentColor: #E5FFFFFF
04-09 17:46:51.635  1132  1132 I A0001a/SystemUI_Default: StatusBarVM --> changeComponentContent, id clock area: {"left":610.5000152587891,"top":0,"width":73.5,"height":72}
04-09 17:46:51.635  1132  1132 I A0001a/SystemUI_Default: StatusBarVM --> setComponentContent, id clock contentColor: #E5FFFFFF
04-09 17:46:51.636  1132  1132 I A0001a/SystemUI_Default: StatusBarVM --> changeComponentContent, id notification area: {"left":255.375,"top":0,"width":0,"height":72}
04-09 17:46:51.636  1132  1132 I A0001a/SystemUI_Default: StatusBarVM --> setComponentContent, id notification contentColor: #E5FFFFFF
04-09 17:46:51.641  1476  1476 I A0001b/Launcher_Default: SmartDockModel --> onMissionDestroyedCallback, missionId=37
04-09 17:46:51.651  1132  1132 I A0001a/SystemUI_Default: WifiComponent-WifiIcon --> getImage
04-09 17:47:00.014  1132  1132 I A0001a/SystemUI_Default: EventManager --> PUBLISH : event: {"target":"local","data":{"eventName":"Time_Change_Event","args":{"date":"2024-04-09T09:47:00.013Z","timeFormat":false}}}
04-09 17:47:00.018  1132  1132 I A0002a/ScreenLock_Default: CommonEvent_TimeManagerSc --> handle common event: usual.event.TIME_TICK
04-09 17:47:00.018  1132  1132 I A0002a/ScreenLock_Default: EventManagerSc --> publish localEvent type: Time_Change_Event
04-09 17:47:39.120  1476  1476 I A0001b/Launcher_Default: LauncherAbilityManager --> update bundleName: ohos.samples.myShopping userId: 100
04-09 17:47:39.120  1476  1476 I A0001b/Launcher_Default: AppModel --> installationSubscriberCallBack event: usual.event.PACKAGE_CHANGED
04-09 17:47:39.121  1132  1582 I A0001a/SystemUI_Default: SourceLoader-BundleParseUtil --> bundle change, err: {"code":0} data: {"event":"usual.event.PACKAGE_CHANGED","bundleName":"ohos.samples.myShopping","code":0,"data":"","parameters":{"abilityName":"EntryAbility","accessTokenId":0,"isAgingUninstall":false,"moduleName":"entry_test","uid":20010044,"userId":100}}
04-09 17:47:39.121  1132  1582 I A0001a/SystemUI_Default: SourceLoader-BundleParseUtil --> queryAbilityWithBundleName, action: com.ohos.systemui.action.BAR_ICON bundleName: ohos.samples.myShopping
04-09 17:47:39.131  1132  1582 E A0001a/SystemUI_Default: SourceLoader-BundleParseUtil --> queryAbilityWithBundleName, queryAbilityByWant error: {"code":17700003}
04-09 17:47:39.135  1476  1476 E A0001b/Launcher_Default: FormModel --> getFormsInfoByBundleName err: {"code":16500100}
04-09 17:47:39.139  1132  1582 E A0001a/SystemUI_Default: SourceLoader-BundleParseUtil --> queryAbilityWithBundleName, queryExtensionAbilityInfo error: {"code":17700003}
04-09 17:47:39.140  1132  1582 I A0001a/SystemUI_Default: PluginDataSourceManager --> abilityInfos: []
04-09 17:47:39.182  1476  1476 I A0001b/Launcher_Default: AppModel --> installationSubscriber, PACKAGE_CHANGED, bundleName is ohos.samples.myShopping
04-09 17:47:39.183  1476  1476 I A0001b/Launcher_Default: LocalEventManager --> sendLocalEvent event: "launcher.event.EVENT_REQUEST_RECOMMEND_FORM_UPDATE"
04-09 17:47:39.183  1476  1476 I A0001b/Launcher_Default: LocalEventManager --> sendLocalEvent, send local event with no receiver
04-09 17:47:39.183  1476  1476 E A0001b/Launcher_Default: AppModel --> installationSubscriberCallBack unKnow bundleType:undefined
04-09 17:47:39.183  1476  1476 I A0001b/Launcher_Default: PageDesktopViewModel --> getAppList start
04-09 17:47:39.183  1476  1476 I A0001b/Launcher_Default: AppModel --> getAppList start
04-09 17:47:39.183  1476  1476 I A0001b/Launcher_Default: AppModel --> getAppList bundleInfoList length: 14
04-09 17:47:39.197  1476  1476 I A0001b/Launcher_Default: PageDesktopLayoutConfig -->  srj updateGridLayoutInfo...
04-09 17:47:39.197  1476  1476 I A0001b/Launcher_Default: PageDesktopViewModel --> pagingFiltering appListInfo length:10
04-09 17:47:39.300  1476  1476 I A0001b/Launcher_Default: PageDesktopLayoutConfig --> srj updateGridLayoutInfo success.
04-09 17:47:41.966  1476  1476 I A0001b/Launcher_Default: LauncherAbilityManager --> update bundleName: ohos.samples.myShopping userId: 100
04-09 17:47:41.966  1476  1476 I A0001b/Launcher_Default: AppModel --> installationSubscriberCallBack event: usual.event.PACKAGE_CHANGED
04-09 17:47:41.967  1132  1582 I A0001a/SystemUI_Default: SourceLoader-BundleParseUtil --> bundle change, err: {"code":0} data: {"event":"usual.event.PACKAGE_CHANGED","bundleName":"ohos.samples.myShopping","code":0,"data":"","parameters":{"abilityName":"EntryAbility","accessTokenId":0,"isAgingUninstall":false,"moduleName":"entry","uid":20010044,"userId":100}}
04-09 17:47:41.968  1132  1582 I A0001a/SystemUI_Default: SourceLoader-BundleParseUtil --> queryAbilityWithBundleName, action: com.ohos.systemui.action.BAR_ICON bundleName: ohos.samples.myShopping
04-09 17:47:41.983  1132  1582 E A0001a/SystemUI_Default: SourceLoader-BundleParseUtil --> queryAbilityWithBundleName, queryAbilityByWant error: {"code":17700003}
04-09 17:47:41.992  1132  1582 E A0001a/SystemUI_Default: SourceLoader-BundleParseUtil --> queryAbilityWithBundleName, queryExtensionAbilityInfo error: {"code":17700003}
04-09 17:47:41.992  1132  1582 I A0001a/SystemUI_Default: PluginDataSourceManager --> abilityInfos: []
04-09 17:47:41.992  1476  1476 E A0001b/Launcher_Default: FormModel --> getFormsInfoByBundleName err: {"code":16500100}
04-09 17:47:42.031  1476  1476 I A0001b/Launcher_Default: AppModel --> installationSubscriber, PACKAGE_CHANGED, bundleName is ohos.samples.myShopping
04-09 17:47:42.032  1476  1476 I A0001b/Launcher_Default: LocalEventManager --> sendLocalEvent event: "launcher.event.EVENT_REQUEST_RECOMMEND_FORM_UPDATE"
04-09 17:47:42.032  1476  1476 I A0001b/Launcher_Default: LocalEventManager --> sendLocalEvent, send local event with no receiver
04-09 17:47:42.032  1476  1476 E A0001b/Launcher_Default: AppModel --> installationSubscriberCallBack unKnow bundleType:undefined
04-09 17:47:42.032  1476  1476 I A0001b/Launcher_Default: PageDesktopViewModel --> getAppList start
04-09 17:47:42.032  1476  1476 I A0001b/Launcher_Default: AppModel --> getAppList start
04-09 17:47:42.032  1476  1476 I A0001b/Launcher_Default: AppModel --> getAppList bundleInfoList length: 14
04-09 17:47:42.062  1476  1476 I A0001b/Launcher_Default: PageDesktopLayoutConfig -->  srj updateGridLayoutInfo...
04-09 17:47:42.063  1476  1476 I A0001b/Launcher_Default: PageDesktopViewModel --> pagingFiltering appListInfo length:10
04-09 17:47:42.147  1476  1476 I A0001b/Launcher_Default: PageDesktopLayoutConfig --> srj updateGridLayoutInfo success.
04-09 17:47:42.533 18039 18039 I A00000/testTag: OpenHarmonyTestRunner OnPrepare 
04-09 17:47:42.538 18039 18039 I A00000/testTag: OpenHarmonyTestRunner onRun run
04-09 17:47:42.541 18039 18039 I A00000/testTag: OpenHarmonyTestRunner onRun end
04-09 17:47:42.566 18039 18039 I A00000/testTag: startAbility : err : null
04-09 17:47:42.566 18039 18039 I A00000/testTag: startAbility : data : 
04-09 17:47:42.566 18039 18039 I A00000/testTag: addAbilityMonitorCallback : null
04-09 17:47:42.635 18039 18039 W A03d00/JSAPP: UiTestKit_exporter: systemParameter "persist.ace.testmode.enabled" is not set!
04-09 17:47:42.644 18039 18039 I A03d00/JSAPP: UiTestKit_exporter: ScheduleProbeAndEstablishConnection, token=ohos.samples.myShopping@18039@20010044@1
04-09 17:47:42.645 18039 18039 I A03d00/JSAPP: UiTestKit_exporter: Begin executing shell command to start server-daemon
04-09 17:47:43.586 18039 18039 I A03d00/JSAPP: Callee constructor is OK string
04-09 17:47:43.586 18039 18039 I A03d00/JSAPP: Ability::constructor callee is object [object Object]
04-09 17:47:43.607 18039 18039 I A03d00/JSAPP: UiTestKit_exporter: Start server-daemon finished: {"stdResult":"","exitCode":0}
04-09 17:47:43.624 18039 18039 I A00000/testTag: TestAbility onCreate
04-09 17:47:43.625 18039 18039 I A00000/testTag: want param:{"deviceId":"","bundleName":"ohos.samples.myShopping","abilityName":"TestAbility","moduleName":"entry_test","uri":"","type":"","flags":0,"action":"","parameters":{"component.startup.newRules":true,"isDelegatorCall":true,"moduleName":"entry_test","ohos.aafwk.param.callerAbilityName":"","ohos.aafwk.param.callerBundleName":"","ohos.aafwk.param.callerPid":18039,"ohos.aafwk.param.callerToken":537374260,"ohos.aafwk.param.callerUid":20010044,"ohos.ability.launch.reason":1,"ohos.anco.param.missionId":38,"ohos.dlp.params.sandbox":false},"entities":[]}
04-09 17:47:43.626 18039 18039 I A00000/testTag: launchParam:{"launchReason":1,"lastExitReason":8}
04-09 17:47:43.627 18039 18039 I A00000/testTag: start run testcase!!!
04-09 17:47:43.636 18039 18039 I A03d00/JSAPP: [Hypium]parameters:{"timeout":"15000"}
04-09 17:47:43.637 18039 18039 I A03d00/JSAPP: [Hypium]filter params:0
04-09 17:47:43.646 18039 18039 I A03d00/JSAPP: [Hypium]stress length : 1
04-09 17:47:43.649 18039 18039 I A03d00/JSAPP: [Hypium]stress length : 1
04-09 17:47:43.651 18039 18039 I A00000/testTag: onAbilityCreateCallback
04-09 17:47:43.668 18039 18039 I A00000/testTag: TestAbility onWindowStageCreate
04-09 17:47:43.674 18039 18039 I A00000/testTag: TestAbility onForeground
04-09 17:47:43.676 18039 18039 I A03d00/JSAPP: [Hypium][start] start run suites
04-09 17:47:43.677 18039 18039 I A03d00/JSAPP: [Hypium][suite start]ActsAbilityTest
04-09 17:47:43.677 18039 18039 I A03d00/JSAPP: OHOS_REPORT_SUM: 1
04-09 17:47:43.677 18039 18039 I A03d00/JSAPP: OHOS_REPORT_STATUS: class=ActsAbilityTest
04-09 17:47:43.677 18039 18039 D A03d00/JSAPP: [Hypium]printSync called ...
04-09 17:47:43.678 18039 18039 I A03d00/JSAPP: [Hypium]ActsAbilityTest suiteStart print success
04-09 17:47:43.679 18039 18039 I A03d00/JSAPP: [Hypium]start running case 'assertContain'
04-09 17:47:43.680 18039 18039 I A03d00/JSAPP: OHOS_REPORT_STATUS: class=ActsAbilityTest
04-09 17:47:43.680 18039 18039 I A03d00/JSAPP: OHOS_REPORT_STATUS: current=1
04-09 17:47:43.680 18039 18039 I A03d00/JSAPP: OHOS_REPORT_STATUS: id=JS
04-09 17:47:43.680 18039 18039 I A03d00/JSAPP: OHOS_REPORT_STATUS: numtests=2
04-09 17:47:43.680 18039 18039 I A03d00/JSAPP: OHOS_REPORT_STATUS: stream=
04-09 17:47:43.680 18039 18039 I A03d00/JSAPP: OHOS_REPORT_STATUS: test=assertContain
04-09 17:47:43.680 18039 18039 I A03d00/JSAPP: OHOS_REPORT_STATUS_CODE: 1
04-09 17:47:43.680 18039 18039 D A03d00/JSAPP: [Hypium]printSync called ...
04-09 17:47:43.680 18039 18039 I A03d00/JSAPP: [Hypium]assertContain specStart start print success
04-09 17:47:43.681 18039 18039 I A00000/testTag: it begin
04-09 17:47:43.687 18039 18039 I A03d00/JSAPP: [Hypium][pass]assertContain ; consuming 8ms
04-09 17:47:43.687 18039 18039 I A03d00/JSAPP: OHOS_REPORT_STATUS: class=ActsAbilityTest
04-09 17:47:43.687 18039 18039 I A03d00/JSAPP: OHOS_REPORT_STATUS: current=1
04-09 17:47:43.687 18039 18039 I A03d00/JSAPP: OHOS_REPORT_STATUS: id=JS
04-09 17:47:43.687 18039 18039 I A03d00/JSAPP: OHOS_REPORT_STATUS: numtests=2
04-09 17:47:43.687 18039 18039 I A03d00/JSAPP: OHOS_REPORT_STATUS: stream=
04-09 17:47:43.687 18039 18039 I A03d00/JSAPP: OHOS_REPORT_STATUS: test=assertContain
04-09 17:47:43.687 18039 18039 I A03d00/JSAPP: OHOS_REPORT_STATUS_CODE: 0
04-09 17:47:43.687 18039 18039 I A03d00/JSAPP: OHOS_REPORT_STATUS: consuming=8
04-09 17:47:43.687 18039 18039 D A03d00/JSAPP: [Hypium]printSync called ...
04-09 17:47:43.688 18039 18039 I A03d00/JSAPP: [Hypium]assertContain specDone end print success
04-09 17:47:43.689 18039 18039 I A03d00/JSAPP: [suite end] ActsAbilityTest consuming 8 ms
04-09 17:47:43.689 18039 18039 I A03d00/JSAPP: OHOS_REPORT_STATUS: class=ActsAbilityTest
04-09 17:47:43.689 18039 18039 I A03d00/JSAPP: OHOS_REPORT_STATUS: suiteconsuming=8
04-09 17:47:43.689 18039 18039 D A03d00/JSAPP: [Hypium]printSync called ...
04-09 17:47:43.690 18039 18039 I A03d00/JSAPP: [Hypium]ActsAbilityTest suiteDone print success
04-09 17:47:43.690 18039 18039 I A03d00/JSAPP: [Hypium][suite start]homePageTest
04-09 17:47:43.691 18039 18039 I A03d00/JSAPP: OHOS_REPORT_SUM: 1
04-09 17:47:43.691 18039 18039 I A03d00/JSAPP: OHOS_REPORT_STATUS: class=homePageTest
04-09 17:47:43.691 18039 18039 D A03d00/JSAPP: [Hypium]printSync called ...
04-09 17:47:43.691 18039 18039 I A03d00/JSAPP: [Hypium]homePageTest suiteStart print success
04-09 17:47:43.692 18039 18039 I A03d00/JSAPP: [scenario_myShops_home]homePageTest begin
04-09 17:47:43.709  1132  1132 I A0001a/SystemUI_Default: StatusBarVM --> onTintStateChange, tintState: {"isEnable":true,"region":{"left":0,"top":0,"width":720,"height":72},"backgroundColor":"#00FFFFFF","contentColor":"#FF000000"}
04-09 17:47:43.711  1132  1132 I A0001a/SystemUI_Default: StatusBarVM --> setStatusBarEnable, isEnable true
04-09 17:47:43.711  1132  1132 I A0001a/SystemUI_Default: StatusBarVM --> changeBackground, backgroundColor: #00FFFFFF region: {"left":0,"top":0,"width":720,"height":72}
04-09 17:47:43.713  1132  1132 I A0001a/SystemUI_Default: StatusBarVM --> changeBackground, data: {"backgroundColor":"#00FFFFFF","width":720}
04-09 17:47:43.714  1132  1132 I A0001a/SystemUI_Default: StatusBarVM --> changeContent, contentColor: #FF000000 region: {"left":0,"top":0,"width":720,"height":72}
04-09 17:47:43.714  1132  1132 I A0001a/SystemUI_Default: StatusBarVM --> changeContent, data: {"contentColor":"#FF000000","width":720}
04-09 17:47:43.714  1132  1132 I A0001a/SystemUI_Default: StatusBarVM --> changeComponentContent, id battery area: {"left":511.70001220703125,"top":0,"width":98.80000305175781,"height":72}
04-09 17:47:43.714  1132  1132 I A0001a/SystemUI_Default: StatusBarVM --> setComponentContent, id battery contentColor: #FF000000
04-09 17:47:43.715  1132  1132 I A0001a/SystemUI_Default: StatusBarVM --> changeComponentContent, id air_plane area: {"left":511.70001220703125,"top":0,"width":0,"height":72}
04-09 17:47:43.716  1132  1132 I A0001a/SystemUI_Default: StatusBarVM --> setComponentContent, id air_plane contentColor: #FF000000
04-09 17:47:43.716  1132  1132 I A0001a/SystemUI_Default: StatusBarVM --> changeComponentContent, id nfc area: {"left":512.7000122070312,"top":0,"width":-1,"height":72}
04-09 17:47:43.716 18039 18039 E A03d00/JSAPP: [Hypium]    at AssertException (oh_modules/.ohpm/@ohos+hypium@1.0.11/oh_modules/@ohos/hypium/src/main/service.js:20:5)
04-09 17:47:43.716 18039 18039 E A03d00/JSAPP:     at anonymous (oh_modules/.ohpm/@ohos+hypium@1.0.11/oh_modules/@ohos/hypium/src/main/service.js:809:33)
04-09 17:47:43.716 18039 18039 E A03d00/JSAPP:     at anonymous (entry/src/ohosTest/ets/test/uiTestSuites/home.test.ets:22:17)
04-09 17:47:43.716  1132  1132 I A0001a/SystemUI_Default: StatusBarVM --> setComponentContent, id nfc contentColor: #FF000000
04-09 17:47:43.716 18039 18039 I A03d00/JSAPP: [Hypium]start running case 'function_myNews_publickArticle_001'
04-09 17:47:43.717  1132  1132 I A0001a/SystemUI_Default: StatusBarVM --> changeComponentContent, id location area: {"left":512.7000122070312,"top":0,"width":0,"height":72}
04-09 17:47:43.717 18039 18039 I A03d00/JSAPP: OHOS_REPORT_STATUS: class=homePageTest
04-09 17:47:43.717 18039 18039 I A03d00/JSAPP: OHOS_REPORT_STATUS: current=2
04-09 17:47:43.717 18039 18039 I A03d00/JSAPP: OHOS_REPORT_STATUS: id=JS
04-09 17:47:43.717 18039 18039 I A03d00/JSAPP: OHOS_REPORT_STATUS: numtests=2
04-09 17:47:43.717 18039 18039 I A03d00/JSAPP: OHOS_REPORT_STATUS: stream=
04-09 17:47:43.717 18039 18039 I A03d00/JSAPP: OHOS_REPORT_STATUS: test=function_myNews_publickArticle_001
04-09 17:47:43.717 18039 18039 I A03d00/JSAPP: OHOS_REPORT_STATUS_CODE: 1
04-09 17:47:43.717  1132  1132 I A0001a/SystemUI_Default: StatusBarVM --> setComponentContent, id location contentColor: #FF000000
04-09 17:47:43.717 18039 18039 D A03d00/JSAPP: [Hypium]printSync called ...
04-09 17:47:43.717  1132  1132 I A0001a/SystemUI_Default: StatusBarVM --> changeComponentContent, id ring_mode area: {"left":512.7000122070312,"top":0,"width":0,"height":72}
04-09 17:47:43.717  1132  1132 I A0001a/SystemUI_Default: StatusBarVM --> setComponentContent, id ring_mode contentColor: #FF000000
04-09 17:47:43.717 18039 18039 I A03d00/JSAPP: [Hypium]function_myNews_publickArticle_001 specStart start print success
04-09 17:47:43.718 18039 18039 I A03d00/JSAPP: [Hypium][fail]function_myNews_publickArticle_001 ; consuming 1ms
04-09 17:47:43.718  1132  1132 I A0001a/SystemUI_Default: StatusBarVM --> changeComponentContent, id bluetooth area: {"left":512.7000122070312,"top":0,"width":0,"height":72}
04-09 17:47:43.718 18039 18039 I A03d00/JSAPP: [Hypium][failDetail]fail , error in beforeAll function
04-09 17:47:43.718  1132  1132 I A0001a/SystemUI_Default: StatusBarVM --> setComponentContent, id bluetooth contentColor: #FF000000
04-09 17:47:43.718 18039 18039 I A03d00/JSAPP: OHOS_REPORT_STATUS: class=homePageTest
04-09 17:47:43.718 18039 18039 I A03d00/JSAPP: OHOS_REPORT_STATUS: current=2
04-09 17:47:43.718 18039 18039 I A03d00/JSAPP: OHOS_REPORT_STATUS: id=JS
04-09 17:47:43.718 18039 18039 I A03d00/JSAPP: OHOS_REPORT_STATUS: numtests=2
04-09 17:47:43.718 18039 18039 I A03d00/JSAPP: OHOS_REPORT_STATUS: stack=fail , error in beforeAll function
04-09 17:47:43.718 18039 18039 I A03d00/JSAPP: OHOS_REPORT_STATUS: stream=
04-09 17:47:43.718 18039 18039 I A03d00/JSAPP: Error in function_myNews_publickArticle_001
04-09 17:47:43.718 18039 18039 I A03d00/JSAPP: fail , error in beforeAll function
04-09 17:47:43.718 18039 18039 I A03d00/JSAPP: OHOS_REPORT_STATUS: test=function_myNews_publickArticle_001
04-09 17:47:43.718 18039 18039 I A03d00/JSAPP: OHOS_REPORT_STATUS_CODE: -2
04-09 17:47:43.718 18039 18039 I A03d00/JSAPP: OHOS_REPORT_STATUS: consuming=1
04-09 17:47:43.718 18039 18039 D A03d00/JSAPP: [Hypium]printSync called ...
04-09 17:47:43.718  1132  1132 I A0001a/SystemUI_Default: StatusBarVM --> changeComponentContent, id capsule area: {"left":256.375,"top":0,"width":-1,"height":72}
04-09 17:47:43.718  1132  1132 I A0001a/SystemUI_Default: StatusBarVM --> setComponentContent, id capsule contentColor: #FF000000
04-09 17:47:43.718 18039 18039 I A03d00/JSAPP: [Hypium]function_myNews_publickArticle_001 specDone end print success
04-09 17:47:43.719  1132  1132 I A0001a/SystemUI_Default: StatusBarVM --> changeComponentContent, id wifi area: {"left":217.75,"top":0,"width":38.625,"height":72}
04-09 17:47:43.719  1132  1132 I A0001a/SystemUI_Default: StatusBarVM --> setComponentContent, id wifi contentColor: #FF000000
04-09 17:47:43.719 18039 18039 I A03d00/JSAPP: [suite end] homePageTest consuming 1 ms, fail , error in beforeAll function
04-09 17:47:43.719 18039 18039 I A03d00/JSAPP: OHOS_REPORT_STATUS: class=homePageTest
04-09 17:47:43.719 18039 18039 I A03d00/JSAPP: OHOS_REPORT_STATUS: suiteconsuming=1
04-09 17:47:43.719 18039 18039 I A03d00/JSAPP: OHOS_REPORT_STATUS: fail , error in beforeAll function
04-09 17:47:43.719 18039 18039 D A03d00/JSAPP: [Hypium]printSync called ...
04-09 17:47:43.719  1132  1132 I A0001a/SystemUI_Default: StatusBarVM --> changeComponentContent, id signal area: {"left":36,"top":0,"width":181.75,"height":72}
04-09 17:47:43.719  1132  1132 I A0001a/SystemUI_Default: StatusBarVM --> setComponentContent, id signal contentColor: #FF000000
04-09 17:47:43.720 18039 18039 I A03d00/JSAPP: [Hypium]homePageTest suiteDone print success
04-09 17:47:43.720  1132  1132 I A0001a/SystemUI_Default: StatusBarVM --> changeComponentContent, id clock area: {"left":610.5000152587891,"top":0,"width":73.5,"height":72}
04-09 17:47:43.720 18039 18039 I A03d00/JSAPP: [Hypium]total cases:2;failure 1,error 0,pass 1; consuming 9ms
04-09 17:47:43.720  1132  1132 I A0001a/SystemUI_Default: StatusBarVM --> setComponentContent, id clock contentColor: #FF000000
04-09 17:47:43.720 18039 18039 I A03d00/JSAPP: [Hypium][end] run suites end
04-09 17:47:43.720 18039 18039 I A03d00/JSAPP: OHOS_REPORT_RESULT: stream=Tests run: 2, Failure: 1, Error: 0, Pass: 1, Ignore: 0
04-09 17:47:43.720 18039 18039 I A03d00/JSAPP: OHOS_REPORT_CODE: -1
04-09 17:47:43.720 18039 18039 I A03d00/JSAPP: OHOS_REPORT_STATUS: taskconsuming=9
04-09 17:47:43.721 18039 18039 D A03d00/JSAPP: [Hypium]printSync called ...
04-09 17:47:43.721  1132  1132 I A0001a/SystemUI_Default: StatusBarVM --> changeComponentContent, id notification area: {"left":255.375,"top":0,"width":0,"height":72}
04-09 17:47:43.721  1132  1132 I A0001a/SystemUI_Default: StatusBarVM --> setComponentContent, id notification contentColor: #FF000000
04-09 17:47:43.721 18039 18039 I A03d00/JSAPP: [Hypium]report print success
04-09 17:47:43.728  1132  1132 I A0001a/SystemUI_Default: WifiComponent-WifiIcon --> getImage
04-09 17:47:43.788 18039 18039 I A00000/testTag: Succeeded in loading the content. Data: 
04-09 17:47:43.850  1476  1476 I A0001b/Launcher_Default: LocalEventManager --> sendLocalEvent event: "launcher.event.REQUEST_FORM_ITEM_VISIBLE"
04-09 17:47:43.850  1476  1476 I A0001b/Launcher_Default: LauncherMainAbility --> lifeCycleEvent change: 2
04-09 17:47:43.877  1132  1132 I A0001a/SystemUI_Default: StatusBarVM --> onTintStateChange, tintState: {"isEnable":true,"region":{"left":0,"top":0,"width":720,"height":72},"backgroundColor":"#00FFFFFF","contentColor":"#E5FFFFFF"}
04-09 17:47:43.877  1132  1132 I A0001a/SystemUI_Default: StatusBarVM --> setStatusBarEnable, isEnable true
04-09 17:47:43.877  1132  1132 I A0001a/SystemUI_Default: StatusBarVM --> changeBackground, backgroundColor: #00FFFFFF region: {"left":0,"top":0,"width":720,"height":72}
04-09 17:47:43.879  1132  1132 I A0001a/SystemUI_Default: StatusBarVM --> changeBackground, data: {"backgroundColor":"#00FFFFFF","width":720}
04-09 17:47:43.879  1132  1132 I A0001a/SystemUI_Default: StatusBarVM --> changeContent, contentColor: #E5FFFFFF region: {"left":0,"top":0,"width":720,"height":72}
04-09 17:47:43.879  1132  1132 I A0001a/SystemUI_Default: StatusBarVM --> changeContent, data: {"contentColor":"#E5FFFFFF","width":720}
04-09 17:47:43.881  1132  1132 I A0001a/SystemUI_Default: StatusBarVM --> changeComponentContent, id battery area: {"left":511.70001220703125,"top":0,"width":98.80000305175781,"height":72}
04-09 17:47:43.881  1132  1132 I A0001a/SystemUI_Default: StatusBarVM --> setComponentContent, id battery contentColor: #E5FFFFFF
04-09 17:47:43.884  1132  1132 I A0001a/SystemUI_Default: StatusBarVM --> changeComponentContent, id air_plane area: {"left":511.70001220703125,"top":0,"width":0,"height":72}
04-09 17:47:43.884  1132  1132 I A0001a/SystemUI_Default: StatusBarVM --> setComponentContent, id air_plane contentColor: #E5FFFFFF
04-09 17:47:43.885  1132  1132 I A0001a/SystemUI_Default: StatusBarVM --> changeComponentContent, id nfc area: {"left":512.7000122070312,"top":0,"width":-1,"height":72}
04-09 17:47:43.885  1132  1132 I A0001a/SystemUI_Default: StatusBarVM --> setComponentContent, id nfc contentColor: #E5FFFFFF
04-09 17:47:43.886  1132  1132 I A0001a/SystemUI_Default: StatusBarVM --> changeComponentContent, id location area: {"left":512.7000122070312,"top":0,"width":0,"height":72}
04-09 17:47:43.886  1132  1132 I A0001a/SystemUI_Default: StatusBarVM --> setComponentContent, id location contentColor: #E5FFFFFF
04-09 17:47:43.886  1132  1132 I A0001a/SystemUI_Default: StatusBarVM --> changeComponentContent, id ring_mode area: {"left":512.7000122070312,"top":0,"width":0,"height":72}
04-09 17:47:43.887  1132  1132 I A0001a/SystemUI_Default: StatusBarVM --> setComponentContent, id ring_mode contentColor: #E5FFFFFF
04-09 17:47:43.887  1132  1132 I A0001a/SystemUI_Default: StatusBarVM --> changeComponentContent, id bluetooth area: {"left":512.7000122070312,"top":0,"width":0,"height":72}
04-09 17:47:43.887  1132  1132 I A0001a/SystemUI_Default: StatusBarVM --> setComponentContent, id bluetooth contentColor: #E5FFFFFF
04-09 17:47:43.887  1132  1132 I A0001a/SystemUI_Default: StatusBarVM --> changeComponentContent, id capsule area: {"left":256.375,"top":0,"width":-1,"height":72}
04-09 17:47:43.888  1132  1132 I A0001a/SystemUI_Default: StatusBarVM --> setComponentContent, id capsule contentColor: #E5FFFFFF
04-09 17:47:43.888  1132  1132 I A0001a/SystemUI_Default: StatusBarVM --> changeComponentContent, id wifi area: {"left":217.75,"top":0,"width":38.625,"height":72}
04-09 17:47:43.888  1132  1132 I A0001a/SystemUI_Default: StatusBarVM --> setComponentContent, id wifi contentColor: #E5FFFFFF
04-09 17:47:43.888  1132  1132 I A0001a/SystemUI_Default: StatusBarVM --> changeComponentContent, id signal area: {"left":36,"top":0,"width":181.75,"height":72}
04-09 17:47:43.888  1132  1132 I A0001a/SystemUI_Default: StatusBarVM --> setComponentContent, id signal contentColor: #E5FFFFFF
04-09 17:47:43.889  1132  1132 I A0001a/SystemUI_Default: StatusBarVM --> changeComponentContent, id clock area: {"left":610.5000152587891,"top":0,"width":73.5,"height":72}
04-09 17:47:43.889  1132  1132 I A0001a/SystemUI_Default: StatusBarVM --> setComponentContent, id clock contentColor: #E5FFFFFF
04-09 17:47:43.890  1132  1132 I A0001a/SystemUI_Default: StatusBarVM --> changeComponentContent, id notification area: {"left":255.375,"top":0,"width":0,"height":72}
04-09 17:47:43.890  1132  1132 I A0001a/SystemUI_Default: StatusBarVM --> setComponentContent, id notification contentColor: #E5FFFFFF
04-09 17:47:43.891  1476  1476 I A0001b/Launcher_Default: SmartDockModel --> onMissionClosedCallback, missionId=38
04-09 17:47:43.891  1476  1476 I A0001b/Launcher_Default: AmsMissionManager --> clearMission Id:38
04-09 17:47:43.894  1476  1476 I A0001b/Launcher_Default: SmartDockModel --> onMissionDestroyedCallback, missionId=38
04-09 17:47:43.902  1132  1132 I A0001a/SystemUI_Default: WifiComponent-WifiIcon --> getImage
04-09 17:47:50.513  1476  1476 I A0001b/Launcher_Default: LauncherAbilityManager --> update bundleName: ohos.samples.myShopping userId: 100
04-09 17:47:50.513  1476  1476 I A0001b/Launcher_Default: AppModel --> installationSubscriberCallBack event: usual.event.PACKAGE_CHANGED
04-09 17:47:50.520  1132  1582 I A0001a/SystemUI_Default: SourceLoader-BundleParseUtil --> bundle change, err: {"code":0} data: {"event":"usual.event.PACKAGE_CHANGED","bundleName":"ohos.samples.myShopping","code":0,"data":"","parameters":{"abilityName":"EntryAbility","accessTokenId":0,"isAgingUninstall":false,"moduleName":"entry_test","uid":20010044,"userId":100}}
04-09 17:47:50.520  1132  1582 I A0001a/SystemUI_Default: SourceLoader-BundleParseUtil --> queryAbilityWithBundleName, action: com.ohos.systemui.action.BAR_ICON bundleName: ohos.samples.myShopping
04-09 17:47:50.523  1476  1476 E A0001b/Launcher_Default: FormModel --> getFormsInfoByBundleName err: {"code":16500100}
04-09 17:47:50.530  1132  1582 E A0001a/SystemUI_Default: SourceLoader-BundleParseUtil --> queryAbilityWithBundleName, queryAbilityByWant error: {"code":17700003}
04-09 17:47:50.539  1132  1582 E A0001a/SystemUI_Default: SourceLoader-BundleParseUtil --> queryAbilityWithBundleName, queryExtensionAbilityInfo error: {"code":17700003}
04-09 17:47:50.539  1132  1582 I A0001a/SystemUI_Default: PluginDataSourceManager --> abilityInfos: []
04-09 17:47:50.572  1476  1476 I A0001b/Launcher_Default: AppModel --> installationSubscriber, PACKAGE_CHANGED, bundleName is ohos.samples.myShopping
04-09 17:47:50.573  1476  1476 I A0001b/Launcher_Default: LocalEventManager --> sendLocalEvent event: "launcher.event.EVENT_REQUEST_RECOMMEND_FORM_UPDATE"
04-09 17:47:50.573  1476  1476 I A0001b/Launcher_Default: LocalEventManager --> sendLocalEvent, send local event with no receiver
04-09 17:47:50.573  1476  1476 E A0001b/Launcher_Default: AppModel --> installationSubscriberCallBack unKnow bundleType:undefined
04-09 17:47:50.573  1476  1476 I A0001b/Launcher_Default: PageDesktopViewModel --> getAppList start
04-09 17:47:50.573  1476  1476 I A0001b/Launcher_Default: AppModel --> getAppList start
04-09 17:47:50.573  1476  1476 I A0001b/Launcher_Default: AppModel --> getAppList bundleInfoList length: 14
04-09 17:47:50.586  1476  1476 I A0001b/Launcher_Default: PageDesktopLayoutConfig -->  srj updateGridLayoutInfo...
04-09 17:47:50.587  1476  1476 I A0001b/Launcher_Default: PageDesktopViewModel --> pagingFiltering appListInfo length:10
04-09 17:47:50.701  1476  1476 I A0001b/Launcher_Default: PageDesktopLayoutConfig --> srj updateGridLayoutInfo success.
04-09 17:47:53.330  1476  1476 I A0001b/Launcher_Default: LauncherAbilityManager --> update bundleName: ohos.samples.myShopping userId: 100
04-09 17:47:53.330  1132  1582 I A0001a/SystemUI_Default: SourceLoader-BundleParseUtil --> bundle change, err: {"code":0} data: {"event":"usual.event.PACKAGE_CHANGED","bundleName":"ohos.samples.myShopping","code":0,"data":"","parameters":{"abilityName":"EntryAbility","accessTokenId":0,"isAgingUninstall":false,"moduleName":"entry","uid":20010044,"userId":100}}
04-09 17:47:53.330  1476  1476 I A0001b/Launcher_Default: AppModel --> installationSubscriberCallBack event: usual.event.PACKAGE_CHANGED
04-09 17:47:53.330  1132  1582 I A0001a/SystemUI_Default: SourceLoader-BundleParseUtil --> queryAbilityWithBundleName, action: com.ohos.systemui.action.BAR_ICON bundleName: ohos.samples.myShopping
04-09 17:47:53.342  1132  1582 E A0001a/SystemUI_Default: SourceLoader-BundleParseUtil --> queryAbilityWithBundleName, queryAbilityByWant error: {"code":17700003}
04-09 17:47:53.344  1476  1476 E A0001b/Launcher_Default: FormModel --> getFormsInfoByBundleName err: {"code":16500100}
04-09 17:47:53.352  1132  1582 E A0001a/SystemUI_Default: SourceLoader-BundleParseUtil --> queryAbilityWithBundleName, queryExtensionAbilityInfo error: {"code":17700003}
04-09 17:47:53.352  1132  1582 I A0001a/SystemUI_Default: PluginDataSourceManager --> abilityInfos: []
04-09 17:47:53.392  1476  1476 I A0001b/Launcher_Default: AppModel --> installationSubscriber, PACKAGE_CHANGED, bundleName is ohos.samples.myShopping
04-09 17:47:53.392  1476  1476 I A0001b/Launcher_Default: LocalEventManager --> sendLocalEvent event: "launcher.event.EVENT_REQUEST_RECOMMEND_FORM_UPDATE"
04-09 17:47:53.393  1476  1476 I A0001b/Launcher_Default: LocalEventManager --> sendLocalEvent, send local event with no receiver
04-09 17:47:53.393  1476  1476 E A0001b/Launcher_Default: AppModel --> installationSubscriberCallBack unKnow bundleType:undefined
04-09 17:47:53.393  1476  1476 I A0001b/Launcher_Default: PageDesktopViewModel --> getAppList start
04-09 17:47:53.393  1476  1476 I A0001b/Launcher_Default: AppModel --> getAppList start
04-09 17:47:53.393  1476  1476 I A0001b/Launcher_Default: AppModel --> getAppList bundleInfoList length: 14
04-09 17:47:53.406  1476  1476 I A0001b/Launcher_Default: PageDesktopLayoutConfig -->  srj updateGridLayoutInfo...
04-09 17:47:53.407  1476  1476 I A0001b/Launcher_Default: PageDesktopViewModel --> pagingFiltering appListInfo length:10
04-09 17:47:53.501  1476  1476 I A0001b/Launcher_Default: PageDesktopLayoutConfig --> srj updateGridLayoutInfo success.
04-09 17:47:53.909 18133 18133 I A00000/testTag: OpenHarmonyTestRunner OnPrepare 
04-09 17:47:53.915 18133 18133 I A00000/testTag: OpenHarmonyTestRunner onRun run
04-09 17:47:53.918 18133 18133 I A00000/testTag: OpenHarmonyTestRunner onRun end
04-09 17:47:53.940 18133 18133 I A00000/testTag: startAbility : err : null
04-09 17:47:53.940 18133 18133 I A00000/testTag: startAbility : data : 
04-09 17:47:53.940 18133 18133 I A00000/testTag: addAbilityMonitorCallback : null
04-09 17:47:54.007 18133 18133 W A03d00/JSAPP: UiTestKit_exporter: systemParameter "persist.ace.testmode.enabled" is not set!
04-09 17:47:54.015 18133 18133 I A03d00/JSAPP: UiTestKit_exporter: ScheduleProbeAndEstablishConnection, token=ohos.samples.myShopping@18133@20010044@1
04-09 17:47:54.016 18133 18133 I A03d00/JSAPP: UiTestKit_exporter: Begin executing shell command to start server-daemon
04-09 17:47:54.940 18133 18133 I A03d00/JSAPP: Callee constructor is OK string
04-09 17:47:54.941 18133 18133 I A03d00/JSAPP: Ability::constructor callee is object [object Object]
04-09 17:47:54.960 18133 18133 I A03d00/JSAPP: UiTestKit_exporter: Start server-daemon finished: {"stdResult":"","exitCode":0}
04-09 17:47:54.972 18133 18133 I A00000/testTag: TestAbility onCreate
04-09 17:47:54.973 18133 18133 I A00000/testTag: want param:{"deviceId":"","bundleName":"ohos.samples.myShopping","abilityName":"TestAbility","moduleName":"entry_test","uri":"","type":"","flags":0,"action":"","parameters":{"component.startup.newRules":true,"isDelegatorCall":true,"moduleName":"entry_test","ohos.aafwk.param.callerAbilityName":"","ohos.aafwk.param.callerBundleName":"","ohos.aafwk.param.callerPid":18133,"ohos.aafwk.param.callerToken":537374260,"ohos.aafwk.param.callerUid":20010044,"ohos.ability.launch.reason":1,"ohos.anco.param.missionId":39,"ohos.dlp.params.sandbox":false},"entities":[]}
04-09 17:47:54.973 18133 18133 I A00000/testTag: launchParam:{"launchReason":1,"lastExitReason":8}
04-09 17:47:54.974 18133 18133 I A00000/testTag: start run testcase!!!
04-09 17:47:54.979 18133 18133 I A03d00/JSAPP: [Hypium]parameters:{"timeout":"15000"}
04-09 17:47:54.980 18133 18133 I A03d00/JSAPP: [Hypium]filter params:0
04-09 17:47:54.987 18133 18133 I A03d00/JSAPP: [Hypium]stress length : 1
04-09 17:47:54.989 18133 18133 I A03d00/JSAPP: [Hypium]stress length : 1
04-09 17:47:54.990 18133 18133 I A00000/testTag: onAbilityCreateCallback
04-09 17:47:55.009 18133 18133 I A00000/testTag: TestAbility onWindowStageCreate
04-09 17:47:55.022 18133 18133 I A00000/testTag: TestAbility onForeground
04-09 17:47:55.029 18133 18133 I A03d00/JSAPP: [Hypium][start] start run suites
04-09 17:47:55.030 18133 18133 I A03d00/JSAPP: [Hypium][suite start]ActsAbilityTest
04-09 17:47:55.031 18133 18133 I A03d00/JSAPP: OHOS_REPORT_SUM: 1
04-09 17:47:55.031 18133 18133 I A03d00/JSAPP: OHOS_REPORT_STATUS: class=ActsAbilityTest
04-09 17:47:55.031 18133 18133 D A03d00/JSAPP: [Hypium]printSync called ...
04-09 17:47:55.033 18133 18133 I A03d00/JSAPP: [Hypium]ActsAbilityTest suiteStart print success
04-09 17:47:55.035 18133 18133 I A03d00/JSAPP: [Hypium]start running case 'assertContain'
04-09 17:47:55.036 18133 18133 I A03d00/JSAPP: OHOS_REPORT_STATUS: class=ActsAbilityTest
04-09 17:47:55.036 18133 18133 I A03d00/JSAPP: OHOS_REPORT_STATUS: current=1
04-09 17:47:55.036 18133 18133 I A03d00/JSAPP: OHOS_REPORT_STATUS: id=JS
04-09 17:47:55.036 18133 18133 I A03d00/JSAPP: OHOS_REPORT_STATUS: numtests=2
04-09 17:47:55.036 18133 18133 I A03d00/JSAPP: OHOS_REPORT_STATUS: stream=
04-09 17:47:55.036 18133 18133 I A03d00/JSAPP: OHOS_REPORT_STATUS: test=assertContain
04-09 17:47:55.036 18133 18133 I A03d00/JSAPP: OHOS_REPORT_STATUS_CODE: 1
04-09 17:47:55.036 18133 18133 D A03d00/JSAPP: [Hypium]printSync called ...
04-09 17:47:55.038 18133 18133 I A03d00/JSAPP: [Hypium]assertContain specStart start print success
04-09 17:47:55.039 18133 18133 I A00000/testTag: it begin
04-09 17:47:55.062  1132  1132 I A0001a/SystemUI_Default: StatusBarVM --> onTintStateChange, tintState: {"isEnable":true,"region":{"left":0,"top":0,"width":720,"height":72},"backgroundColor":"#00FFFFFF","contentColor":"#FF000000"}
04-09 17:47:55.063  1132  1132 I A0001a/SystemUI_Default: StatusBarVM --> setStatusBarEnable, isEnable true
04-09 17:47:55.063  1132  1132 I A0001a/SystemUI_Default: StatusBarVM --> changeBackground, backgroundColor: #00FFFFFF region: {"left":0,"top":0,"width":720,"height":72}
04-09 17:47:55.063 18133 18133 I A03d00/JSAPP: [Hypium][pass]assertContain ; consuming 28ms
04-09 17:47:55.064 18133 18133 I A03d00/JSAPP: OHOS_REPORT_STATUS: class=ActsAbilityTest
04-09 17:47:55.064 18133 18133 I A03d00/JSAPP: OHOS_REPORT_STATUS: current=1
04-09 17:47:55.064 18133 18133 I A03d00/JSAPP: OHOS_REPORT_STATUS: id=JS
04-09 17:47:55.064 18133 18133 I A03d00/JSAPP: OHOS_REPORT_STATUS: numtests=2
04-09 17:47:55.064 18133 18133 I A03d00/JSAPP: OHOS_REPORT_STATUS: stream=
04-09 17:47:55.064 18133 18133 I A03d00/JSAPP: OHOS_REPORT_STATUS: test=assertContain
04-09 17:47:55.064 18133 18133 I A03d00/JSAPP: OHOS_REPORT_STATUS_CODE: 0
04-09 17:47:55.064 18133 18133 I A03d00/JSAPP: OHOS_REPORT_STATUS: consuming=28
04-09 17:47:55.064 18133 18133 D A03d00/JSAPP: [Hypium]printSync called ...
04-09 17:47:55.066 18133 18133 I A03d00/JSAPP: [Hypium]assertContain specDone end print success
04-09 17:47:55.068  1132  1132 I A0001a/SystemUI_Default: StatusBarVM --> changeBackground, data: {"backgroundColor":"#00FFFFFF","width":720}
04-09 17:47:55.068 18133 18133 I A03d00/JSAPP: [suite end] ActsAbilityTest consuming 28 ms
04-09 17:47:55.068  1132  1132 I A0001a/SystemUI_Default: StatusBarVM --> changeContent, contentColor: #FF000000 region: {"left":0,"top":0,"width":720,"height":72}
04-09 17:47:55.068 18133 18133 I A03d00/JSAPP: OHOS_REPORT_STATUS: class=ActsAbilityTest
04-09 17:47:55.068 18133 18133 I A03d00/JSAPP: OHOS_REPORT_STATUS: suiteconsuming=28
04-09 17:47:55.069 18133 18133 D A03d00/JSAPP: [Hypium]printSync called ...
04-09 17:47:55.071 18133 18133 I A03d00/JSAPP: [Hypium]ActsAbilityTest suiteDone print success
04-09 17:47:55.071 18133 18133 I A03d00/JSAPP: [Hypium][suite start]homePageTest
04-09 17:47:55.072 18133 18133 I A03d00/JSAPP: OHOS_REPORT_SUM: 1
04-09 17:47:55.072 18133 18133 I A03d00/JSAPP: OHOS_REPORT_STATUS: class=homePageTest
04-09 17:47:55.072 18133 18133 D A03d00/JSAPP: [Hypium]printSync called ...
04-09 17:47:55.074 18133 18133 I A03d00/JSAPP: [Hypium]homePageTest suiteStart print success
04-09 17:47:55.075 18133 18133 I A03d00/JSAPP: [scenario_myShops_home]homePageTest begin
04-09 17:47:55.080  1132  1132 I A0001a/SystemUI_Default: StatusBarVM --> changeContent, data: {"contentColor":"#FF000000","width":720}
04-09 17:47:55.084  1132  1132 I A0001a/SystemUI_Default: StatusBarVM --> changeComponentContent, id battery area: {"left":511.70001220703125,"top":0,"width":98.80000305175781,"height":72}
04-09 17:47:55.086  1132  1132 I A0001a/SystemUI_Default: StatusBarVM --> setComponentContent, id battery contentColor: #FF000000
04-09 17:47:55.087  1132  1132 I A0001a/SystemUI_Default: StatusBarVM --> changeComponentContent, id air_plane area: {"left":511.70001220703125,"top":0,"width":0,"height":72}
04-09 17:47:55.087  1132  1132 I A0001a/SystemUI_Default: StatusBarVM --> setComponentContent, id air_plane contentColor: #FF000000
04-09 17:47:55.088  1132  1132 I A0001a/SystemUI_Default: StatusBarVM --> changeComponentContent, id nfc area: {"left":512.7000122070312,"top":0,"width":-1,"height":72}
04-09 17:47:55.088  1132  1132 I A0001a/SystemUI_Default: StatusBarVM --> setComponentContent, id nfc contentColor: #FF000000
04-09 17:47:55.088  1132  1132 I A0001a/SystemUI_Default: StatusBarVM --> changeComponentContent, id location area: {"left":512.7000122070312,"top":0,"width":0,"height":72}
04-09 17:47:55.088  1132  1132 I A0001a/SystemUI_Default: StatusBarVM --> setComponentContent, id location contentColor: #FF000000
04-09 17:47:55.089  1132  1132 I A0001a/SystemUI_Default: StatusBarVM --> changeComponentContent, id ring_mode area: {"left":512.7000122070312,"top":0,"width":0,"height":72}
04-09 17:47:55.089  1132  1132 I A0001a/SystemUI_Default: StatusBarVM --> setComponentContent, id ring_mode contentColor: #FF000000
04-09 17:47:55.089  1132  1132 I A0001a/SystemUI_Default: StatusBarVM --> changeComponentContent, id bluetooth area: {"left":512.7000122070312,"top":0,"width":0,"height":72}
04-09 17:47:55.089  1132  1132 I A0001a/SystemUI_Default: StatusBarVM --> setComponentContent, id bluetooth contentColor: #FF000000
04-09 17:47:55.090  1132  1132 I A0001a/SystemUI_Default: StatusBarVM --> changeComponentContent, id capsule area: {"left":256.375,"top":0,"width":-1,"height":72}
04-09 17:47:55.090  1132  1132 I A0001a/SystemUI_Default: StatusBarVM --> setComponentContent, id capsule contentColor: #FF000000
04-09 17:47:55.090  1132  1132 I A0001a/SystemUI_Default: StatusBarVM --> changeComponentContent, id wifi area: {"left":217.75,"top":0,"width":38.625,"height":72}
04-09 17:47:55.090  1132  1132 I A0001a/SystemUI_Default: StatusBarVM --> setComponentContent, id wifi contentColor: #FF000000
04-09 17:47:55.091  1132  1132 I A0001a/SystemUI_Default: StatusBarVM --> changeComponentContent, id signal area: {"left":36,"top":0,"width":181.75,"height":72}
04-09 17:47:55.091  1132  1132 I A0001a/SystemUI_Default: StatusBarVM --> setComponentContent, id signal contentColor: #FF000000
04-09 17:47:55.092  1132  1132 I A0001a/SystemUI_Default: StatusBarVM --> changeComponentContent, id clock area: {"left":610.5000152587891,"top":0,"width":73.5,"height":72}
04-09 17:47:55.092  1132  1132 I A0001a/SystemUI_Default: StatusBarVM --> setComponentContent, id clock contentColor: #FF000000
04-09 17:47:55.093  1132  1132 I A0001a/SystemUI_Default: StatusBarVM --> changeComponentContent, id notification area: {"left":255.375,"top":0,"width":0,"height":72}
04-09 17:47:55.093  1132  1132 I A0001a/SystemUI_Default: StatusBarVM --> setComponentContent, id notification contentColor: #FF000000
04-09 17:47:55.101  1132  1132 I A0001a/SystemUI_Default: WifiComponent-WifiIcon --> getImage
04-09 17:47:55.163 18133 18133 I A00000/testTag: Succeeded in loading the content. Data: 
04-09 17:47:55.178 18133 18133 E A03d00/JSAPP: [Hypium]    at AssertException (oh_modules/.ohpm/@ohos+hypium@1.0.11/oh_modules/@ohos/hypium/src/main/service.js:20:5)
04-09 17:47:55.178 18133 18133 E A03d00/JSAPP:     at anonymous (oh_modules/.ohpm/@ohos+hypium@1.0.11/oh_modules/@ohos/hypium/src/main/service.js:809:33)
04-09 17:47:55.178 18133 18133 E A03d00/JSAPP:     at anonymous (entry/src/ohosTest/ets/test/uiTestSuites/home.test.ets:22:17)
04-09 17:47:55.178 18133 18133 I A03d00/JSAPP: [Hypium]start running case 'function_myNews_publickArticle_001'
04-09 17:47:55.179 18133 18133 I A03d00/JSAPP: OHOS_REPORT_STATUS: class=homePageTest
04-09 17:47:55.179 18133 18133 I A03d00/JSAPP: OHOS_REPORT_STATUS: current=2
04-09 17:47:55.179 18133 18133 I A03d00/JSAPP: OHOS_REPORT_STATUS: id=JS
04-09 17:47:55.179 18133 18133 I A03d00/JSAPP: OHOS_REPORT_STATUS: numtests=2
04-09 17:47:55.179 18133 18133 I A03d00/JSAPP: OHOS_REPORT_STATUS: stream=
04-09 17:47:55.179 18133 18133 I A03d00/JSAPP: OHOS_REPORT_STATUS: test=function_myNews_publickArticle_001
04-09 17:47:55.179 18133 18133 I A03d00/JSAPP: OHOS_REPORT_STATUS_CODE: 1
04-09 17:47:55.179 18133 18133 D A03d00/JSAPP: [Hypium]printSync called ...
04-09 17:47:55.180 18133 18133 I A03d00/JSAPP: [Hypium]function_myNews_publickArticle_001 specStart start print success
04-09 17:47:55.180 18133 18133 I A03d00/JSAPP: [Hypium][fail]function_myNews_publickArticle_001 ; consuming 1ms
04-09 17:47:55.180 18133 18133 I A03d00/JSAPP: [Hypium][failDetail]fail , error in beforeAll function
04-09 17:47:55.181 18133 18133 I A03d00/JSAPP: OHOS_REPORT_STATUS: class=homePageTest
04-09 17:47:55.181 18133 18133 I A03d00/JSAPP: OHOS_REPORT_STATUS: current=2
04-09 17:47:55.181 18133 18133 I A03d00/JSAPP: OHOS_REPORT_STATUS: id=JS
04-09 17:47:55.181 18133 18133 I A03d00/JSAPP: OHOS_REPORT_STATUS: numtests=2
04-09 17:47:55.181 18133 18133 I A03d00/JSAPP: OHOS_REPORT_STATUS: stack=fail , error in beforeAll function
04-09 17:47:55.181 18133 18133 I A03d00/JSAPP: OHOS_REPORT_STATUS: stream=
04-09 17:47:55.181 18133 18133 I A03d00/JSAPP: Error in function_myNews_publickArticle_001
04-09 17:47:55.181 18133 18133 I A03d00/JSAPP: fail , error in beforeAll function
04-09 17:47:55.181 18133 18133 I A03d00/JSAPP: OHOS_REPORT_STATUS: test=function_myNews_publickArticle_001
04-09 17:47:55.181 18133 18133 I A03d00/JSAPP: OHOS_REPORT_STATUS_CODE: -2
04-09 17:47:55.181 18133 18133 I A03d00/JSAPP: OHOS_REPORT_STATUS: consuming=1
04-09 17:47:55.181 18133 18133 D A03d00/JSAPP: [Hypium]printSync called ...
04-09 17:47:55.181 18133 18133 I A03d00/JSAPP: [Hypium]function_myNews_publickArticle_001 specDone end print success
04-09 17:47:55.182 18133 18133 I A03d00/JSAPP: [suite end] homePageTest consuming 1 ms, fail , error in beforeAll function
04-09 17:47:55.182 18133 18133 I A03d00/JSAPP: OHOS_REPORT_STATUS: class=homePageTest
