04-09 17:46:32.393 17745 17745 E A03d00/JSAPP:     at anonymous (oh_modules/.ohpm/@ohos+hypium@1.0.11/oh_modules/@ohos/hypium/src/main/service.js:809:33)
04-09 17:46:32.393 17745 17745 E A03d00/JSAPP:     at anonymous (entry/src/ohosTest/ets/test/uiTestSuites/home.test.ets:22:17)
04-09 17:46:32.394 17745 17745 I A03d00/JSAPP: [Hypium]start running case 'function_myNews_publickArticle_001'
04-09 17:46:32.394 17745 17745 I A03d00/JSAPP: OHOS_REPORT_STATUS: class=homePageTest
04-09 17:46:32.394 17745 17745 I A03d00/JSAPP: OHOS_REPORT_STATUS: current=2
04-09 17:46:32.394 17745 17745 I A03d00/JSAPP: OHOS_REPORT_STATUS: id=JS
04-09 17:46:32.394 17745 17745 I A03d00/JSAPP: OHOS_REPORT_STATUS: numtests=2
04-09 17:46:32.394 17745 17745 I A03d00/JSAPP: OHOS_REPORT_STATUS: stream=
04-09 17:46:32.394 17745 17745 I A03d00/JSAPP: OHOS_REPORT_STATUS: test=function_myNews_publickArticle_001
04-09 17:46:32.394 17745 17745 I A03d00/JSAPP: OHOS_REPORT_STATUS_CODE: 1
04-09 17:46:32.394 17745 17745 D A03d00/JSAPP: [Hypium]printSync called ...
04-09 17:46:32.395 17745 17745 I A03d00/JSAPP: [Hypium]function_myNews_publickArticle_001 specStart start print success
04-09 17:46:32.396 17745 17745 I A03d00/JSAPP: [Hypium][fail]function_myNews_publickArticle_001 ; consuming 1ms
04-09 17:46:32.396 17745 17745 I A03d00/JSAPP: [Hypium][failDetail]fail , error in beforeAll function
04-09 17:46:32.396 17745 17745 I A03d00/JSAPP: OHOS_REPORT_STATUS: class=homePageTest
04-09 17:46:32.396 17745 17745 I A03d00/JSAPP: OHOS_REPORT_STATUS: current=2
04-09 17:46:32.396 17745 17745 I A03d00/JSAPP: OHOS_REPORT_STATUS: id=JS
04-09 17:46:32.396 17745 17745 I A03d00/JSAPP: OHOS_REPORT_STATUS: numtests=2
04-09 17:46:32.396 17745 17745 I A03d00/JSAPP: OHOS_REPORT_STATUS: stack=fail , error in beforeAll function
04-09 17:46:32.396 17745 17745 I A03d00/JSAPP: OHOS_REPORT_STATUS: stream=
04-09 17:46:32.396 17745 17745 I A03d00/JSAPP: Error in function_myNews_publickArticle_001
04-09 17:46:32.396 17745 17745 I A03d00/JSAPP: fail , error in beforeAll function
04-09 17:46:32.396 17745 17745 I A03d00/JSAPP: OHOS_REPORT_STATUS: test=function_myNews_publickArticle_001
04-09 17:46:32.396 17745 17745 I A03d00/JSAPP: OHOS_REPORT_STATUS_CODE: -2
04-09 17:46:32.396 17745 17745 I A03d00/JSAPP: OHOS_REPORT_STATUS: consuming=1
04-09 17:46:32.396 17745 17745 D A03d00/JSAPP: [Hypium]printSync called ...
04-09 17:46:32.397 17745 17745 I A03d00/JSAPP: [Hypium]function_myNews_publickArticle_001 specDone end print success
04-09 17:46:32.397 17745 17745 I A03d00/JSAPP: [suite end] homePageTest consuming 1 ms, fail , error in beforeAll function
04-09 17:46:32.398 17745 17745 I A03d00/JSAPP: OHOS_REPORT_STATUS: class=homePageTest
04-09 17:46:32.398 17745 17745 I A03d00/JSAPP: OHOS_REPORT_STATUS: suiteconsuming=1
04-09 17:46:32.398 17745 17745 I A03d00/JSAPP: OHOS_REPORT_STATUS: fail , error in beforeAll function
04-09 17:46:32.398 17745 17745 D A03d00/JSAPP: [Hypium]printSync called ...
04-09 17:46:32.398 17745 17745 I A03d00/JSAPP: [Hypium]homePageTest suiteDone print success
04-09 17:46:32.399 17745 17745 I A03d00/JSAPP: [Hypium]total cases:2;failure 1,error 0,pass 1; consuming 12ms
04-09 17:46:32.399 17745 17745 I A03d00/JSAPP: [Hypium][end] run suites end
04-09 17:46:32.399 17745 17745 I A03d00/JSAPP: OHOS_REPORT_RESULT: stream=Tests run: 2, Failure: 1, Error: 0, Pass: 1, Ignore: 0
04-09 17:46:32.399 17745 17745 I A03d00/JSAPP: OHOS_REPORT_CODE: -1
04-09 17:46:32.399 17745 17745 I A03d00/JSAPP: OHOS_REPORT_STATUS: taskconsuming=12
04-09 17:46:32.400 17745 17745 D A03d00/JSAPP: [Hypium]printSync called ...
04-09 17:46:32.400 17745 17745 I A03d00/JSAPP: [Hypium]report print success
04-09 17:46:32.467  1476  1476 I A0001b/Launcher_Default: LocalEventManager --> sendLocalEvent event: "launcher.event.REQUEST_FORM_ITEM_VISIBLE"
04-09 17:46:32.468  1476  1476 I A0001b/Launcher_Default: LauncherMainAbility --> lifeCycleEvent change: 2
04-09 17:46:32.468  1476  1476 I A0001b/Launcher_Default: SmartDockModel --> onMissionClosedCallback, missionId=35
04-09 17:46:32.468  1476  1476 I A0001b/Launcher_Default: AmsMissionManager --> clearMission Id:35
04-09 17:46:32.476  1132  1132 I A0001a/SystemUI_Default: StatusBarVM --> onTintStateChange, tintState: {"isEnable":true,"region":{"left":0,"top":0,"width":720,"height":72},"backgroundColor":"#00FFFFFF","contentColor":"#E5FFFFFF"}
04-09 17:46:32.476  1132  1132 I A0001a/SystemUI_Default: StatusBarVM --> setStatusBarEnable, isEnable true
04-09 17:46:32.476  1132  1132 I A0001a/SystemUI_Default: StatusBarVM --> changeBackground, backgroundColor: #00FFFFFF region: {"left":0,"top":0,"width":720,"height":72}
04-09 17:46:32.477  1132  1132 I A0001a/SystemUI_Default: StatusBarVM --> changeBackground, data: {"backgroundColor":"#00FFFFFF","width":720}
04-09 17:46:32.477  1132  1132 I A0001a/SystemUI_Default: StatusBarVM --> changeContent, contentColor: #E5FFFFFF region: {"left":0,"top":0,"width":720,"height":72}
04-09 17:46:32.478  1132  1132 I A0001a/SystemUI_Default: StatusBarVM --> changeContent, data: {"contentColor":"#E5FFFFFF","width":720}
04-09 17:46:32.478  1132  1132 I A0001a/SystemUI_Default: StatusBarVM --> changeComponentContent, id battery area: {"left":511.70001220703125,"top":0,"width":98.80000305175781,"height":72}
04-09 17:46:32.483  1132  1132 I A0001a/SystemUI_Default: StatusBarVM --> setComponentContent, id battery contentColor: #E5FFFFFF
04-09 17:46:32.484  1132  1132 I A0001a/SystemUI_Default: StatusBarVM --> changeComponentContent, id air_plane area: {"left":511.70001220703125,"top":0,"width":0,"height":72}
04-09 17:46:32.485  1132  1132 I A0001a/SystemUI_Default: StatusBarVM --> setComponentContent, id air_plane contentColor: #E5FFFFFF
04-09 17:46:32.486  1132  1132 I A0001a/SystemUI_Default: StatusBarVM --> changeComponentContent, id nfc area: {"left":512.7000122070312,"top":0,"width":-1,"height":72}
04-09 17:46:32.487  1132  1132 I A0001a/SystemUI_Default: StatusBarVM --> setComponentContent, id nfc contentColor: #E5FFFFFF
04-09 17:46:32.487  1132  1132 I A0001a/SystemUI_Default: StatusBarVM --> changeComponentContent, id location area: {"left":512.7000122070312,"top":0,"width":0,"height":72}
04-09 17:46:32.487  1132  1132 I A0001a/SystemUI_Default: StatusBarVM --> setComponentContent, id location contentColor: #E5FFFFFF
04-09 17:46:32.488  1132  1132 I A0001a/SystemUI_Default: StatusBarVM --> changeComponentContent, id ring_mode area: {"left":512.7000122070312,"top":0,"width":0,"height":72}
04-09 17:46:32.488  1132  1132 I A0001a/SystemUI_Default: StatusBarVM --> setComponentContent, id ring_mode contentColor: #E5FFFFFF
04-09 17:46:32.491  1132  1132 I A0001a/SystemUI_Default: StatusBarVM --> changeComponentContent, id bluetooth area: {"left":512.7000122070312,"top":0,"width":0,"height":72}
04-09 17:46:32.491  1132  1132 I A0001a/SystemUI_Default: StatusBarVM --> setComponentContent, id bluetooth contentColor: #E5FFFFFF
04-09 17:46:32.492  1132  1132 I A0001a/SystemUI_Default: StatusBarVM --> changeComponentContent, id capsule area: {"left":256.375,"top":0,"width":-1,"height":72}
04-09 17:46:32.492  1132  1132 I A0001a/SystemUI_Default: StatusBarVM --> setComponentContent, id capsule contentColor: #E5FFFFFF
04-09 17:46:32.492  1132  1132 I A0001a/SystemUI_Default: StatusBarVM --> changeComponentContent, id wifi area: {"left":217.75,"top":0,"width":38.625,"height":72}
04-09 17:46:32.493  1132  1132 I A0001a/SystemUI_Default: StatusBarVM --> setComponentContent, id wifi contentColor: #E5FFFFFF
04-09 17:46:32.493  1132  1132 I A0001a/SystemUI_Default: StatusBarVM --> changeComponentContent, id signal area: {"left":36,"top":0,"width":181.75,"height":72}
04-09 17:46:32.493  1132  1132 I A0001a/SystemUI_Default: StatusBarVM --> setComponentContent, id signal contentColor: #E5FFFFFF
04-09 17:46:32.494  1476  1476 I A0001b/Launcher_Default: SmartDockModel --> onMissionDestroyedCallback, missionId=35
04-09 17:46:32.497  1132  1132 I A0001a/SystemUI_Default: StatusBarVM --> changeComponentContent, id clock area: {"left":610.5000152587891,"top":0,"width":73.5,"height":72}
04-09 17:46:32.498  1132  1132 I A0001a/SystemUI_Default: StatusBarVM --> setComponentContent, id clock contentColor: #E5FFFFFF
04-09 17:46:32.499  1132  1132 I A0001a/SystemUI_Default: StatusBarVM --> changeComponentContent, id notification area: {"left":255.375,"top":0,"width":0,"height":72}
04-09 17:46:32.499  1132  1132 I A0001a/SystemUI_Default: StatusBarVM --> setComponentContent, id notification contentColor: #E5FFFFFF
04-09 17:46:32.515  1132  1132 I A0001a/SystemUI_Default: WifiComponent-WifiIcon --> getImage
04-09 17:46:37.863  1476  1476 I A0001b/Launcher_Default: LauncherAbilityManager --> update bundleName: ohos.samples.myShopping userId: 100
04-09 17:46:37.863  1476  1476 I A0001b/Launcher_Default: AppModel --> installationSubscriberCallBack event: usual.event.PACKAGE_CHANGED
04-09 17:46:37.864  1132  1582 I A0001a/SystemUI_Default: SourceLoader-BundleParseUtil --> bundle change, err: {"code":0} data: {"event":"usual.event.PACKAGE_CHANGED","bundleName":"ohos.samples.myShopping","code":0,"data":"","parameters":{"abilityName":"EntryAbility","accessTokenId":0,"isAgingUninstall":false,"moduleName":"entry_test","uid":20010044,"userId":100}}
04-09 17:46:37.865  1132  1582 I A0001a/SystemUI_Default: SourceLoader-BundleParseUtil --> queryAbilityWithBundleName, action: com.ohos.systemui.action.BAR_ICON bundleName: ohos.samples.myShopping
04-09 17:46:37.874  1476  1476 E A0001b/Launcher_Default: FormModel --> getFormsInfoByBundleName err: {"code":16500100}
04-09 17:46:37.878  1132  1582 E A0001a/SystemUI_Default: SourceLoader-BundleParseUtil --> queryAbilityWithBundleName, queryAbilityByWant error: {"code":17700003}
04-09 17:46:37.887  1132  1582 E A0001a/SystemUI_Default: SourceLoader-BundleParseUtil --> queryAbilityWithBundleName, queryExtensionAbilityInfo error: {"code":17700003}
04-09 17:46:37.887  1132  1582 I A0001a/SystemUI_Default: PluginDataSourceManager --> abilityInfos: []
04-09 17:46:37.922  1476  1476 I A0001b/Launcher_Default: AppModel --> installationSubscriber, PACKAGE_CHANGED, bundleName is ohos.samples.myShopping
04-09 17:46:37.923  1476  1476 I A0001b/Launcher_Default: LocalEventManager --> sendLocalEvent event: "launcher.event.EVENT_REQUEST_RECOMMEND_FORM_UPDATE"
04-09 17:46:37.923  1476  1476 I A0001b/Launcher_Default: LocalEventManager --> sendLocalEvent, send local event with no receiver
04-09 17:46:37.923  1476  1476 E A0001b/Launcher_Default: AppModel --> installationSubscriberCallBack unKnow bundleType:undefined
04-09 17:46:37.923  1476  1476 I A0001b/Launcher_Default: PageDesktopViewModel --> getAppList start
04-09 17:46:37.923  1476  1476 I A0001b/Launcher_Default: AppModel --> getAppList start
04-09 17:46:37.923  1476  1476 I A0001b/Launcher_Default: AppModel --> getAppList bundleInfoList length: 14
04-09 17:46:37.936  1476  1476 I A0001b/Launcher_Default: PageDesktopLayoutConfig -->  srj updateGridLayoutInfo...
04-09 17:46:37.937  1476  1476 I A0001b/Launcher_Default: PageDesktopViewModel --> pagingFiltering appListInfo length:10
04-09 17:46:38.055  1476  1476 I A0001b/Launcher_Default: PageDesktopLayoutConfig --> srj updateGridLayoutInfo success.
04-09 17:46:40.838  1476  1476 I A0001b/Launcher_Default: LauncherAbilityManager --> update bundleName: ohos.samples.myShopping userId: 100
04-09 17:46:40.838  1476  1476 I A0001b/Launcher_Default: AppModel --> installationSubscriberCallBack event: usual.event.PACKAGE_CHANGED
04-09 17:46:40.841  1132  1582 I A0001a/SystemUI_Default: SourceLoader-BundleParseUtil --> bundle change, err: {"code":0} data: {"event":"usual.event.PACKAGE_CHANGED","bundleName":"ohos.samples.myShopping","code":0,"data":"","parameters":{"abilityName":"EntryAbility","accessTokenId":0,"isAgingUninstall":false,"moduleName":"entry","uid":20010044,"userId":100}}
04-09 17:46:40.841  1132  1582 I A0001a/SystemUI_Default: SourceLoader-BundleParseUtil --> queryAbilityWithBundleName, action: com.ohos.systemui.action.BAR_ICON bundleName: ohos.samples.myShopping
04-09 17:46:40.851  1132  1582 E A0001a/SystemUI_Default: SourceLoader-BundleParseUtil --> queryAbilityWithBundleName, queryAbilityByWant error: {"code":17700003}
04-09 17:46:40.851  1476  1476 E A0001b/Launcher_Default: FormModel --> getFormsInfoByBundleName err: {"code":16500100}
04-09 17:46:40.863  1132  1582 E A0001a/SystemUI_Default: SourceLoader-BundleParseUtil --> queryAbilityWithBundleName, queryExtensionAbilityInfo error: {"code":17700003}
04-09 17:46:40.863  1132  1582 I A0001a/SystemUI_Default: PluginDataSourceManager --> abilityInfos: []
04-09 17:46:40.904  1476  1476 I A0001b/Launcher_Default: AppModel --> installationSubscriber, PACKAGE_CHANGED, bundleName is ohos.samples.myShopping
04-09 17:46:40.904  1476  1476 I A0001b/Launcher_Default: LocalEventManager --> sendLocalEvent event: "launcher.event.EVENT_REQUEST_RECOMMEND_FORM_UPDATE"
04-09 17:46:40.905  1476  1476 I A0001b/Launcher_Default: LocalEventManager --> sendLocalEvent, send local event with no receiver
04-09 17:46:40.905  1476  1476 E A0001b/Launcher_Default: AppModel --> installationSubscriberCallBack unKnow bundleType:undefined
04-09 17:46:40.905  1476  1476 I A0001b/Launcher_Default: PageDesktopViewModel --> getAppList start
04-09 17:46:40.905  1476  1476 I A0001b/Launcher_Default: AppModel --> getAppList start
04-09 17:46:40.905  1476  1476 I A0001b/Launcher_Default: AppModel --> getAppList bundleInfoList length: 14
04-09 17:46:40.928  1476  1476 I A0001b/Launcher_Default: PageDesktopLayoutConfig -->  srj updateGridLayoutInfo...
04-09 17:46:40.928  1476  1476 I A0001b/Launcher_Default: PageDesktopViewModel --> pagingFiltering appListInfo length:10
04-09 17:46:41.015  1476  1476 I A0001b/Launcher_Default: PageDesktopLayoutConfig --> srj updateGridLayoutInfo success.
04-09 17:46:41.413 17845 17845 I A00000/testTag: OpenHarmonyTestRunner OnPrepare 
04-09 17:46:41.419 17845 17845 I A00000/testTag: OpenHarmonyTestRunner onRun run
04-09 17:46:41.422 17845 17845 I A00000/testTag: OpenHarmonyTestRunner onRun end
04-09 17:46:41.456 17845 17845 I A00000/testTag: startAbility : err : null
04-09 17:46:41.457 17845 17845 I A00000/testTag: startAbility : data : 
04-09 17:46:41.457 17845 17845 I A00000/testTag: addAbilityMonitorCallback : null
04-09 17:46:41.522 17845 17845 W A03d00/JSAPP: UiTestKit_exporter: systemParameter "persist.ace.testmode.enabled" is not set!
04-09 17:46:41.530 17845 17845 I A03d00/JSAPP: UiTestKit_exporter: ScheduleProbeAndEstablishConnection, token=ohos.samples.myShopping@17845@20010044@1
04-09 17:46:41.530 17845 17845 I A03d00/JSAPP: UiTestKit_exporter: Begin executing shell command to start server-daemon
04-09 17:46:42.462 17845 17845 I A03d00/JSAPP: Callee constructor is OK string
04-09 17:46:42.463 17845 17845 I A03d00/JSAPP: Ability::constructor callee is object [object Object]
04-09 17:46:42.482 17845 17845 I A03d00/JSAPP: UiTestKit_exporter: Start server-daemon finished: {"stdResult":"","exitCode":0}
04-09 17:46:42.494 17845 17845 I A00000/testTag: TestAbility onCreate
04-09 17:46:42.494 17845 17845 I A00000/testTag: want param:{"deviceId":"","bundleName":"ohos.samples.myShopping","abilityName":"TestAbility","moduleName":"entry_test","uri":"","type":"","flags":0,"action":"","parameters":{"component.startup.newRules":true,"isDelegatorCall":true,"moduleName":"entry_test","ohos.aafwk.param.callerAbilityName":"","ohos.aafwk.param.callerBundleName":"","ohos.aafwk.param.callerPid":17845,"ohos.aafwk.param.callerToken":537374260,"ohos.aafwk.param.callerUid":20010044,"ohos.ability.launch.reason":1,"ohos.anco.param.missionId":36,"ohos.dlp.params.sandbox":false},"entities":[]}
04-09 17:46:42.495 17845 17845 I A00000/testTag: launchParam:{"launchReason":1,"lastExitReason":8}
04-09 17:46:42.495 17845 17845 I A00000/testTag: start run testcase!!!
04-09 17:46:42.501 17845 17845 I A03d00/JSAPP: [Hypium]parameters:{"timeout":"15000"}
04-09 17:46:42.503 17845 17845 I A03d00/JSAPP: [Hypium]filter params:0
04-09 17:46:42.510 17845 17845 I A03d00/JSAPP: [Hypium]stress length : 1
04-09 17:46:42.514 17845 17845 I A03d00/JSAPP: [Hypium]stress length : 1
04-09 17:46:42.515 17845 17845 I A00000/testTag: onAbilityCreateCallback
04-09 17:46:42.537 17845 17845 I A00000/testTag: TestAbility onWindowStageCreate
04-09 17:46:42.548  1132  1132 I A0001a/SystemUI_Default: StatusBarVM --> onTintStateChange, tintState: {"isEnable":true,"region":{"left":0,"top":0,"width":720,"height":72},"backgroundColor":"#00FFFFFF","contentColor":"#FF000000"}
04-09 17:46:42.548  1132  1132 I A0001a/SystemUI_Default: StatusBarVM --> setStatusBarEnable, isEnable true
04-09 17:46:42.549  1132  1132 I A0001a/SystemUI_Default: StatusBarVM --> changeBackground, backgroundColor: #00FFFFFF region: {"left":0,"top":0,"width":720,"height":72}
04-09 17:46:42.551 17845 17845 I A00000/testTag: TestAbility onForeground
04-09 17:46:42.553  1132  1132 I A0001a/SystemUI_Default: StatusBarVM --> changeBackground, data: {"backgroundColor":"#00FFFFFF","width":720}
04-09 17:46:42.553  1132  1132 I A0001a/SystemUI_Default: StatusBarVM --> changeContent, contentColor: #FF000000 region: {"left":0,"top":0,"width":720,"height":72}
04-09 17:46:42.553  1132  1132 I A0001a/SystemUI_Default: StatusBarVM --> changeContent, data: {"contentColor":"#FF000000","width":720}
04-09 17:46:42.553  1132  1132 I A0001a/SystemUI_Default: StatusBarVM --> changeComponentContent, id battery area: {"left":511.70001220703125,"top":0,"width":98.80000305175781,"height":72}
04-09 17:46:42.555 17845 17845 I A03d00/JSAPP: [Hypium][start] start run suites
04-09 17:46:42.555 17845 17845 I A03d00/JSAPP: [Hypium][suite start]ActsAbilityTest
04-09 17:46:42.556 17845 17845 I A03d00/JSAPP: OHOS_REPORT_SUM: 1
04-09 17:46:42.556 17845 17845 I A03d00/JSAPP: OHOS_REPORT_STATUS: class=ActsAbilityTest
04-09 17:46:42.556 17845 17845 D A03d00/JSAPP: [Hypium]printSync called ...
04-09 17:46:42.557 17845 17845 I A03d00/JSAPP: [Hypium]ActsAbilityTest suiteStart print success
04-09 17:46:42.558 17845 17845 I A03d00/JSAPP: [Hypium]start running case 'assertContain'
04-09 17:46:42.559 17845 17845 I A03d00/JSAPP: OHOS_REPORT_STATUS: class=ActsAbilityTest
04-09 17:46:42.559 17845 17845 I A03d00/JSAPP: OHOS_REPORT_STATUS: current=1
04-09 17:46:42.559 17845 17845 I A03d00/JSAPP: OHOS_REPORT_STATUS: id=JS
04-09 17:46:42.559 17845 17845 I A03d00/JSAPP: OHOS_REPORT_STATUS: numtests=2
04-09 17:46:42.559 17845 17845 I A03d00/JSAPP: OHOS_REPORT_STATUS: stream=
04-09 17:46:42.559 17845 17845 I A03d00/JSAPP: OHOS_REPORT_STATUS: test=assertContain
04-09 17:46:42.559 17845 17845 I A03d00/JSAPP: OHOS_REPORT_STATUS_CODE: 1
04-09 17:46:42.559 17845 17845 D A03d00/JSAPP: [Hypium]printSync called ...
04-09 17:46:42.560 17845 17845 I A03d00/JSAPP: [Hypium]assertContain specStart start print success
04-09 17:46:42.561 17845 17845 I A00000/testTag: it begin
04-09 17:46:42.564  1132  1132 I A0001a/SystemUI_Default: StatusBarVM --> setComponentContent, id battery contentColor: #FF000000
04-09 17:46:42.567 17845 17845 I A03d00/JSAPP: [Hypium][pass]assertContain ; consuming 8ms
04-09 17:46:42.567  1132  1132 I A0001a/SystemUI_Default: StatusBarVM --> changeComponentContent, id air_plane area: {"left":511.70001220703125,"top":0,"width":0,"height":72}
04-09 17:46:42.567 17845 17845 I A03d00/JSAPP: OHOS_REPORT_STATUS: class=ActsAbilityTest
04-09 17:46:42.567 17845 17845 I A03d00/JSAPP: OHOS_REPORT_STATUS: current=1
04-09 17:46:42.567 17845 17845 I A03d00/JSAPP: OHOS_REPORT_STATUS: id=JS
04-09 17:46:42.567 17845 17845 I A03d00/JSAPP: OHOS_REPORT_STATUS: numtests=2
04-09 17:46:42.567 17845 17845 I A03d00/JSAPP: OHOS_REPORT_STATUS: stream=
04-09 17:46:42.567 17845 17845 I A03d00/JSAPP: OHOS_REPORT_STATUS: test=assertContain
04-09 17:46:42.567 17845 17845 I A03d00/JSAPP: OHOS_REPORT_STATUS_CODE: 0
04-09 17:46:42.567 17845 17845 I A03d00/JSAPP: OHOS_REPORT_STATUS: consuming=8
04-09 17:46:42.567  1132  1132 I A0001a/SystemUI_Default: StatusBarVM --> setComponentContent, id air_plane contentColor: #FF000000
04-09 17:46:42.567 17845 17845 D A03d00/JSAPP: [Hypium]printSync called ...
04-09 17:46:42.568 17845 17845 I A03d00/JSAPP: [Hypium]assertContain specDone end print success
04-09 17:46:42.568 17845 17845 I A03d00/JSAPP: [suite end] ActsAbilityTest consuming 8 ms
04-09 17:46:42.569 17845 17845 I A03d00/JSAPP: OHOS_REPORT_STATUS: class=ActsAbilityTest
04-09 17:46:42.569 17845 17845 I A03d00/JSAPP: OHOS_REPORT_STATUS: suiteconsuming=8
04-09 17:46:42.569 17845 17845 D A03d00/JSAPP: [Hypium]printSync called ...
04-09 17:46:42.569  1132  1132 I A0001a/SystemUI_Default: StatusBarVM --> changeComponentContent, id nfc area: {"left":512.7000122070312,"top":0,"width":-1,"height":72}
04-09 17:46:42.569  1132  1132 I A0001a/SystemUI_Default: StatusBarVM --> setComponentContent, id nfc contentColor: #FF000000
04-09 17:46:42.569 17845 17845 I A03d00/JSAPP: [Hypium]ActsAbilityTest suiteDone print success
04-09 17:46:42.570  1132  1132 I A0001a/SystemUI_Default: StatusBarVM --> changeComponentContent, id location area: {"left":512.7000122070312,"top":0,"width":0,"height":72}
04-09 17:46:42.570 17845 17845 I A03d00/JSAPP: [Hypium][suite start]homePageTest
04-09 17:46:42.570  1132  1132 I A0001a/SystemUI_Default: StatusBarVM --> setComponentContent, id location contentColor: #FF000000
04-09 17:46:42.570 17845 17845 I A03d00/JSAPP: OHOS_REPORT_SUM: 1
04-09 17:46:42.570 17845 17845 I A03d00/JSAPP: OHOS_REPORT_STATUS: class=homePageTest
04-09 17:46:42.570 17845 17845 D A03d00/JSAPP: [Hypium]printSync called ...
04-09 17:46:42.570  1132  1132 I A0001a/SystemUI_Default: StatusBarVM --> changeComponentContent, id ring_mode area: {"left":512.7000122070312,"top":0,"width":0,"height":72}
04-09 17:46:42.570 17845 17845 I A03d00/JSAPP: [Hypium]homePageTest suiteStart print success
04-09 17:46:42.570  1132  1132 I A0001a/SystemUI_Default: StatusBarVM --> setComponentContent, id ring_mode contentColor: #FF000000
04-09 17:46:42.571 17845 17845 I A03d00/JSAPP: [scenario_myShops_home]homePageTest begin
04-09 17:46:42.571  1132  1132 I A0001a/SystemUI_Default: StatusBarVM --> changeComponentContent, id bluetooth area: {"left":512.7000122070312,"top":0,"width":0,"height":72}
04-09 17:46:42.572  1132  1132 I A0001a/SystemUI_Default: StatusBarVM --> setComponentContent, id bluetooth contentColor: #FF000000
04-09 17:46:42.572  1132  1132 I A0001a/SystemUI_Default: StatusBarVM --> changeComponentContent, id capsule area: {"left":256.375,"top":0,"width":-1,"height":72}
04-09 17:46:42.573  1132  1132 I A0001a/SystemUI_Default: StatusBarVM --> setComponentContent, id capsule contentColor: #FF000000
04-09 17:46:42.573  1132  1132 I A0001a/SystemUI_Default: StatusBarVM --> changeComponentContent, id wifi area: {"left":217.75,"top":0,"width":38.625,"height":72}
04-09 17:46:42.574  1132  1132 I A0001a/SystemUI_Default: StatusBarVM --> setComponentContent, id wifi contentColor: #FF000000
04-09 17:46:42.581  1132  1132 I A0001a/SystemUI_Default: StatusBarVM --> changeComponentContent, id signal area: {"left":36,"top":0,"width":181.75,"height":72}
04-09 17:46:42.581  1132  1132 I A0001a/SystemUI_Default: StatusBarVM --> setComponentContent, id signal contentColor: #FF000000
04-09 17:46:42.584  1132  1132 I A0001a/SystemUI_Default: StatusBarVM --> changeComponentContent, id clock area: {"left":610.5000152587891,"top":0,"width":73.5,"height":72}
04-09 17:46:42.584  1132  1132 I A0001a/SystemUI_Default: StatusBarVM --> setComponentContent, id clock contentColor: #FF000000
04-09 17:46:42.585  1132  1132 I A0001a/SystemUI_Default: StatusBarVM --> changeComponentContent, id notification area: {"left":255.375,"top":0,"width":0,"height":72}
04-09 17:46:42.585  1132  1132 I A0001a/SystemUI_Default: StatusBarVM --> setComponentContent, id notification contentColor: #FF000000
04-09 17:46:42.591 17845 17845 E A03d00/JSAPP: [Hypium]    at AssertException (oh_modules/.ohpm/@ohos+hypium@1.0.11/oh_modules/@ohos/hypium/src/main/service.js:20:5)
04-09 17:46:42.591 17845 17845 E A03d00/JSAPP:     at anonymous (oh_modules/.ohpm/@ohos+hypium@1.0.11/oh_modules/@ohos/hypium/src/main/service.js:809:33)
04-09 17:46:42.591 17845 17845 E A03d00/JSAPP:     at anonymous (entry/src/ohosTest/ets/test/uiTestSuites/home.test.ets:22:17)
04-09 17:46:42.592 17845 17845 I A03d00/JSAPP: [Hypium]start running case 'function_myNews_publickArticle_001'
04-09 17:46:42.592 17845 17845 I A03d00/JSAPP: OHOS_REPORT_STATUS: class=homePageTest
04-09 17:46:42.592 17845 17845 I A03d00/JSAPP: OHOS_REPORT_STATUS: current=2
04-09 17:46:42.592 17845 17845 I A03d00/JSAPP: OHOS_REPORT_STATUS: id=JS
04-09 17:46:42.592 17845 17845 I A03d00/JSAPP: OHOS_REPORT_STATUS: numtests=2
04-09 17:46:42.592 17845 17845 I A03d00/JSAPP: OHOS_REPORT_STATUS: stream=
04-09 17:46:42.592 17845 17845 I A03d00/JSAPP: OHOS_REPORT_STATUS: test=function_myNews_publickArticle_001
04-09 17:46:42.592 17845 17845 I A03d00/JSAPP: OHOS_REPORT_STATUS_CODE: 1
04-09 17:46:42.592 17845 17845 D A03d00/JSAPP: [Hypium]printSync called ...
04-09 17:46:42.593 17845 17845 I A03d00/JSAPP: [Hypium]function_myNews_publickArticle_001 specStart start print success
04-09 17:46:42.593 17845 17845 I A03d00/JSAPP: [Hypium][fail]function_myNews_publickArticle_001 ; consuming 1ms
04-09 17:46:42.593 17845 17845 I A03d00/JSAPP: [Hypium][failDetail]fail , error in beforeAll function
04-09 17:46:42.593 17845 17845 I A03d00/JSAPP: OHOS_REPORT_STATUS: class=homePageTest
04-09 17:46:42.593 17845 17845 I A03d00/JSAPP: OHOS_REPORT_STATUS: current=2
04-09 17:46:42.593 17845 17845 I A03d00/JSAPP: OHOS_REPORT_STATUS: id=JS
04-09 17:46:42.593 17845 17845 I A03d00/JSAPP: OHOS_REPORT_STATUS: numtests=2
04-09 17:46:42.593 17845 17845 I A03d00/JSAPP: OHOS_REPORT_STATUS: stack=fail , error in beforeAll function
04-09 17:46:42.593 17845 17845 I A03d00/JSAPP: OHOS_REPORT_STATUS: stream=
04-09 17:46:42.593 17845 17845 I A03d00/JSAPP: Error in function_myNews_publickArticle_001
04-09 17:46:42.593 17845 17845 I A03d00/JSAPP: fail , error in beforeAll function
04-09 17:46:42.593 17845 17845 I A03d00/JSAPP: OHOS_REPORT_STATUS: test=function_myNews_publickArticle_001
04-09 17:46:42.593 17845 17845 I A03d00/JSAPP: OHOS_REPORT_STATUS_CODE: -2
04-09 17:46:42.593 17845 17845 I A03d00/JSAPP: OHOS_REPORT_STATUS: consuming=1
04-09 17:46:42.594 17845 17845 D A03d00/JSAPP: [Hypium]printSync called ...
04-09 17:46:42.594  1132  1132 I A0001a/SystemUI_Default: WifiComponent-WifiIcon --> getImage
04-09 17:46:42.594 17845 17845 I A03d00/JSAPP: [Hypium]function_myNews_publickArticle_001 specDone end print success
04-09 17:46:42.594 17845 17845 I A03d00/JSAPP: [suite end] homePageTest consuming 1 ms, fail , error in beforeAll function
04-09 17:46:42.595 17845 17845 I A03d00/JSAPP: OHOS_REPORT_STATUS: class=homePageTest
04-09 17:46:42.595 17845 17845 I A03d00/JSAPP: OHOS_REPORT_STATUS: suiteconsuming=1
04-09 17:46:42.595 17845 17845 I A03d00/JSAPP: OHOS_REPORT_STATUS: fail , error in beforeAll function
04-09 17:46:42.595 17845 17845 D A03d00/JSAPP: [Hypium]printSync called ...
04-09 17:46:42.595 17845 17845 I A03d00/JSAPP: [Hypium]homePageTest suiteDone print success
04-09 17:46:42.596 17845 17845 I A03d00/JSAPP: [Hypium]total cases:2;failure 1,error 0,pass 1; consuming 9ms
04-09 17:46:42.596 17845 17845 I A03d00/JSAPP: [Hypium][end] run suites end
04-09 17:46:42.597 17845 17845 I A03d00/JSAPP: OHOS_REPORT_RESULT: stream=Tests run: 2, Failure: 1, Error: 0, Pass: 1, Ignore: 0
04-09 17:46:42.597 17845 17845 I A03d00/JSAPP: OHOS_REPORT_CODE: -1
04-09 17:46:42.597 17845 17845 I A03d00/JSAPP: OHOS_REPORT_STATUS: taskconsuming=9
04-09 17:46:42.597 17845 17845 D A03d00/JSAPP: [Hypium]printSync called ...
04-09 17:46:42.597 17845 17845 I A03d00/JSAPP: [Hypium]report print success
04-09 17:46:42.677 17845 17845 I A00000/testTag: Succeeded in loading the content. Data: 
04-09 17:46:42.761  1132  1132 I A0001a/SystemUI_Default: StatusBarVM --> onTintStateChange, tintState: {"isEnable":true,"region":{"left":0,"top":0,"width":720,"height":72},"backgroundColor":"#00FFFFFF","contentColor":"#E5FFFFFF"}
04-09 17:46:42.762  1132  1132 I A0001a/SystemUI_Default: StatusBarVM --> setStatusBarEnable, isEnable true
04-09 17:46:42.762  1132  1132 I A0001a/SystemUI_Default: StatusBarVM --> changeBackground, backgroundColor: #00FFFFFF region: {"left":0,"top":0,"width":720,"height":72}
04-09 17:46:42.763  1476  1476 I A0001b/Launcher_Default: LocalEventManager --> sendLocalEvent event: "launcher.event.REQUEST_FORM_ITEM_VISIBLE"
04-09 17:46:42.764  1132  1132 I A0001a/SystemUI_Default: StatusBarVM --> changeBackground, data: {"backgroundColor":"#00FFFFFF","width":720}
04-09 17:46:42.764  1132  1132 I A0001a/SystemUI_Default: StatusBarVM --> changeContent, contentColor: #E5FFFFFF region: {"left":0,"top":0,"width":720,"height":72}
04-09 17:46:42.764  1132  1132 I A0001a/SystemUI_Default: StatusBarVM --> changeContent, data: {"contentColor":"#E5FFFFFF","width":720}
04-09 17:46:42.764  1132  1132 I A0001a/SystemUI_Default: StatusBarVM --> changeComponentContent, id battery area: {"left":511.70001220703125,"top":0,"width":98.80000305175781,"height":72}
04-09 17:46:42.765  1132  1132 I A0001a/SystemUI_Default: StatusBarVM --> setComponentContent, id battery contentColor: #E5FFFFFF
04-09 17:46:42.765  1476  1476 I A0001b/Launcher_Default: LauncherMainAbility --> lifeCycleEvent change: 2
04-09 17:46:42.765  1476  1476 I A0001b/Launcher_Default: SmartDockModel --> onMissionClosedCallback, missionId=36
04-09 17:46:42.765  1476  1476 I A0001b/Launcher_Default: AmsMissionManager --> clearMission Id:36
04-09 17:46:42.765  1132  1132 I A0001a/SystemUI_Default: StatusBarVM --> changeComponentContent, id air_plane area: {"left":511.70001220703125,"top":0,"width":0,"height":72}
04-09 17:46:42.766  1132  1132 I A0001a/SystemUI_Default: StatusBarVM --> setComponentContent, id air_plane contentColor: #E5FFFFFF
04-09 17:46:42.766  1132  1132 I A0001a/SystemUI_Default: StatusBarVM --> changeComponentContent, id nfc area: {"left":512.7000122070312,"top":0,"width":-1,"height":72}
04-09 17:46:42.766  1132  1132 I A0001a/SystemUI_Default: StatusBarVM --> setComponentContent, id nfc contentColor: #E5FFFFFF
04-09 17:46:42.767  1132  1132 I A0001a/SystemUI_Default: StatusBarVM --> changeComponentContent, id location area: {"left":512.7000122070312,"top":0,"width":0,"height":72}
04-09 17:46:42.767  1132  1132 I A0001a/SystemUI_Default: StatusBarVM --> setComponentContent, id location contentColor: #E5FFFFFF
04-09 17:46:42.768  1132  1132 I A0001a/SystemUI_Default: StatusBarVM --> changeComponentContent, id ring_mode area: {"left":512.7000122070312,"top":0,"width":0,"height":72}
04-09 17:46:42.768  1132  1132 I A0001a/SystemUI_Default: StatusBarVM --> setComponentContent, id ring_mode contentColor: #E5FFFFFF
04-09 17:46:42.768  1132  1132 I A0001a/SystemUI_Default: StatusBarVM --> changeComponentContent, id bluetooth area: {"left":512.7000122070312,"top":0,"width":0,"height":72}
04-09 17:46:42.769  1132  1132 I A0001a/SystemUI_Default: StatusBarVM --> setComponentContent, id bluetooth contentColor: #E5FFFFFF
04-09 17:46:42.769  1132  1132 I A0001a/SystemUI_Default: StatusBarVM --> changeComponentContent, id capsule area: {"left":256.375,"top":0,"width":-1,"height":72}
04-09 17:46:42.770  1132  1132 I A0001a/SystemUI_Default: StatusBarVM --> setComponentContent, id capsule contentColor: #E5FFFFFF
04-09 17:46:42.770  1132  1132 I A0001a/SystemUI_Default: StatusBarVM --> changeComponentContent, id wifi area: {"left":217.75,"top":0,"width":38.625,"height":72}
04-09 17:46:42.770  1132  1132 I A0001a/SystemUI_Default: StatusBarVM --> setComponentContent, id wifi contentColor: #E5FFFFFF
04-09 17:46:42.771  1476  1476 I A0001b/Launcher_Default: SmartDockModel --> onMissionDestroyedCallback, missionId=36
04-09 17:46:42.772  1132  1132 I A0001a/SystemUI_Default: StatusBarVM --> changeComponentContent, id signal area: {"left":36,"top":0,"width":181.75,"height":72}
04-09 17:46:42.772  1132  1132 I A0001a/SystemUI_Default: StatusBarVM --> setComponentContent, id signal contentColor: #E5FFFFFF
04-09 17:46:42.773  1132  1132 I A0001a/SystemUI_Default: StatusBarVM --> changeComponentContent, id clock area: {"left":610.5000152587891,"top":0,"width":73.5,"height":72}
04-09 17:46:42.774  1132  1132 I A0001a/SystemUI_Default: StatusBarVM --> setComponentContent, id clock contentColor: #E5FFFFFF
04-09 17:46:42.774  1132  1132 I A0001a/SystemUI_Default: StatusBarVM --> changeComponentContent, id notification area: {"left":255.375,"top":0,"width":0,"height":72}
04-09 17:46:42.775  1132  1132 I A0001a/SystemUI_Default: StatusBarVM --> setComponentContent, id notification contentColor: #E5FFFFFF
04-09 17:46:42.786  1132  1132 I A0001a/SystemUI_Default: WifiComponent-WifiIcon --> getImage
04-09 17:46:46.895  1476  1476 I A0001b/Launcher_Default: LauncherAbilityManager --> update bundleName: ohos.samples.myShopping userId: 100
04-09 17:46:46.895  1476  1476 I A0001b/Launcher_Default: AppModel --> installationSubscriberCallBack event: usual.event.PACKAGE_CHANGED
04-09 17:46:46.903  1132  1582 I A0001a/SystemUI_Default: SourceLoader-BundleParseUtil --> bundle change, err: {"code":0} data: {"event":"usual.event.PACKAGE_CHANGED","bundleName":"ohos.samples.myShopping","code":0,"data":"","parameters":{"abilityName":"EntryAbility","accessTokenId":0,"isAgingUninstall":false,"moduleName":"entry_test","uid":20010044,"userId":100}}
04-09 17:46:46.904  1132  1582 I A0001a/SystemUI_Default: SourceLoader-BundleParseUtil --> queryAbilityWithBundleName, action: com.ohos.systemui.action.BAR_ICON bundleName: ohos.samples.myShopping
04-09 17:46:46.906  1476  1476 E A0001b/Launcher_Default: FormModel --> getFormsInfoByBundleName err: {"code":16500100}
04-09 17:46:46.915  1132  1582 E A0001a/SystemUI_Default: SourceLoader-BundleParseUtil --> queryAbilityWithBundleName, queryAbilityByWant error: {"code":17700003}
04-09 17:46:46.925  1132  1582 E A0001a/SystemUI_Default: SourceLoader-BundleParseUtil --> queryAbilityWithBundleName, queryExtensionAbilityInfo error: {"code":17700003}
04-09 17:46:46.925  1132  1582 I A0001a/SystemUI_Default: PluginDataSourceManager --> abilityInfos: []
04-09 17:46:46.956  1476  1476 I A0001b/Launcher_Default: AppModel --> installationSubscriber, PACKAGE_CHANGED, bundleName is ohos.samples.myShopping
04-09 17:46:46.957  1476  1476 I A0001b/Launcher_Default: LocalEventManager --> sendLocalEvent event: "launcher.event.EVENT_REQUEST_RECOMMEND_FORM_UPDATE"
04-09 17:46:46.957  1476  1476 I A0001b/Launcher_Default: LocalEventManager --> sendLocalEvent, send local event with no receiver
04-09 17:46:46.957  1476  1476 E A0001b/Launcher_Default: AppModel --> installationSubscriberCallBack unKnow bundleType:undefined
04-09 17:46:46.957  1476  1476 I A0001b/Launcher_Default: PageDesktopViewModel --> getAppList start
04-09 17:46:46.957  1476  1476 I A0001b/Launcher_Default: AppModel --> getAppList start
04-09 17:46:46.957  1476  1476 I A0001b/Launcher_Default: AppModel --> getAppList bundleInfoList length: 14
04-09 17:46:46.970  1476  1476 I A0001b/Launcher_Default: PageDesktopLayoutConfig -->  srj updateGridLayoutInfo...
04-09 17:46:46.971  1476  1476 I A0001b/Launcher_Default: PageDesktopViewModel --> pagingFiltering appListInfo length:10
04-09 17:46:47.070  1476  1476 I A0001b/Launcher_Default: PageDesktopLayoutConfig --> srj updateGridLayoutInfo success.
04-09 17:46:49.697  1476  1476 I A0001b/Launcher_Default: LauncherAbilityManager --> update bundleName: ohos.samples.myShopping userId: 100
04-09 17:46:49.697  1476  1476 I A0001b/Launcher_Default: AppModel --> installationSubscriberCallBack event: usual.event.PACKAGE_CHANGED
04-09 17:46:49.698  1132  1582 I A0001a/SystemUI_Default: SourceLoader-BundleParseUtil --> bundle change, err: {"code":0} data: {"event":"usual.event.PACKAGE_CHANGED","bundleName":"ohos.samples.myShopping","code":0,"data":"","parameters":{"abilityName":"EntryAbility","accessTokenId":0,"isAgingUninstall":false,"moduleName":"entry","uid":20010044,"userId":100}}
04-09 17:46:49.699  1132  1582 I A0001a/SystemUI_Default: SourceLoader-BundleParseUtil --> queryAbilityWithBundleName, action: com.ohos.systemui.action.BAR_ICON bundleName: ohos.samples.myShopping
04-09 17:46:49.711  1132  1582 E A0001a/SystemUI_Default: SourceLoader-BundleParseUtil --> queryAbilityWithBundleName, queryAbilityByWant error: {"code":17700003}
04-09 17:46:49.711  1476  1476 E A0001b/Launcher_Default: FormModel --> getFormsInfoByBundleName err: {"code":16500100}
04-09 17:46:49.721  1132  1582 E A0001a/SystemUI_Default: SourceLoader-BundleParseUtil --> queryAbilityWithBundleName, queryExtensionAbilityInfo error: {"code":17700003}
04-09 17:46:49.722  1132  1582 I A0001a/SystemUI_Default: PluginDataSourceManager --> abilityInfos: []
04-09 17:46:49.761  1476  1476 I A0001b/Launcher_Default: AppModel --> installationSubscriber, PACKAGE_CHANGED, bundleName is ohos.samples.myShopping
04-09 17:46:49.761  1476  1476 I A0001b/Launcher_Default: LocalEventManager --> sendLocalEvent event: "launcher.event.EVENT_REQUEST_RECOMMEND_FORM_UPDATE"
04-09 17:46:49.762  1476  1476 I A0001b/Launcher_Default: LocalEventManager --> sendLocalEvent, send local event with no receiver
04-09 17:46:49.762  1476  1476 E A0001b/Launcher_Default: AppModel --> installationSubscriberCallBack unKnow bundleType:undefined
04-09 17:46:49.762  1476  1476 I A0001b/Launcher_Default: PageDesktopViewModel --> getAppList start
04-09 17:46:49.762  1476  1476 I A0001b/Launcher_Default: AppModel --> getAppList start
04-09 17:46:49.762  1476  1476 I A0001b/Launcher_Default: AppModel --> getAppList bundleInfoList length: 14
04-09 17:46:49.778  1476  1476 I A0001b/Launcher_Default: PageDesktopLayoutConfig -->  srj updateGridLayoutInfo...
04-09 17:46:49.779  1476  1476 I A0001b/Launcher_Default: PageDesktopViewModel --> pagingFiltering appListInfo length:10
04-09 17:46:49.873  1476  1476 I A0001b/Launcher_Default: PageDesktopLayoutConfig --> srj updateGridLayoutInfo success.
04-09 17:46:50.267 17934 17934 I A00000/testTag: OpenHarmonyTestRunner OnPrepare 
04-09 17:46:50.273 17934 17934 I A00000/testTag: OpenHarmonyTestRunner onRun run
04-09 17:46:50.275 17934 17934 I A00000/testTag: OpenHarmonyTestRunner onRun end
04-09 17:46:50.306 17934 17934 I A00000/testTag: startAbility : err : null
04-09 17:46:50.306 17934 17934 I A00000/testTag: startAbility : data : 
04-09 17:46:50.306 17934 17934 I A00000/testTag: addAbilityMonitorCallback : null
04-09 17:46:50.357 17934 17934 W A03d00/JSAPP: UiTestKit_exporter: systemParameter "persist.ace.testmode.enabled" is not set!
04-09 17:46:50.365 17934 17934 I A03d00/JSAPP: UiTestKit_exporter: ScheduleProbeAndEstablishConnection, token=ohos.samples.myShopping@17934@20010044@1
04-09 17:46:50.366 17934 17934 I A03d00/JSAPP: UiTestKit_exporter: Begin executing shell command to start server-daemon
04-09 17:46:51.293 17934 17934 I A03d00/JSAPP: Callee constructor is OK string
04-09 17:46:51.293 17934 17934 I A03d00/JSAPP: Ability::constructor callee is object [object Object]
04-09 17:46:51.314 17934 17934 I A03d00/JSAPP: UiTestKit_exporter: Start server-daemon finished: {"stdResult":"","exitCode":0}
04-09 17:46:51.338 17934 17934 I A00000/testTag: TestAbility onCreate
04-09 17:46:51.338 17934 17934 I A00000/testTag: want param:{"deviceId":"","bundleName":"ohos.samples.myShopping","abilityName":"TestAbility","moduleName":"entry_test","uri":"","type":"","flags":0,"action":"","parameters":{"component.startup.newRules":true,"isDelegatorCall":true,"moduleName":"entry_test","ohos.aafwk.param.callerAbilityName":"","ohos.aafwk.param.callerBundleName":"","ohos.aafwk.param.callerPid":17934,"ohos.aafwk.param.callerToken":537374260,"ohos.aafwk.param.callerUid":20010044,"ohos.ability.launch.reason":1,"ohos.anco.param.missionId":37,"ohos.dlp.params.sandbox":false},"entities":[]}
04-09 17:46:51.338 17934 17934 I A00000/testTag: launchParam:{"launchReason":1,"lastExitReason":8}
04-09 17:46:51.339 17934 17934 I A00000/testTag: start run testcase!!!
04-09 17:46:51.345 17934 17934 I A03d00/JSAPP: [Hypium]parameters:{"timeout":"15000"}
04-09 17:46:51.347 17934 17934 I A03d00/JSAPP: [Hypium]filter params:0
04-09 17:46:51.354 17934 17934 I A03d00/JSAPP: [Hypium]stress length : 1
04-09 17:46:51.358 17934 17934 I A03d00/JSAPP: [Hypium]stress length : 1
04-09 17:46:51.359 17934 17934 I A00000/testTag: onAbilityCreateCallback
04-09 17:46:51.383 17934 17934 I A00000/testTag: TestAbility onWindowStageCreate
04-09 17:46:51.413 17934 17934 I A00000/testTag: TestAbility onForeground
04-09 17:46:51.419 17934 17934 I A03d00/JSAPP: [Hypium][start] start run suites
04-09 17:46:51.420 17934 17934 I A03d00/JSAPP: [Hypium][suite start]ActsAbilityTest
04-09 17:46:51.421 17934 17934 I A03d00/JSAPP: OHOS_REPORT_SUM: 1
04-09 17:46:51.421 17934 17934 I A03d00/JSAPP: OHOS_REPORT_STATUS: class=ActsAbilityTest
04-09 17:46:51.421 17934 17934 D A03d00/JSAPP: [Hypium]printSync called ...
04-09 17:46:51.422 17934 17934 I A03d00/JSAPP: [Hypium]ActsAbilityTest suiteStart print success
04-09 17:46:51.423 17934 17934 I A03d00/JSAPP: [Hypium]start running case 'assertContain'
04-09 17:46:51.423 17934 17934 I A03d00/JSAPP: OHOS_REPORT_STATUS: class=ActsAbilityTest
04-09 17:46:51.423 17934 17934 I A03d00/JSAPP: OHOS_REPORT_STATUS: current=1
04-09 17:46:51.423 17934 17934 I A03d00/JSAPP: OHOS_REPORT_STATUS: id=JS
04-09 17:46:51.423 17934 17934 I A03d00/JSAPP: OHOS_REPORT_STATUS: numtests=2
04-09 17:46:51.423 17934 17934 I A03d00/JSAPP: OHOS_REPORT_STATUS: stream=
04-09 17:46:51.423 17934 17934 I A03d00/JSAPP: OHOS_REPORT_STATUS: test=assertContain
04-09 17:46:51.423 17934 17934 I A03d00/JSAPP: OHOS_REPORT_STATUS_CODE: 1
04-09 17:46:51.424 17934 17934 D A03d00/JSAPP: [Hypium]printSync called ...
04-09 17:46:51.424 17934 17934 I A03d00/JSAPP: [Hypium]assertContain specStart start print success
04-09 17:46:51.425 17934 17934 I A00000/testTag: it begin
04-09 17:46:51.431 17934 17934 I A03d00/JSAPP: [Hypium][pass]assertContain ; consuming 8ms
04-09 17:46:51.431 17934 17934 I A03d00/JSAPP: OHOS_REPORT_STATUS: class=ActsAbilityTest
04-09 17:46:51.431 17934 17934 I A03d00/JSAPP: OHOS_REPORT_STATUS: current=1
04-09 17:46:51.431 17934 17934 I A03d00/JSAPP: OHOS_REPORT_STATUS: id=JS
04-09 17:46:51.431 17934 17934 I A03d00/JSAPP: OHOS_REPORT_STATUS: numtests=2
04-09 17:46:51.431 17934 17934 I A03d00/JSAPP: OHOS_REPORT_STATUS: stream=
04-09 17:46:51.431 17934 17934 I A03d00/JSAPP: OHOS_REPORT_STATUS: test=assertContain
04-09 17:46:51.431 17934 17934 I A03d00/JSAPP: OHOS_REPORT_STATUS_CODE: 0
04-09 17:46:51.431 17934 17934 I A03d00/JSAPP: OHOS_REPORT_STATUS: consuming=8
04-09 17:46:51.431 17934 17934 D A03d00/JSAPP: [Hypium]printSync called ...
04-09 17:46:51.432 17934 17934 I A03d00/JSAPP: [Hypium]assertContain specDone end print success
04-09 17:46:51.433 17934 17934 I A03d00/JSAPP: [suite end] ActsAbilityTest consuming 8 ms
04-09 17:46:51.433 17934 17934 I A03d00/JSAPP: OHOS_REPORT_STATUS: class=ActsAbilityTest
04-09 17:46:51.433 17934 17934 I A03d00/JSAPP: OHOS_REPORT_STATUS: suiteconsuming=8
04-09 17:46:51.433 17934 17934 D A03d00/JSAPP: [Hypium]printSync called ...
04-09 17:46:51.434 17934 17934 I A03d00/JSAPP: [Hypium]ActsAbilityTest suiteDone print success
04-09 17:46:51.435 17934 17934 I A03d00/JSAPP: [Hypium][suite start]homePageTest
04-09 17:46:51.435 17934 17934 I A03d00/JSAPP: OHOS_REPORT_SUM: 1
04-09 17:46:51.435 17934 17934 I A03d00/JSAPP: OHOS_REPORT_STATUS: class=homePageTest
04-09 17:46:51.435 17934 17934 D A03d00/JSAPP: [Hypium]printSync called ...
04-09 17:46:51.436 17934 17934 I A03d00/JSAPP: [Hypium]homePageTest suiteStart print success
04-09 17:46:51.437 17934 17934 I A03d00/JSAPP: [scenario_myShops_home]homePageTest begin
04-09 17:46:51.450  1132  1132 I A0001a/SystemUI_Default: StatusBarVM --> onTintStateChange, tintState: {"isEnable":true,"region":{"left":0,"top":0,"width":720,"height":72},"backgroundColor":"#00FFFFFF","contentColor":"#FF000000"}
04-09 17:46:51.451  1132  1132 I A0001a/SystemUI_Default: StatusBarVM --> setStatusBarEnable, isEnable true
04-09 17:46:51.451  1132  1132 I A0001a/SystemUI_Default: StatusBarVM --> changeBackground, backgroundColor: #00FFFFFF region: {"left":0,"top":0,"width":720,"height":72}
04-09 17:46:51.453  1132  1132 I A0001a/SystemUI_Default: StatusBarVM --> changeBackground, data: {"backgroundColor":"#00FFFFFF","width":720}
04-09 17:46:51.453  1132  1132 I A0001a/SystemUI_Default: StatusBarVM --> changeContent, contentColor: #FF000000 region: {"left":0,"top":0,"width":720,"height":72}
04-09 17:46:51.453  1132  1132 I A0001a/SystemUI_Default: StatusBarVM --> changeContent, data: {"contentColor":"#FF000000","width":720}
04-09 17:46:51.453  1132  1132 I A0001a/SystemUI_Default: StatusBarVM --> changeComponentContent, id battery area: {"left":511.70001220703125,"top":0,"width":98.80000305175781,"height":72}
04-09 17:46:51.454  1132  1132 I A0001a/SystemUI_Default: StatusBarVM --> setComponentContent, id battery contentColor: #FF000000
04-09 17:46:51.454  1132  1132 I A0001a/SystemUI_Default: StatusBarVM --> changeComponentContent, id air_plane area: {"left":511.70001220703125,"top":0,"width":0,"height":72}
04-09 17:46:51.455  1132  1132 I A0001a/SystemUI_Default: StatusBarVM --> setComponentContent, id air_plane contentColor: #FF000000
04-09 17:46:51.455  1132  1132 I A0001a/SystemUI_Default: StatusBarVM --> changeComponentContent, id nfc area: {"left":512.7000122070312,"top":0,"width":-1,"height":72}
04-09 17:46:51.455  1132  1132 I A0001a/SystemUI_Default: StatusBarVM --> setComponentContent, id nfc contentColor: #FF000000
04-09 17:46:51.456  1132  1132 I A0001a/SystemUI_Default: StatusBarVM --> changeComponentContent, id location area: {"left":512.7000122070312,"top":0,"width":0,"height":72}
04-09 17:46:51.456  1132  1132 I A0001a/SystemUI_Default: StatusBarVM --> setComponentContent, id location contentColor: #FF000000
04-09 17:46:51.456 17934 17934 E A03d00/JSAPP: [Hypium]    at AssertException (oh_modules/.ohpm/@ohos+hypium@1.0.11/oh_modules/@ohos/hypium/src/main/service.js:20:5)
04-09 17:46:51.456 17934 17934 E A03d00/JSAPP:     at anonymous (oh_modules/.ohpm/@ohos+hypium@1.0.11/oh_modules/@ohos/hypium/src/main/service.js:809:33)
04-09 17:46:51.456 17934 17934 E A03d00/JSAPP:     at anonymous (entry/src/ohosTest/ets/test/uiTestSuites/home.test.ets:22:17)
04-09 17:46:51.456  1132  1132 I A0001a/SystemUI_Default: StatusBarVM --> changeComponentContent, id ring_mode area: {"left":512.7000122070312,"top":0,"width":0,"height":72}
04-09 17:46:51.456 17934 17934 I A03d00/JSAPP: [Hypium]start running case 'function_myNews_publickArticle_001'
04-09 17:46:51.456  1132  1132 I A0001a/SystemUI_Default: StatusBarVM --> setComponentContent, id ring_mode contentColor: #FF000000
04-09 17:46:51.457 17934 17934 I A03d00/JSAPP: OHOS_REPORT_STATUS: class=homePageTest
04-09 17:46:51.457 17934 17934 I A03d00/JSAPP: OHOS_REPORT_STATUS: current=2
04-09 17:46:51.457 17934 17934 I A03d00/JSAPP: OHOS_REPORT_STATUS: id=JS
04-09 17:46:51.457 17934 17934 I A03d00/JSAPP: OHOS_REPORT_STATUS: numtests=2
04-09 17:46:51.457 17934 17934 I A03d00/JSAPP: OHOS_REPORT_STATUS: stream=
04-09 17:46:51.457 17934 17934 I A03d00/JSAPP: OHOS_REPORT_STATUS: test=function_myNews_publickArticle_001
04-09 17:46:51.457 17934 17934 I A03d00/JSAPP: OHOS_REPORT_STATUS_CODE: 1
04-09 17:46:51.457 17934 17934 D A03d00/JSAPP: [Hypium]printSync called ...
04-09 17:46:51.457  1132  1132 I A0001a/SystemUI_Default: StatusBarVM --> changeComponentContent, id bluetooth area: {"left":512.7000122070312,"top":0,"width":0,"height":72}
04-09 17:46:51.457  1132  1132 I A0001a/SystemUI_Default: StatusBarVM --> setComponentContent, id bluetooth contentColor: #FF000000
04-09 17:46:51.457 17934 17934 I A03d00/JSAPP: [Hypium]function_myNews_publickArticle_001 specStart start print success
04-09 17:46:51.458  1132  1132 I A0001a/SystemUI_Default: StatusBarVM --> changeComponentContent, id capsule area: {"left":256.375,"top":0,"width":-1,"height":72}
04-09 17:46:51.458  1132  1132 I A0001a/SystemUI_Default: StatusBarVM --> setComponentContent, id capsule contentColor: #FF000000
04-09 17:46:51.458 17934 17934 I A03d00/JSAPP: [Hypium][fail]function_myNews_publickArticle_001 ; consuming 2ms
04-09 17:46:51.458 17934 17934 I A03d00/JSAPP: [Hypium][failDetail]fail , error in beforeAll function
04-09 17:46:51.458  1132  1132 I A0001a/SystemUI_Default: StatusBarVM --> changeComponentContent, id wifi area: {"left":217.75,"top":0,"width":38.625,"height":72}
04-09 17:46:51.458 17934 17934 I A03d00/JSAPP: OHOS_REPORT_STATUS: class=homePageTest
04-09 17:46:51.458 17934 17934 I A03d00/JSAPP: OHOS_REPORT_STATUS: current=2
04-09 17:46:51.458 17934 17934 I A03d00/JSAPP: OHOS_REPORT_STATUS: id=JS
04-09 17:46:51.458 17934 17934 I A03d00/JSAPP: OHOS_REPORT_STATUS: numtests=2
04-09 17:46:51.458 17934 17934 I A03d00/JSAPP: OHOS_REPORT_STATUS: stack=fail , error in beforeAll function
04-09 17:46:51.458 17934 17934 I A03d00/JSAPP: OHOS_REPORT_STATUS: stream=
04-09 17:46:51.458 17934 17934 I A03d00/JSAPP: Error in function_myNews_publickArticle_001
04-09 17:46:51.458 17934 17934 I A03d00/JSAPP: fail , error in beforeAll function
04-09 17:46:51.458 17934 17934 I A03d00/JSAPP: OHOS_REPORT_STATUS: test=function_myNews_publickArticle_001
04-09 17:46:51.458 17934 17934 I A03d00/JSAPP: OHOS_REPORT_STATUS_CODE: -2
04-09 17:46:51.458 17934 17934 I A03d00/JSAPP: OHOS_REPORT_STATUS: consuming=2
04-09 17:46:51.458 17934 17934 D A03d00/JSAPP: [Hypium]printSync called ...
04-09 17:46:51.458  1132  1132 I A0001a/SystemUI_Default: StatusBarVM --> setComponentContent, id wifi contentColor: #FF000000
04-09 17:46:51.459 17934 17934 I A03d00/JSAPP: [Hypium]function_myNews_publickArticle_001 specDone end print success
04-09 17:46:51.459  1132  1132 I A0001a/SystemUI_Default: StatusBarVM --> changeComponentContent, id signal area: {"left":36,"top":0,"width":181.75,"height":72}
