04-08 15:10:07.077     0     0 I I00000/HiLog: ========Zeroth log of type: init
04-09 16:59:00.032  1132  1132 I A0002a/ScreenLock_Default: EventManagerSc --> publish localEvent type: Time_Change_Event
04-09 17:00:00.013  1132  1132 I A0001a/SystemUI_Default: EventManager --> PUBLISH : event: {"target":"local","data":{"eventName":"Time_Change_Event","args":{"date":"2024-04-09T09:00:00.012Z","timeFormat":false}}}
04-09 17:00:00.031  1132  1132 I A0002a/ScreenLock_Default: CommonEvent_TimeManagerSc --> handle common event: usual.event.TIME_TICK
04-09 17:00:00.032  1132  1132 I A0002a/ScreenLock_Default: EventManagerSc --> publish localEvent type: Time_Change_Event
04-09 17:00:35.342  1132  1132 I A0002a/ScreenLock_Default: ScreenLock-ScreenLockService --> app pss info is: 68977
04-09 17:01:00.012  1132  1132 I A0001a/SystemUI_Default: EventManager --> PUBLISH : event: {"target":"local","data":{"eventName":"Time_Change_Event","args":{"date":"2024-04-09T09:01:00.011Z","timeFormat":false}}}
04-09 17:01:00.030  1132  1132 I A0002a/ScreenLock_Default: CommonEvent_TimeManagerSc --> handle common event: usual.event.TIME_TICK
04-09 17:01:00.031  1132  1132 I A0002a/ScreenLock_Default: EventManagerSc --> publish localEvent type: Time_Change_Event
04-09 17:02:00.012  1132  1132 I A0001a/SystemUI_Default: EventManager --> PUBLISH : event: {"target":"local","data":{"eventName":"Time_Change_Event","args":{"date":"2024-04-09T09:02:00.012Z","timeFormat":false}}}
04-09 17:02:00.031  1132  1132 I A0002a/ScreenLock_Default: CommonEvent_TimeManagerSc --> handle common event: usual.event.TIME_TICK
04-09 17:02:00.031  1132  1132 I A0002a/ScreenLock_Default: EventManagerSc --> publish localEvent type: Time_Change_Event
04-09 17:03:00.013  1132  1132 I A0001a/SystemUI_Default: EventManager --> PUBLISH : event: {"target":"local","data":{"eventName":"Time_Change_Event","args":{"date":"2024-04-09T09:03:00.012Z","timeFormat":false}}}
04-09 17:03:00.030  1132  1132 I A0002a/ScreenLock_Default: CommonEvent_TimeManagerSc --> handle common event: usual.event.TIME_TICK
04-09 17:03:00.031  1132  1132 I A0002a/ScreenLock_Default: EventManagerSc --> publish localEvent type: Time_Change_Event
04-09 17:04:00.014  1132  1132 I A0001a/SystemUI_Default: EventManager --> PUBLISH : event: {"target":"local","data":{"eventName":"Time_Change_Event","args":{"date":"2024-04-09T09:04:00.014Z","timeFormat":false}}}
04-09 17:04:00.032  1132  1132 I A0002a/ScreenLock_Default: CommonEvent_TimeManagerSc --> handle common event: usual.event.TIME_TICK
04-09 17:04:00.033  1132  1132 I A0002a/ScreenLock_Default: EventManagerSc --> publish localEvent type: Time_Change_Event
04-09 17:05:00.013  1132  1132 I A0001a/SystemUI_Default: EventManager --> PUBLISH : event: {"target":"local","data":{"eventName":"Time_Change_Event","args":{"date":"2024-04-09T09:05:00.013Z","timeFormat":false}}}
04-09 17:05:00.032  1132  1132 I A0002a/ScreenLock_Default: CommonEvent_TimeManagerSc --> handle common event: usual.event.TIME_TICK
04-09 17:05:00.033  1132  1132 I A0002a/ScreenLock_Default: EventManagerSc --> publish localEvent type: Time_Change_Event
04-09 17:06:00.013  1132  1132 I A0001a/SystemUI_Default: EventManager --> PUBLISH : event: {"target":"local","data":{"eventName":"Time_Change_Event","args":{"date":"2024-04-09T09:06:00.013Z","timeFormat":false}}}
04-09 17:06:00.027  1132  1132 I A0002a/ScreenLock_Default: CommonEvent_TimeManagerSc --> handle common event: usual.event.TIME_TICK
04-09 17:06:00.027  1132  1132 I A0002a/ScreenLock_Default: EventManagerSc --> publish localEvent type: Time_Change_Event
04-09 17:07:00.012  1132  1132 I A0001a/SystemUI_Default: EventManager --> PUBLISH : event: {"target":"local","data":{"eventName":"Time_Change_Event","args":{"date":"2024-04-09T09:07:00.012Z","timeFormat":false}}}
04-09 17:07:00.031  1132  1132 I A0002a/ScreenLock_Default: CommonEvent_TimeManagerSc --> handle common event: usual.event.TIME_TICK
04-09 17:07:00.032  1132  1132 I A0002a/ScreenLock_Default: EventManagerSc --> publish localEvent type: Time_Change_Event
04-09 17:08:00.012  1132  1132 I A0001a/SystemUI_Default: EventManager --> PUBLISH : event: {"target":"local","data":{"eventName":"Time_Change_Event","args":{"date":"2024-04-09T09:08:00.011Z","timeFormat":false}}}
04-09 17:08:00.030  1132  1132 I A0002a/ScreenLock_Default: CommonEvent_TimeManagerSc --> handle common event: usual.event.TIME_TICK
04-09 17:08:00.031  1132  1132 I A0002a/ScreenLock_Default: EventManagerSc --> publish localEvent type: Time_Change_Event
04-09 17:09:00.013  1132  1132 I A0001a/SystemUI_Default: EventManager --> PUBLISH : event: {"target":"local","data":{"eventName":"Time_Change_Event","args":{"date":"2024-04-09T09:09:00.012Z","timeFormat":false}}}
04-09 17:09:00.032  1132  1132 I A0002a/ScreenLock_Default: CommonEvent_TimeManagerSc --> handle common event: usual.event.TIME_TICK
04-09 17:09:00.032  1132  1132 I A0002a/ScreenLock_Default: EventManagerSc --> publish localEvent type: Time_Change_Event
04-09 17:10:00.013  1132  1132 I A0001a/SystemUI_Default: EventManager --> PUBLISH : event: {"target":"local","data":{"eventName":"Time_Change_Event","args":{"date":"2024-04-09T09:10:00.012Z","timeFormat":false}}}
04-09 17:10:00.031  1132  1132 I A0002a/ScreenLock_Default: CommonEvent_TimeManagerSc --> handle common event: usual.event.TIME_TICK
04-09 17:10:00.032  1132  1132 I A0002a/ScreenLock_Default: EventManagerSc --> publish localEvent type: Time_Change_Event
04-09 17:10:35.380  1132  1132 I A0002a/ScreenLock_Default: ScreenLock-ScreenLockService --> app pss info is: 69629
04-09 17:11:00.013  1132  1132 I A0001a/SystemUI_Default: EventManager --> PUBLISH : event: {"target":"local","data":{"eventName":"Time_Change_Event","args":{"date":"2024-04-09T09:11:00.012Z","timeFormat":false}}}
04-09 17:11:00.031  1132  1132 I A0002a/ScreenLock_Default: CommonEvent_TimeManagerSc --> handle common event: usual.event.TIME_TICK
04-09 17:11:00.032  1132  1132 I A0002a/ScreenLock_Default: EventManagerSc --> publish localEvent type: Time_Change_Event
04-09 17:12:00.013  1132  1132 I A0001a/SystemUI_Default: EventManager --> PUBLISH : event: {"target":"local","data":{"eventName":"Time_Change_Event","args":{"date":"2024-04-09T09:12:00.012Z","timeFormat":false}}}
04-09 17:12:00.031  1132  1132 I A0002a/ScreenLock_Default: CommonEvent_TimeManagerSc --> handle common event: usual.event.TIME_TICK
04-09 17:12:00.032  1132  1132 I A0002a/ScreenLock_Default: EventManagerSc --> publish localEvent type: Time_Change_Event
04-09 17:12:58.491  1132  1582 I A0001a/SystemUI_Default: SourceLoader-BundleParseUtil --> bundle change, err: {"code":0} data: {"event":"usual.event.PACKAGE_CHANGED","bundleName":"ohos.samples.myshopping","code":0,"data":"","parameters":{"abilityName":"EntryAbility","accessTokenId":0,"isAgingUninstall":false,"moduleName":"entry_test","uid":20010044,"userId":100}}
04-09 17:12:58.491  1132  1582 I A0001a/SystemUI_Default: SourceLoader-BundleParseUtil --> queryAbilityWithBundleName, action: com.ohos.systemui.action.BAR_ICON bundleName: ohos.samples.myshopping
04-09 17:12:58.492  1476  1476 I A0001b/Launcher_Default: LauncherAbilityManager --> update bundleName: ohos.samples.myshopping userId: 100
04-09 17:12:58.492  1476  1476 I A0001b/Launcher_Default: AppModel --> installationSubscriberCallBack event: usual.event.PACKAGE_CHANGED
04-09 17:12:58.501  1132  1582 E A0001a/SystemUI_Default: SourceLoader-BundleParseUtil --> queryAbilityWithBundleName, queryAbilityByWant error: {"code":17700003}
04-09 17:12:58.504  1476  1476 E A0001b/Launcher_Default: FormModel --> getFormsInfoByBundleName err: {"code":16500100}
04-09 17:12:58.510  1132  1582 E A0001a/SystemUI_Default: SourceLoader-BundleParseUtil --> queryAbilityWithBundleName, queryExtensionAbilityInfo error: {"code":17700003}
04-09 17:12:58.511  1132  1582 I A0001a/SystemUI_Default: PluginDataSourceManager --> abilityInfos: []
04-09 17:12:58.544  1476  1476 I A0001b/Launcher_Default: AppModel --> installationSubscriber, PACKAGE_CHANGED, bundleName is ohos.samples.myshopping
04-09 17:12:58.545  1476  1476 I A0001b/Launcher_Default: LocalEventManager --> sendLocalEvent event: "launcher.event.EVENT_REQUEST_RECOMMEND_FORM_UPDATE"
04-09 17:12:58.545  1476  1476 I A0001b/Launcher_Default: LocalEventManager --> sendLocalEvent, send local event with no receiver
04-09 17:12:58.545  1476  1476 E A0001b/Launcher_Default: AppModel --> installationSubscriberCallBack unKnow bundleType:undefined
04-09 17:12:58.545  1476  1476 I A0001b/Launcher_Default: PageDesktopViewModel --> getAppList start
04-09 17:12:58.546  1476  1476 I A0001b/Launcher_Default: AppModel --> getAppList start
04-09 17:12:58.546  1476  1476 I A0001b/Launcher_Default: AppModel --> getAppList bundleInfoList length: 14
04-09 17:12:58.569  1476  1476 I A0001b/Launcher_Default: PageDesktopLayoutConfig -->  srj updateGridLayoutInfo...
04-09 17:12:58.569  1476  1476 I A0001b/Launcher_Default: PageDesktopViewModel --> pagingFiltering appListInfo length:10
04-09 17:12:58.665  1476  1476 I A0001b/Launcher_Default: PageDesktopLayoutConfig --> srj updateGridLayoutInfo success.
04-09 17:13:00.004  1132  1132 I A0001a/SystemUI_Default: EventManager --> PUBLISH : event: {"target":"local","data":{"eventName":"Time_Change_Event","args":{"date":"2024-04-09T09:13:00.004Z","timeFormat":false}}}
04-09 17:13:00.005  1132  1132 I A0002a/ScreenLock_Default: CommonEvent_TimeManagerSc --> handle common event: usual.event.TIME_TICK
04-09 17:13:00.005  1132  1132 I A0002a/ScreenLock_Default: EventManagerSc --> publish localEvent type: Time_Change_Event
04-09 17:13:01.392  1132  1582 I A0001a/SystemUI_Default: SourceLoader-BundleParseUtil --> bundle change, err: {"code":0} data: {"event":"usual.event.PACKAGE_CHANGED","bundleName":"ohos.samples.myshopping","code":0,"data":"","parameters":{"abilityName":"EntryAbility","accessTokenId":0,"isAgingUninstall":false,"moduleName":"entry","uid":20010044,"userId":100}}
04-09 17:13:01.392  1476  1476 I A0001b/Launcher_Default: LauncherAbilityManager --> update bundleName: ohos.samples.myshopping userId: 100
04-09 17:13:01.392  1476  1476 I A0001b/Launcher_Default: AppModel --> installationSubscriberCallBack event: usual.event.PACKAGE_CHANGED
04-09 17:13:01.392  1132  1582 I A0001a/SystemUI_Default: SourceLoader-BundleParseUtil --> queryAbilityWithBundleName, action: com.ohos.systemui.action.BAR_ICON bundleName: ohos.samples.myshopping
04-09 17:13:01.404  1476  1476 E A0001b/Launcher_Default: FormModel --> getFormsInfoByBundleName err: {"code":16500100}
04-09 17:13:01.407  1132  1582 E A0001a/SystemUI_Default: SourceLoader-BundleParseUtil --> queryAbilityWithBundleName, queryAbilityByWant error: {"code":17700003}
04-09 17:13:01.420  1132  1582 E A0001a/SystemUI_Default: SourceLoader-BundleParseUtil --> queryAbilityWithBundleName, queryExtensionAbilityInfo error: {"code":17700003}
04-09 17:13:01.420  1132  1582 I A0001a/SystemUI_Default: PluginDataSourceManager --> abilityInfos: []
04-09 17:13:01.456  1476  1476 I A0001b/Launcher_Default: AppModel --> installationSubscriber, PACKAGE_CHANGED, bundleName is ohos.samples.myshopping
04-09 17:13:01.456  1476  1476 I A0001b/Launcher_Default: LocalEventManager --> sendLocalEvent event: "launcher.event.EVENT_REQUEST_RECOMMEND_FORM_UPDATE"
04-09 17:13:01.457  1476  1476 I A0001b/Launcher_Default: LocalEventManager --> sendLocalEvent, send local event with no receiver
04-09 17:13:01.457  1476  1476 E A0001b/Launcher_Default: AppModel --> installationSubscriberCallBack unKnow bundleType:undefined
04-09 17:13:01.457  1476  1476 I A0001b/Launcher_Default: PageDesktopViewModel --> getAppList start
04-09 17:13:01.457  1476  1476 I A0001b/Launcher_Default: AppModel --> getAppList start
04-09 17:13:01.457  1476  1476 I A0001b/Launcher_Default: AppModel --> getAppList bundleInfoList length: 14
04-09 17:13:01.470  1476  1476 I A0001b/Launcher_Default: PageDesktopLayoutConfig -->  srj updateGridLayoutInfo...
04-09 17:13:01.470  1476  1476 I A0001b/Launcher_Default: PageDesktopViewModel --> pagingFiltering appListInfo length:10
04-09 17:13:01.573  1476  1476 I A0001b/Launcher_Default: PageDesktopLayoutConfig --> srj updateGridLayoutInfo success.
04-09 17:13:34.884  1476  1476 I A0001b/Launcher_Default: LauncherAbilityManager --> update bundleName: ohos.samples.myshopping userId: 100
04-09 17:13:34.885  1476  1476 I A0001b/Launcher_Default: AppModel --> installationSubscriberCallBack event: usual.event.PACKAGE_CHANGED
04-09 17:13:34.885  1132  1582 I A0001a/SystemUI_Default: SourceLoader-BundleParseUtil --> bundle change, err: {"code":0} data: {"event":"usual.event.PACKAGE_CHANGED","bundleName":"ohos.samples.myshopping","code":0,"data":"","parameters":{"abilityName":"EntryAbility","accessTokenId":0,"isAgingUninstall":false,"moduleName":"entry_test","uid":20010044,"userId":100}}
04-09 17:13:34.886  1132  1582 I A0001a/SystemUI_Default: SourceLoader-BundleParseUtil --> queryAbilityWithBundleName, action: com.ohos.systemui.action.BAR_ICON bundleName: ohos.samples.myshopping
04-09 17:13:34.895  1132  1582 E A0001a/SystemUI_Default: SourceLoader-BundleParseUtil --> queryAbilityWithBundleName, queryAbilityByWant error: {"code":17700003}
04-09 17:13:34.904  1132  1582 E A0001a/SystemUI_Default: SourceLoader-BundleParseUtil --> queryAbilityWithBundleName, queryExtensionAbilityInfo error: {"code":17700003}
04-09 17:13:34.904  1132  1582 I A0001a/SystemUI_Default: PluginDataSourceManager --> abilityInfos: []
04-09 17:13:34.904  1476  1476 E A0001b/Launcher_Default: FormModel --> getFormsInfoByBundleName err: {"code":16500100}
04-09 17:13:34.950  1476  1476 I A0001b/Launcher_Default: AppModel --> installationSubscriber, PACKAGE_CHANGED, bundleName is ohos.samples.myshopping
04-09 17:13:34.951  1476  1476 I A0001b/Launcher_Default: LocalEventManager --> sendLocalEvent event: "launcher.event.EVENT_REQUEST_RECOMMEND_FORM_UPDATE"
04-09 17:13:34.951  1476  1476 I A0001b/Launcher_Default: LocalEventManager --> sendLocalEvent, send local event with no receiver
04-09 17:13:34.951  1476  1476 E A0001b/Launcher_Default: AppModel --> installationSubscriberCallBack unKnow bundleType:undefined
04-09 17:13:34.951  1476  1476 I A0001b/Launcher_Default: PageDesktopViewModel --> getAppList start
04-09 17:13:34.951  1476  1476 I A0001b/Launcher_Default: AppModel --> getAppList start
04-09 17:13:34.951  1476  1476 I A0001b/Launcher_Default: AppModel --> getAppList bundleInfoList length: 14
04-09 17:13:34.965  1476  1476 I A0001b/Launcher_Default: PageDesktopLayoutConfig -->  srj updateGridLayoutInfo...
04-09 17:13:34.965  1476  1476 I A0001b/Launcher_Default: PageDesktopViewModel --> pagingFiltering appListInfo length:10
04-09 17:13:35.063  1476  1476 I A0001b/Launcher_Default: PageDesktopLayoutConfig --> srj updateGridLayoutInfo success.
04-09 17:13:37.769  1476  1476 I A0001b/Launcher_Default: LauncherAbilityManager --> update bundleName: ohos.samples.myshopping userId: 100
04-09 17:13:37.769  1476  1476 I A0001b/Launcher_Default: AppModel --> installationSubscriberCallBack event: usual.event.PACKAGE_CHANGED
04-09 17:13:37.769  1132  1582 I A0001a/SystemUI_Default: SourceLoader-BundleParseUtil --> bundle change, err: {"code":0} data: {"event":"usual.event.PACKAGE_CHANGED","bundleName":"ohos.samples.myshopping","code":0,"data":"","parameters":{"abilityName":"EntryAbility","accessTokenId":0,"isAgingUninstall":false,"moduleName":"entry","uid":20010044,"userId":100}}
04-09 17:13:37.770  1132  1582 I A0001a/SystemUI_Default: SourceLoader-BundleParseUtil --> queryAbilityWithBundleName, action: com.ohos.systemui.action.BAR_ICON bundleName: ohos.samples.myshopping
04-09 17:13:37.780  1476  1476 E A0001b/Launcher_Default: FormModel --> getFormsInfoByBundleName err: {"code":16500100}
04-09 17:13:37.781  1132  1582 E A0001a/SystemUI_Default: SourceLoader-BundleParseUtil --> queryAbilityWithBundleName, queryAbilityByWant error: {"code":17700003}
04-09 17:13:37.793  1132  1582 E A0001a/SystemUI_Default: SourceLoader-BundleParseUtil --> queryAbilityWithBundleName, queryExtensionAbilityInfo error: {"code":17700003}
04-09 17:13:37.793  1132  1582 I A0001a/SystemUI_Default: PluginDataSourceManager --> abilityInfos: []
04-09 17:13:37.834  1476  1476 I A0001b/Launcher_Default: AppModel --> installationSubscriber, PACKAGE_CHANGED, bundleName is ohos.samples.myshopping
04-09 17:13:37.834  1476  1476 I A0001b/Launcher_Default: LocalEventManager --> sendLocalEvent event: "launcher.event.EVENT_REQUEST_RECOMMEND_FORM_UPDATE"
04-09 17:13:37.834  1476  1476 I A0001b/Launcher_Default: LocalEventManager --> sendLocalEvent, send local event with no receiver
04-09 17:13:37.834  1476  1476 E A0001b/Launcher_Default: AppModel --> installationSubscriberCallBack unKnow bundleType:undefined
04-09 17:13:37.834  1476  1476 I A0001b/Launcher_Default: PageDesktopViewModel --> getAppList start
04-09 17:13:37.834  1476  1476 I A0001b/Launcher_Default: AppModel --> getAppList start
04-09 17:13:37.834  1476  1476 I A0001b/Launcher_Default: AppModel --> getAppList bundleInfoList length: 14
04-09 17:13:37.847  1476  1476 I A0001b/Launcher_Default: PageDesktopLayoutConfig -->  srj updateGridLayoutInfo...
04-09 17:13:37.848  1476  1476 I A0001b/Launcher_Default: PageDesktopViewModel --> pagingFiltering appListInfo length:10
04-09 17:13:37.941  1476  1476 I A0001b/Launcher_Default: PageDesktopLayoutConfig --> srj updateGridLayoutInfo success.
04-09 17:13:43.970  1476  1476 I A0001b/Launcher_Default: LauncherAbilityManager --> update bundleName: ohos.samples.myshopping userId: 100
04-09 17:13:43.970  1476  1476 I A0001b/Launcher_Default: AppModel --> installationSubscriberCallBack event: usual.event.PACKAGE_CHANGED
04-09 17:13:43.972  1132  1582 I A0001a/SystemUI_Default: SourceLoader-BundleParseUtil --> bundle change, err: {"code":0} data: {"event":"usual.event.PACKAGE_CHANGED","bundleName":"ohos.samples.myshopping","code":0,"data":"","parameters":{"abilityName":"EntryAbility","accessTokenId":0,"isAgingUninstall":false,"moduleName":"entry_test","uid":20010044,"userId":100}}
04-09 17:13:43.972  1132  1582 I A0001a/SystemUI_Default: SourceLoader-BundleParseUtil --> queryAbilityWithBundleName, action: com.ohos.systemui.action.BAR_ICON bundleName: ohos.samples.myshopping
04-09 17:13:43.981  1476  1476 E A0001b/Launcher_Default: FormModel --> getFormsInfoByBundleName err: {"code":16500100}
04-09 17:13:43.982  1132  1582 E A0001a/SystemUI_Default: SourceLoader-BundleParseUtil --> queryAbilityWithBundleName, queryAbilityByWant error: {"code":17700003}
04-09 17:13:43.991  1132  1582 E A0001a/SystemUI_Default: SourceLoader-BundleParseUtil --> queryAbilityWithBundleName, queryExtensionAbilityInfo error: {"code":17700003}
04-09 17:13:43.992  1132  1582 I A0001a/SystemUI_Default: PluginDataSourceManager --> abilityInfos: []
04-09 17:13:44.030  1476  1476 I A0001b/Launcher_Default: AppModel --> installationSubscriber, PACKAGE_CHANGED, bundleName is ohos.samples.myshopping
04-09 17:13:44.031  1476  1476 I A0001b/Launcher_Default: LocalEventManager --> sendLocalEvent event: "launcher.event.EVENT_REQUEST_RECOMMEND_FORM_UPDATE"
04-09 17:13:44.031  1476  1476 I A0001b/Launcher_Default: LocalEventManager --> sendLocalEvent, send local event with no receiver
04-09 17:13:44.031  1476  1476 E A0001b/Launcher_Default: AppModel --> installationSubscriberCallBack unKnow bundleType:undefined
04-09 17:13:44.031  1476  1476 I A0001b/Launcher_Default: PageDesktopViewModel --> getAppList start
04-09 17:13:44.031  1476  1476 I A0001b/Launcher_Default: AppModel --> getAppList start
04-09 17:13:44.031  1476  1476 I A0001b/Launcher_Default: AppModel --> getAppList bundleInfoList length: 14
04-09 17:13:44.056  1476  1476 I A0001b/Launcher_Default: PageDesktopLayoutConfig -->  srj updateGridLayoutInfo...
04-09 17:13:44.057  1476  1476 I A0001b/Launcher_Default: PageDesktopViewModel --> pagingFiltering appListInfo length:10
04-09 17:13:44.154  1476  1476 I A0001b/Launcher_Default: PageDesktopLayoutConfig --> srj updateGridLayoutInfo success.
04-09 17:13:46.838  1476  1476 I A0001b/Launcher_Default: LauncherAbilityManager --> update bundleName: ohos.samples.myshopping userId: 100
04-09 17:13:46.839  1476  1476 I A0001b/Launcher_Default: AppModel --> installationSubscriberCallBack event: usual.event.PACKAGE_CHANGED
04-09 17:13:46.840  1132  1582 I A0001a/SystemUI_Default: SourceLoader-BundleParseUtil --> bundle change, err: {"code":0} data: {"event":"usual.event.PACKAGE_CHANGED","bundleName":"ohos.samples.myshopping","code":0,"data":"","parameters":{"abilityName":"EntryAbility","accessTokenId":0,"isAgingUninstall":false,"moduleName":"entry","uid":20010044,"userId":100}}
04-09 17:13:46.841  1132  1582 I A0001a/SystemUI_Default: SourceLoader-BundleParseUtil --> queryAbilityWithBundleName, action: com.ohos.systemui.action.BAR_ICON bundleName: ohos.samples.myshopping
04-09 17:13:46.851  1476  1476 E A0001b/Launcher_Default: FormModel --> getFormsInfoByBundleName err: {"code":16500100}
04-09 17:13:46.859  1132  1582 E A0001a/SystemUI_Default: SourceLoader-BundleParseUtil --> queryAbilityWithBundleName, queryAbilityByWant error: {"code":17700003}
04-09 17:13:46.868  1132  1582 E A0001a/SystemUI_Default: SourceLoader-BundleParseUtil --> queryAbilityWithBundleName, queryExtensionAbilityInfo error: {"code":17700003}
04-09 17:13:46.868  1132  1582 I A0001a/SystemUI_Default: PluginDataSourceManager --> abilityInfos: []
04-09 17:13:46.902  1476  1476 I A0001b/Launcher_Default: AppModel --> installationSubscriber, PACKAGE_CHANGED, bundleName is ohos.samples.myshopping
04-09 17:13:46.902  1476  1476 I A0001b/Launcher_Default: LocalEventManager --> sendLocalEvent event: "launcher.event.EVENT_REQUEST_RECOMMEND_FORM_UPDATE"
04-09 17:13:46.902  1476  1476 I A0001b/Launcher_Default: LocalEventManager --> sendLocalEvent, send local event with no receiver
04-09 17:13:46.902  1476  1476 E A0001b/Launcher_Default: AppModel --> installationSubscriberCallBack unKnow bundleType:undefined
04-09 17:13:46.903  1476  1476 I A0001b/Launcher_Default: PageDesktopViewModel --> getAppList start
04-09 17:13:46.903  1476  1476 I A0001b/Launcher_Default: AppModel --> getAppList start
04-09 17:13:46.903  1476  1476 I A0001b/Launcher_Default: AppModel --> getAppList bundleInfoList length: 14
04-09 17:13:46.916  1476  1476 I A0001b/Launcher_Default: PageDesktopLayoutConfig -->  srj updateGridLayoutInfo...
04-09 17:13:46.917  1476  1476 I A0001b/Launcher_Default: PageDesktopViewModel --> pagingFiltering appListInfo length:10
04-09 17:13:47.028  1476  1476 I A0001b/Launcher_Default: PageDesktopLayoutConfig --> srj updateGridLayoutInfo success.
04-09 17:13:54.492  1132  1582 I A0001a/SystemUI_Default: SourceLoader-BundleParseUtil --> bundle change, err: {"code":0} data: {"event":"usual.event.PACKAGE_CHANGED","bundleName":"ohos.samples.myshopping","code":0,"data":"","parameters":{"abilityName":"EntryAbility","accessTokenId":0,"isAgingUninstall":false,"moduleName":"entry_test","uid":20010044,"userId":100}}
04-09 17:13:54.493  1132  1582 I A0001a/SystemUI_Default: SourceLoader-BundleParseUtil --> queryAbilityWithBundleName, action: com.ohos.systemui.action.BAR_ICON bundleName: ohos.samples.myshopping
04-09 17:13:54.494  1476  1476 I A0001b/Launcher_Default: LauncherAbilityManager --> update bundleName: ohos.samples.myshopping userId: 100
04-09 17:13:54.495  1476  1476 I A0001b/Launcher_Default: AppModel --> installationSubscriberCallBack event: usual.event.PACKAGE_CHANGED
04-09 17:13:54.504  1132  1582 E A0001a/SystemUI_Default: SourceLoader-BundleParseUtil --> queryAbilityWithBundleName, queryAbilityByWant error: {"code":17700003}
04-09 17:13:54.506  1476  1476 E A0001b/Launcher_Default: FormModel --> getFormsInfoByBundleName err: {"code":16500100}
04-09 17:13:54.514  1132  1582 E A0001a/SystemUI_Default: SourceLoader-BundleParseUtil --> queryAbilityWithBundleName, queryExtensionAbilityInfo error: {"code":17700003}
04-09 17:13:54.514  1132  1582 I A0001a/SystemUI_Default: PluginDataSourceManager --> abilityInfos: []
04-09 17:13:54.559  1476  1476 I A0001b/Launcher_Default: AppModel --> installationSubscriber, PACKAGE_CHANGED, bundleName is ohos.samples.myshopping
04-09 17:13:54.560  1476  1476 I A0001b/Launcher_Default: LocalEventManager --> sendLocalEvent event: "launcher.event.EVENT_REQUEST_RECOMMEND_FORM_UPDATE"
04-09 17:13:54.560  1476  1476 I A0001b/Launcher_Default: LocalEventManager --> sendLocalEvent, send local event with no receiver
04-09 17:13:54.560  1476  1476 E A0001b/Launcher_Default: AppModel --> installationSubscriberCallBack unKnow bundleType:undefined
04-09 17:13:54.560  1476  1476 I A0001b/Launcher_Default: PageDesktopViewModel --> getAppList start
04-09 17:13:54.560  1476  1476 I A0001b/Launcher_Default: AppModel --> getAppList start
04-09 17:13:54.560  1476  1476 I A0001b/Launcher_Default: AppModel --> getAppList bundleInfoList length: 14
04-09 17:13:54.576  1476  1476 I A0001b/Launcher_Default: PageDesktopLayoutConfig -->  srj updateGridLayoutInfo...
04-09 17:13:54.577  1476  1476 I A0001b/Launcher_Default: PageDesktopViewModel --> pagingFiltering appListInfo length:10
04-09 17:13:54.684  1476  1476 I A0001b/Launcher_Default: PageDesktopLayoutConfig --> srj updateGridLayoutInfo success.
04-09 17:13:57.359  1132  1582 I A0001a/SystemUI_Default: SourceLoader-BundleParseUtil --> bundle change, err: {"code":0} data: {"event":"usual.event.PACKAGE_CHANGED","bundleName":"ohos.samples.myshopping","code":0,"data":"","parameters":{"abilityName":"EntryAbility","accessTokenId":0,"isAgingUninstall":false,"moduleName":"entry","uid":20010044,"userId":100}}
04-09 17:13:57.359  1476  1476 I A0001b/Launcher_Default: LauncherAbilityManager --> update bundleName: ohos.samples.myshopping userId: 100
04-09 17:13:57.359  1132  1582 I A0001a/SystemUI_Default: SourceLoader-BundleParseUtil --> queryAbilityWithBundleName, action: com.ohos.systemui.action.BAR_ICON bundleName: ohos.samples.myshopping
04-09 17:13:57.359  1476  1476 I A0001b/Launcher_Default: AppModel --> installationSubscriberCallBack event: usual.event.PACKAGE_CHANGED
04-09 17:13:57.369  1132  1582 E A0001a/SystemUI_Default: SourceLoader-BundleParseUtil --> queryAbilityWithBundleName, queryAbilityByWant error: {"code":17700003}
04-09 17:13:57.369  1476  1476 E A0001b/Launcher_Default: FormModel --> getFormsInfoByBundleName err: {"code":16500100}
04-09 17:13:57.384  1132  1582 E A0001a/SystemUI_Default: SourceLoader-BundleParseUtil --> queryAbilityWithBundleName, queryExtensionAbilityInfo error: {"code":17700003}
04-09 17:13:57.384  1132  1582 I A0001a/SystemUI_Default: PluginDataSourceManager --> abilityInfos: []
04-09 17:13:57.423  1476  1476 I A0001b/Launcher_Default: AppModel --> installationSubscriber, PACKAGE_CHANGED, bundleName is ohos.samples.myshopping
04-09 17:13:57.423  1476  1476 I A0001b/Launcher_Default: LocalEventManager --> sendLocalEvent event: "launcher.event.EVENT_REQUEST_RECOMMEND_FORM_UPDATE"
04-09 17:13:57.423  1476  1476 I A0001b/Launcher_Default: LocalEventManager --> sendLocalEvent, send local event with no receiver
04-09 17:13:57.424  1476  1476 E A0001b/Launcher_Default: AppModel --> installationSubscriberCallBack unKnow bundleType:undefined
04-09 17:13:57.424  1476  1476 I A0001b/Launcher_Default: PageDesktopViewModel --> getAppList start
04-09 17:13:57.424  1476  1476 I A0001b/Launcher_Default: AppModel --> getAppList start
04-09 17:13:57.424  1476  1476 I A0001b/Launcher_Default: AppModel --> getAppList bundleInfoList length: 14
04-09 17:13:57.437  1476  1476 I A0001b/Launcher_Default: PageDesktopLayoutConfig -->  srj updateGridLayoutInfo...
04-09 17:13:57.438  1476  1476 I A0001b/Launcher_Default: PageDesktopViewModel --> pagingFiltering appListInfo length:10
04-09 17:13:57.545  1476  1476 I A0001b/Launcher_Default: PageDesktopLayoutConfig --> srj updateGridLayoutInfo success.
04-09 17:14:00.010  1132  1132 I A0001a/SystemUI_Default: EventManager --> PUBLISH : event: {"target":"local","data":{"eventName":"Time_Change_Event","args":{"date":"2024-04-09T09:14:00.009Z","timeFormat":false}}}
04-09 17:14:00.029  1132  1132 I A0002a/ScreenLock_Default: CommonEvent_TimeManagerSc --> handle common event: usual.event.TIME_TICK
04-09 17:14:00.030  1132  1132 I A0002a/ScreenLock_Default: EventManagerSc --> publish localEvent type: Time_Change_Event
04-09 17:15:00.014  1132  1132 I A0001a/SystemUI_Default: EventManager --> PUBLISH : event: {"target":"local","data":{"eventName":"Time_Change_Event","args":{"date":"2024-04-09T09:15:00.013Z","timeFormat":false}}}
04-09 17:15:00.032  1132  1132 I A0002a/ScreenLock_Default: CommonEvent_TimeManagerSc --> handle common event: usual.event.TIME_TICK
04-09 17:15:00.033  1132  1132 I A0002a/ScreenLock_Default: EventManagerSc --> publish localEvent type: Time_Change_Event
04-09 17:16:00.012  1132  1132 I A0001a/SystemUI_Default: EventManager --> PUBLISH : event: {"target":"local","data":{"eventName":"Time_Change_Event","args":{"date":"2024-04-09T09:16:00.012Z","timeFormat":false}}}
04-09 17:16:00.031  1132  1132 I A0002a/ScreenLock_Default: CommonEvent_TimeManagerSc --> handle common event: usual.event.TIME_TICK
04-09 17:16:00.032  1132  1132 I A0002a/ScreenLock_Default: EventManagerSc --> publish localEvent type: Time_Change_Event
04-09 17:17:00.014  1132  1132 I A0001a/SystemUI_Default: EventManager --> PUBLISH : event: {"target":"local","data":{"eventName":"Time_Change_Event","args":{"date":"2024-04-09T09:17:00.014Z","timeFormat":false}}}
04-09 17:17:00.033  1132  1132 I A0002a/ScreenLock_Default: CommonEvent_TimeManagerSc --> handle common event: usual.event.TIME_TICK
04-09 17:17:00.033  1132  1132 I A0002a/ScreenLock_Default: EventManagerSc --> publish localEvent type: Time_Change_Event
04-09 17:17:21.364  1476  1476 I A0001b/Launcher_Default: LauncherAbilityManager --> add bundleName: ohos.samples.myShopping userId: 100
04-09 17:17:21.364  1476  1476 I A0001b/Launcher_Default: AppModel --> installationSubscriberCallBack event: usual.event.PACKAGE_ADDED
04-09 17:17:21.369  1132  1582 I A0001a/SystemUI_Default: SourceLoader-BundleParseUtil --> bundle change, err: {"code":0} data: {"event":"usual.event.PACKAGE_ADDED","bundleName":"ohos.samples.myShopping","code":0,"data":"","parameters":{"abilityName":"EntryAbility","accessTokenId":537336486,"isAgingUninstall":false,"moduleName":"entry","uid":20010045,"userId":100}}
04-09 17:17:21.369  1132  1582 I A0001a/SystemUI_Default: SourceLoader-BundleParseUtil --> queryAbilityWithBundleName, action: com.ohos.systemui.action.BAR_ICON bundleName: ohos.samples.myShopping
04-09 17:17:21.390  1476  1476 E A0001b/Launcher_Default: FormModel --> getFormsInfoByBundleName err: {"code":16500100}
04-09 17:17:21.401  1132  1582 E A0001a/SystemUI_Default: SourceLoader-BundleParseUtil --> queryAbilityWithBundleName, queryAbilityByWant error: {"code":17700003}
04-09 17:17:21.416  1132  1582 E A0001a/SystemUI_Default: SourceLoader-BundleParseUtil --> queryAbilityWithBundleName, queryExtensionAbilityInfo error: {"code":17700003}
04-09 17:17:21.416  1132  1582 I A0001a/SystemUI_Default: PluginDataSourceManager --> abilityInfos: []
04-09 17:17:21.418  1476  1476 E A0001b/Launcher_Default: FormModel --> getFormsInfoByBundleName err: {"code":16500100}
04-09 17:17:21.427  1476  1476 E A0001b/Launcher_Default: FormModel --> getFormsInfoByBundleName err: {"code":16500100}
04-09 17:17:21.428  1476  1476 I A0001b/Launcher_Default: LocalEventManager --> sendLocalEvent event: "launcher.event.EVENT_REQUEST_RECOMMEND_FORM_ADD"
04-09 17:17:21.428  1476  1476 I A0001b/Launcher_Default: LocalEventManager --> sendLocalEvent, send local event with no receiver
04-09 17:17:21.428  1476  1476 I A0001b/Launcher_Default: PageDesktopViewModel --> getAppList start
04-09 17:17:21.428  1476  1476 I A0001b/Launcher_Default: AppModel --> getAppList start
04-09 17:17:21.428  1476  1476 I A0001b/Launcher_Default: AppModel --> getAppList bundleInfoList length: 15
04-09 17:17:21.452  1476  1476 I A0001b/Launcher_Default: PageDesktopLayoutConfig -->  srj updateGridLayoutInfo...
04-09 17:17:21.453  1476  1476 I A0001b/Launcher_Default: PageDesktopViewModel --> pagingFiltering appListInfo length:11
04-09 17:17:21.548  1476  1476 I A0001b/Launcher_Default: PageDesktopLayoutConfig --> srj updateGridLayoutInfo success.
04-09 17:17:21.718  1476  1476 I A0001b/Launcher_Default: LauncherAbilityManager --> update bundleName: ohos.samples.myShopping userId: 100
04-09 17:17:21.718  1476  1476 I A0001b/Launcher_Default: AppModel --> installationSubscriberCallBack event: usual.event.PACKAGE_CHANGED
04-09 17:17:21.720  1132  1582 I A0001a/SystemUI_Default: SourceLoader-BundleParseUtil --> bundle change, err: {"code":0} data: {"event":"usual.event.PACKAGE_CHANGED","bundleName":"ohos.samples.myShopping","code":0,"data":"","parameters":{"abilityName":"EntryAbility","accessTokenId":0,"isAgingUninstall":false,"moduleName":"entry_test","uid":20010045,"userId":100}}
04-09 17:17:21.720  1132  1582 I A0001a/SystemUI_Default: SourceLoader-BundleParseUtil --> queryAbilityWithBundleName, action: com.ohos.systemui.action.BAR_ICON bundleName: ohos.samples.myShopping
04-09 17:17:21.730  1476  1476 E A0001b/Launcher_Default: FormModel --> getFormsInfoByBundleName err: {"code":16500100}
04-09 17:17:21.730  1132  1582 E A0001a/SystemUI_Default: SourceLoader-BundleParseUtil --> queryAbilityWithBundleName, queryAbilityByWant error: {"code":17700003}
04-09 17:17:21.741  1132  1582 E A0001a/SystemUI_Default: SourceLoader-BundleParseUtil --> queryAbilityWithBundleName, queryExtensionAbilityInfo error: {"code":17700003}
04-09 17:17:21.741  1132  1582 I A0001a/SystemUI_Default: PluginDataSourceManager --> abilityInfos: []
04-09 17:17:21.770  1476  1476 I A0001b/Launcher_Default: AppModel --> installationSubscriber, PACKAGE_CHANGED, bundleName is ohos.samples.myShopping
04-09 17:17:21.771  1476  1476 I A0001b/Launcher_Default: LocalEventManager --> sendLocalEvent event: "launcher.event.EVENT_REQUEST_RECOMMEND_FORM_UPDATE"
04-09 17:17:21.771  1476  1476 I A0001b/Launcher_Default: LocalEventManager --> sendLocalEvent, send local event with no receiver
04-09 17:17:21.771  1476  1476 E A0001b/Launcher_Default: AppModel --> installationSubscriberCallBack unKnow bundleType:undefined
04-09 17:17:21.771  1476  1476 I A0001b/Launcher_Default: PageDesktopViewModel --> getAppList start
04-09 17:17:21.771  1476  1476 I A0001b/Launcher_Default: AppModel --> getAppList start
04-09 17:17:21.771  1476  1476 I A0001b/Launcher_Default: AppModel --> getAppList bundleInfoList length: 16
04-09 17:17:21.786  1476  1476 I A0001b/Launcher_Default: PageDesktopLayoutConfig -->  srj updateGridLayoutInfo...
04-09 17:17:21.787  1476  1476 I A0001b/Launcher_Default: PageDesktopViewModel --> pagingFiltering appListInfo length:12
04-09 17:17:21.868  1476  1476 I A0001b/Launcher_Default: PageDesktopLayoutConfig --> srj updateGridLayoutInfo success.
04-09 17:17:22.191 16935 16935 I A00000/testTag: OpenHarmonyTestRunner OnPrepare 
04-09 17:17:22.197 16935 16935 I A00000/testTag: OpenHarmonyTestRunner onRun run
04-09 17:17:22.201 16935 16935 I A00000/testTag: OpenHarmonyTestRunner onRun end
04-09 17:17:22.226 16935 16935 I A00000/testTag: startAbility : err : null
04-09 17:17:22.226 16935 16935 I A00000/testTag: startAbility : data : 
04-09 17:17:22.226 16935 16935 I A00000/testTag: addAbilityMonitorCallback : null
04-09 17:17:22.281 16935 16935 W A03d00/JSAPP: UiTestKit_exporter: systemParameter "persist.ace.testmode.enabled" is not set!
04-09 17:17:22.289 16935 16935 I A03d00/JSAPP: UiTestKit_exporter: ScheduleProbeAndEstablishConnection, token=ohos.samples.myShopping@16935@20010045@1
04-09 17:17:22.289 16935 16935 I A03d00/JSAPP: UiTestKit_exporter: Begin executing shell command to start server-daemon
04-09 17:17:23.200 16935 16935 I A03d00/JSAPP: Callee constructor is OK string
04-09 17:17:23.200 16935 16935 I A03d00/JSAPP: Ability::constructor callee is object [object Object]
04-09 17:17:23.221 16935 16935 I A03d00/JSAPP: UiTestKit_exporter: Start server-daemon finished: {"stdResult":"","exitCode":0}
04-09 17:17:23.237 16935 16935 I A00000/testTag: TestAbility onCreate
04-09 17:17:23.238 16935 16935 I A00000/testTag: want param:{"deviceId":"","bundleName":"ohos.samples.myShopping","abilityName":"TestAbility","moduleName":"entry_test","uri":"","type":"","flags":0,"action":"","parameters":{"component.startup.newRules":true,"isDelegatorCall":true,"moduleName":"entry_test","ohos.aafwk.param.callerAbilityName":"","ohos.aafwk.param.callerBundleName":"","ohos.aafwk.param.callerPid":16935,"ohos.aafwk.param.callerToken":537336486,"ohos.aafwk.param.callerUid":20010045,"ohos.ability.launch.reason":1,"ohos.anco.param.missionId":30,"ohos.dlp.params.sandbox":false},"entities":[]}
04-09 17:17:23.238 16935 16935 I A00000/testTag: launchParam:{"launchReason":1,"lastExitReason":8}
04-09 17:17:23.239 16935 16935 I A00000/testTag: start run testcase!!!
04-09 17:17:23.244 16935 16935 I A03d00/JSAPP: [Hypium]parameters:{"class":"homePageTest","timeout":"15000"}
04-09 17:17:23.245 16935 16935 I A03d00/JSAPP: [Hypium]filter params:0
04-09 17:17:23.246 16935 16935 I A03d00/JSAPP: [Hypium]filter suite : ActsAbilityTest
04-09 17:17:23.250 16935 16935 I A03d00/JSAPP: [Hypium]stress length : 1
04-09 17:17:23.251 16935 16935 I A00000/testTag: onAbilityCreateCallback
04-09 17:17:23.271 16935 16935 I A00000/testTag: TestAbility onWindowStageCreate
04-09 17:17:23.278 16935 16935 I A00000/testTag: TestAbility onForeground
04-09 17:17:23.282 16935 16935 I A03d00/JSAPP: [Hypium][start] start run suites
04-09 17:17:23.283 16935 16935 I A03d00/JSAPP: [Hypium][suite start]homePageTest
04-09 17:17:23.284 16935 16935 I A03d00/JSAPP: OHOS_REPORT_SUM: 1
04-09 17:17:23.284 16935 16935 I A03d00/JSAPP: OHOS_REPORT_STATUS: class=homePageTest
04-09 17:17:23.284 16935 16935 D A03d00/JSAPP: [Hypium]printSync called ...
04-09 17:17:23.285 16935 16935 I A03d00/JSAPP: [Hypium]homePageTest suiteStart print success
04-09 17:17:23.285 16935 16935 I A03d00/JSAPP: [scenario_myShops_home]homePageTest begin
04-09 17:17:23.306 16935 16935 E A03d00/JSAPP: [Hypium]    at AssertException (oh_modules/.ohpm/@ohos+hypium@1.0.11/oh_modules/@ohos/hypium/src/main/service.js:20:5)
04-09 17:17:23.306 16935 16935 E A03d00/JSAPP:     at anonymous (oh_modules/.ohpm/@ohos+hypium@1.0.11/oh_modules/@ohos/hypium/src/main/service.js:809:33)
04-09 17:17:23.306 16935 16935 E A03d00/JSAPP:     at anonymous (entry/src/ohosTest/ets/test/uiTestSuites/home.test.ets:22:17)
04-09 17:17:23.306 16935 16935 I A03d00/JSAPP: [Hypium]start running case 'function_myNews_publickArticle_001'
04-09 17:17:23.307 16935 16935 I A03d00/JSAPP: OHOS_REPORT_STATUS: class=homePageTest
04-09 17:17:23.307 16935 16935 I A03d00/JSAPP: OHOS_REPORT_STATUS: current=1
04-09 17:17:23.307 16935 16935 I A03d00/JSAPP: OHOS_REPORT_STATUS: id=JS
04-09 17:17:23.307 16935 16935 I A03d00/JSAPP: OHOS_REPORT_STATUS: numtests=1
04-09 17:17:23.307 16935 16935 I A03d00/JSAPP: OHOS_REPORT_STATUS: stream=
04-09 17:17:23.307 16935 16935 I A03d00/JSAPP: OHOS_REPORT_STATUS: test=function_myNews_publickArticle_001
04-09 17:17:23.307 16935 16935 I A03d00/JSAPP: OHOS_REPORT_STATUS_CODE: 1
04-09 17:17:23.307 16935 16935 D A03d00/JSAPP: [Hypium]printSync called ...
04-09 17:17:23.308 16935 16935 I A03d00/JSAPP: [Hypium]function_myNews_publickArticle_001 specStart start print success
04-09 17:17:23.308 16935 16935 I A03d00/JSAPP: [Hypium][fail]function_myNews_publickArticle_001 ; consuming 1ms
04-09 17:17:23.308 16935 16935 I A03d00/JSAPP: [Hypium][failDetail]fail , error in beforeAll function
04-09 17:17:23.308 16935 16935 I A03d00/JSAPP: OHOS_REPORT_STATUS: class=homePageTest
04-09 17:17:23.308 16935 16935 I A03d00/JSAPP: OHOS_REPORT_STATUS: current=1
04-09 17:17:23.308 16935 16935 I A03d00/JSAPP: OHOS_REPORT_STATUS: id=JS
04-09 17:17:23.308 16935 16935 I A03d00/JSAPP: OHOS_REPORT_STATUS: numtests=1
04-09 17:17:23.308 16935 16935 I A03d00/JSAPP: OHOS_REPORT_STATUS: stack=fail , error in beforeAll function
04-09 17:17:23.308 16935 16935 I A03d00/JSAPP: OHOS_REPORT_STATUS: stream=
04-09 17:17:23.308 16935 16935 I A03d00/JSAPP: Error in function_myNews_publickArticle_001
04-09 17:17:23.308 16935 16935 I A03d00/JSAPP: fail , error in beforeAll function
04-09 17:17:23.308 16935 16935 I A03d00/JSAPP: OHOS_REPORT_STATUS: test=function_myNews_publickArticle_001
04-09 17:17:23.308 16935 16935 I A03d00/JSAPP: OHOS_REPORT_STATUS_CODE: -2
04-09 17:17:23.308 16935 16935 I A03d00/JSAPP: OHOS_REPORT_STATUS: consuming=1
04-09 17:17:23.308 16935 16935 D A03d00/JSAPP: [Hypium]printSync called ...
04-09 17:17:23.309 16935 16935 I A03d00/JSAPP: [Hypium]function_myNews_publickArticle_001 specDone end print success
04-09 17:17:23.309 16935 16935 I A03d00/JSAPP: [suite end] homePageTest consuming 1 ms, fail , error in beforeAll function
04-09 17:17:23.310 16935 16935 I A03d00/JSAPP: OHOS_REPORT_STATUS: class=homePageTest
04-09 17:17:23.310 16935 16935 I A03d00/JSAPP: OHOS_REPORT_STATUS: suiteconsuming=1
04-09 17:17:23.310 16935 16935 I A03d00/JSAPP: OHOS_REPORT_STATUS: fail , error in beforeAll function
04-09 17:17:23.310 16935 16935 D A03d00/JSAPP: [Hypium]printSync called ...
04-09 17:17:23.310 16935 16935 I A03d00/JSAPP: [Hypium]homePageTest suiteDone print success
04-09 17:17:23.311 16935 16935 I A03d00/JSAPP: [Hypium]total cases:1;failure 1,error 0,pass 0; consuming 1ms
04-09 17:17:23.311 16935 16935 I A03d00/JSAPP: [Hypium][end] run suites end
04-09 17:17:23.312 16935 16935 I A03d00/JSAPP: OHOS_REPORT_RESULT: stream=Tests run: 1, Failure: 1, Error: 0, Pass: 0, Ignore: 0
04-09 17:17:23.312 16935 16935 I A03d00/JSAPP: OHOS_REPORT_CODE: -1
04-09 17:17:23.312 16935 16935 I A03d00/JSAPP: OHOS_REPORT_STATUS: taskconsuming=1
04-09 17:17:23.312 16935 16935 D A03d00/JSAPP: [Hypium]printSync called ...
04-09 17:17:23.312 16935 16935 I A03d00/JSAPP: [Hypium]report print success
04-09 17:17:23.383 16935 16935 I A00000/testTag: Succeeded in loading the content. Data: 
04-09 17:17:23.449  1476  1476 I A0001b/Launcher_Default: SmartDockModel --> onMissionClosedCallback, missionId=30
04-09 17:17:23.449  1476  1476 I A0001b/Launcher_Default: AmsMissionManager --> clearMission Id:30
04-09 17:17:23.453  1476  1476 I A0001b/Launcher_Default: SmartDockModel --> onMissionDestroyedCallback, missionId=30
04-09 17:17:23.458  1476  1476 I A0001b/Launcher_Default: AmsMissionManager --> getRecentMissionsList recentMissionsList length: 2
04-09 17:18:00.031  1132  1132 I A0002a/ScreenLock_Default: CommonEvent_TimeManagerSc --> handle common event: usual.event.TIME_TICK
04-09 17:18:00.031  1132  1132 I A0002a/ScreenLock_Default: EventManagerSc --> publish localEvent type: Time_Change_Event
04-09 17:18:00.043  1132  1132 I A0001a/SystemUI_Default: EventManager --> PUBLISH : event: {"target":"local","data":{"eventName":"Time_Change_Event","args":{"date":"2024-04-09T09:18:00.042Z","timeFormat":false}}}
04-09 17:18:31.474  1132  1132 I A0002a/ScreenLock_Default: ScreenLock-SlideScreenLockViewModel --> Touch Event 0 at Point 220.66666666666666, 668
04-09 17:18:31.488  1132  1132 I A0002a/ScreenLock_Default: ScreenLock-SlideScreenLockViewModel --> Touch Event 2 at Point 224, 658
04-09 17:18:31.518  1132  1132 I A0002a/ScreenLock_Default: ScreenLock-SlideScreenLockViewModel --> Touch Event 2 at Point 234, 628.6666666666666
04-09 17:18:31.529  1132  1132 I A0002a/ScreenLock_Default: ScreenLock-SlideScreenLockViewModel --> Touch Event 2 at Point 252.66666666666666, 573.3333333333334
04-09 17:18:31.543  1132  1132 I A0002a/ScreenLock_Default: ScreenLock-SlideScreenLockViewModel --> Touch Event 2 at Point 276.6666666666667, 508.6666666666667
04-09 17:18:31.558  1132  1132 I A0002a/ScreenLock_Default: ScreenLock-SlideScreenLockViewModel --> Touch Event 2 at Point 314, 424.6666666666667
04-09 17:18:31.576  1132  1132 I A0002a/ScreenLock_Default: ScreenLock-SlideScreenLockViewModel --> Touch Event 1 at Point 314, 424.6666666666667
04-09 17:18:31.577  1132  1132 I A0002a/ScreenLock_Default: ScreenLock-SlideScreenLockViewModel --> Touch Event slidingLength: 150
04-09 17:18:31.577  1132  1132 I A0002a/ScreenLock_Default: ScreenLock-ScreenLockService --> unlockScreen
04-09 17:18:31.583  1132  1132 I A0002a/ScreenLock_Default: ScreenLock-AccountsModel --> isActivateAccount userId:100 result: true
04-09 17:18:31.836  1132  1132 I A0002a/ScreenLock_Default: ScreenLock-ScreenLockService --> unlock the screen
04-09 17:18:31.837  1132  1132 I A0002a/ScreenLock_Default: ScreenLock-ScreenLockService --> unlocking
04-09 17:18:31.837  1132  1132 I A0002a/ScreenLock_Default: ScreenLock-ScreenLockModel --> window hide
04-09 17:18:31.837  1132  1132 E A0002a/ScreenLock_Default: ScreenLock:Trace --> fail to end trace name passingAccountSubsystemResult
04-09 17:18:31.841  1132  1132 I A0002a/ScreenLock_Default: ScreenLock:Trace --> start trace 10022 for hidePsdPage
04-09 17:18:31.845  1476  1476 I A0001b/Launcher_Default: EntryView --> onPageShow
04-09 17:18:31.875  1476  1476 I A0001b/Launcher_Default: PageDesktopStartAppHandler --> PageDesktopStartAppHandler getInstance called!
04-09 17:18:31.918  1476  1476 I A0001b/Launcher_Default: PageDesktopStartAppHandler --> PageDesktopStartAppHandler getInstance called!
04-09 17:18:31.922  1132  1132 I A0002a/ScreenLock_Default: ScreenLock-Entry --> onPageHide
04-09 17:18:31.928  1132  1132 I A0002a/ScreenLock_Default: ScreenLock-ScreenLockModel --> window hide
04-09 17:18:31.928  1132  1132 I A0002a/ScreenLock_Default: ScreenLock-ScreenLockService --> hiddenScreenLockWindow finish
04-09 17:18:31.928  1132  1132 I A0002a/ScreenLock_Default: ScreenLock-ScreenLockService --> notifyUnlockScreenResult
04-09 17:18:31.928  1132  1132 I A0002a/ScreenLock_Default: ScreenLock-ScreenLockModel --> sendScreenLockEvent: typeName unlockScreenResult typeNo  0 
04-09 17:18:31.929  1476  1476 I A0001b/Launcher_Default: PageDesktopStartAppHandler --> PageDesktopStartAppHandler getInstance called!
04-09 17:18:31.934  1132  1132 I A0002a/ScreenLock_Default: ScreenLock-SlideScreenlock --> onStatusChange 4
04-09 17:18:31.938  2209  2209 I A00000/testTag: Ability onForeground
04-09 17:18:31.949  1476  1476 I A0001b/Launcher_Default: PageDesktopStartAppHandler --> PageDesktopStartAppHandler getInstance called!
04-09 17:18:31.956  1476  1476 I A0001b/Launcher_Default: PageDesktopStartAppHandler --> PageDesktopStartAppHandler getInstance called!
04-09 17:18:31.973  1382  1382 I A0300a/KeyboardController->: kikaInput-js: setCursorInfo info = {"x":309,"y":283,"height":28}
04-09 17:18:31.976  1382  1382 I A0300a/KeyboardController->: kikaInput-js: keyboard inputStart
04-09 17:18:31.976  1382  1382 I A0300a/KeyboardController->: kikaInput-js: onInputStart mEditorAttribute = {"enterKeyType":6,"inputPattern":-1}
04-09 17:18:32.008  1382  1382 I A0300a/KeyboardController->: kikaInput-js: setInputInfo info = EditorInfo：enterKeyType = 6;inputPattern = -1
04-09 17:18:32.014  1132  1132 I A0002a/ScreenLock_Default: ScreenLock-ScreenLockService --> notifyUnlockScreenResult: error:null data:true
04-09 17:18:32.014  1132  1132 I A0002a/ScreenLock_Default: ScreenLock-ScreenLockModel --> eventListener:callback:beginExitAnimation
04-09 17:18:32.014  1132  1132 E A0002a/ScreenLock_Default: ScreenLock-ScreenLockService --> eventListener:typeName beginExitAnimation
04-09 17:18:32.091  1476  1476 I A0001b/Launcher_Default: PageDesktopStartAppHandler --> PageDesktopStartAppHandler getInstance called!
04-09 17:18:32.172  1476  1476 I A0001b/Launcher_Default: PageDesktopStartAppHandler --> PageDesktopStartAppHandler getInstance called!
04-09 17:18:32.226  1476  1476 I A0001b/Launcher_Default: PageDesktopStartAppHandler --> PageDesktopStartAppHandler getInstance called!
04-09 17:18:33.090  1132  1132 I A0001a/SystemUI_Default: KeyCodeEvent --> sendKeyEvent keycode: 2 type: 0
04-09 17:18:33.132  1132  1132 I A0001a/SystemUI_Default: KeyCodeEvent --> sendKeyEvent keycode: 2 type: 1
04-09 17:18:33.135  1132  1132 I A03d00/JSAPP: startServiceExtensionAbility
04-09 17:18:33.172  1132  1132 I A0001a/SystemUI_Default: AbilityManager --> startServiceExtensionAbility, then
04-09 17:18:33.174  1132  1132 I A0001a/SystemUI_Default: KeyCodeEvent --> publish launcher err: {"code":0} data: null
04-09 17:18:33.176  1476  1476 I A0001b/Launcher_Default: LauncherMainAbility --> onRequest, want:com.ohos.launcher.MainAbility
04-09 17:18:33.176  1132  1132 I A0001a/SystemUI_Default: navigationEvent --> subscribe err: {"code":0} data: {"event":"SET_STATUSBAR_MIN_EVENT","bundleName":"","code":1,"data":"{\"callType\":1}","parameters":{}}
04-09 17:18:33.177  1132  1132 I A0001a/SystemUI_Default: navigationEvent --> subscribe processingData: {"callType":1} 
04-09 17:18:33.185  1476  1476 E A0001b/Launcher_Default: WindowManager --> findWindow errCode: 1300002, errMsg: 
04-09 17:18:33.187  1476  1476 E A0001b/Launcher_Default: WindowManager --> findWindow errCode: 1300002, errMsg: 
04-09 17:18:33.188  1476  1476 I A0001b/Launcher_Default: LocalEventManager --> sendLocalEvent event: "launcher.event.EVENT_OPEN_FOLDER_TO_CLOSE"
04-09 17:18:33.215  2209  2209 I A00000/testTag: Ability onBackground
04-09 17:18:33.231  1476  1476 I A0001b/Launcher_Default: LocalEventManager --> sendLocalEvent event: "launcher.event.REQUEST_FORM_ITEM_VISIBLE"
04-09 17:18:33.231  1476  1476 I A0001b/Launcher_Default: LauncherMainAbility --> lifeCycleEvent change: 2
04-09 17:18:33.231  1476  1476 I A0001b/Launcher_Default: SmartDockModel --> onMissionSnapshotChangedCallback, missionId=2
04-09 17:18:33.262  1132  1132 I A0001a/SystemUI_Default: StatusBarVM --> onTintStateChange, tintState: {"isEnable":true,"region":{"left":0,"top":0,"width":720,"height":72},"backgroundColor":"#00FFFFFF","contentColor":"#E5FFFFFF"}
04-09 17:18:33.262  1132  1132 I A0001a/SystemUI_Default: StatusBarVM --> setStatusBarEnable, isEnable true
