04-09 17:51:19.398  1132  1132 I A0001a/SystemUI_Default: StatusBarVM --> changeComponentContent, id notification area: {"left":255.375,"top":0,"width":0,"height":72}
04-09 17:51:19.398  1132  1132 I A0001a/SystemUI_Default: StatusBarVM --> setComponentContent, id notification contentColor: #E5FFFFFF
04-09 17:51:19.414  1132  1132 I A0001a/SystemUI_Default: WifiComponent-WifiIcon --> getImage
04-09 17:52:00.017  1132  1132 I A0001a/SystemUI_Default: EventManager --> PUBLISH : event: {"target":"local","data":{"eventName":"Time_Change_Event","args":{"date":"2024-04-09T09:52:00.016Z","timeFormat":false}}}
04-09 17:52:00.022  1132  1132 I A0002a/ScreenLock_Default: CommonEvent_TimeManagerSc --> handle common event: usual.event.TIME_TICK
04-09 17:52:00.023  1132  1132 I A0002a/ScreenLock_Default: EventManagerSc --> publish localEvent type: Time_Change_Event
04-09 17:53:00.341  1132  1132 I A0001a/SystemUI_Default: EventManager --> PUBLISH : event: {"target":"local","data":{"eventName":"Time_Change_Event","args":{"date":"2024-04-09T09:53:00.340Z","timeFormat":false}}}
04-09 17:53:00.346  1132  1132 I A0002a/ScreenLock_Default: CommonEvent_TimeManagerSc --> handle common event: usual.event.TIME_TICK
04-09 17:53:00.346  1132  1132 I A0002a/ScreenLock_Default: EventManagerSc --> publish localEvent type: Time_Change_Event
04-09 17:54:00.014  1132  1132 I A0001a/SystemUI_Default: EventManager --> PUBLISH : event: {"target":"local","data":{"eventName":"Time_Change_Event","args":{"date":"2024-04-09T09:54:00.013Z","timeFormat":false}}}
04-09 17:54:00.030  1132  1132 I A0002a/ScreenLock_Default: CommonEvent_TimeManagerSc --> handle common event: usual.event.TIME_TICK
04-09 17:54:00.030  1132  1132 I A0002a/ScreenLock_Default: EventManagerSc --> publish localEvent type: Time_Change_Event
04-09 17:55:00.017  1132  1132 I A0001a/SystemUI_Default: EventManager --> PUBLISH : event: {"target":"local","data":{"eventName":"Time_Change_Event","args":{"date":"2024-04-09T09:55:00.017Z","timeFormat":false}}}
04-09 17:55:00.035  1132  1132 I A0002a/ScreenLock_Default: CommonEvent_TimeManagerSc --> handle common event: usual.event.TIME_TICK
04-09 17:55:00.036  1132  1132 I A0002a/ScreenLock_Default: EventManagerSc --> publish localEvent type: Time_Change_Event
04-09 17:56:00.019  1132  1132 I A0001a/SystemUI_Default: EventManager --> PUBLISH : event: {"target":"local","data":{"eventName":"Time_Change_Event","args":{"date":"2024-04-09T09:56:00.018Z","timeFormat":false}}}
04-09 17:56:00.032  1132  1132 I A0002a/ScreenLock_Default: CommonEvent_TimeManagerSc --> handle common event: usual.event.TIME_TICK
04-09 17:56:00.033  1132  1132 I A0002a/ScreenLock_Default: EventManagerSc --> publish localEvent type: Time_Change_Event
04-09 17:56:16.452   254   254 I C04100/DHDM: [devicemanagerservice][RegisterDeviceManagerListener]:RegisterDeviceManagerListener: listener already exists
04-09 17:56:16.453   254   254 I C04100/DHDM: [devicemanagerservice][RegisterDeviceManagerListener]:RegisterDeviceManagerListener: Register listener complete.
04-09 17:56:16.453   254   254 W C01510/IPCObjectProxy: 63: handle = 10 destroyed, descriptor: IPCObjectProxy10
04-09 17:56:16.453   591  7824 W C01510/IPCObjectStub: 68: destroy, desc: ohos.distributedhardware.devicemanager
04-09 17:56:16.453   591  7824 I C04100/DHDM: [devicemanagerkit][Init]:completed, pkgName: ohos.distributeddata.service
04-09 17:56:16.453   591  7824 I C04100/DHDM: [devicemanagerkit][InitDeviceManager]:InitDeviceManager success
04-09 17:56:16.454   591  7824 I C04100/DHDM: [devicemanagerkit][RegisterDevStateCallback]:DeviceManagerImpl::RegisterDevStateCallback start, pkgName: ohos.distributeddata.service
04-09 17:56:16.454   591  7824 I C04100/DHDM: [devicemanagerkit][RegisterDevStateCallback]:RegisterDevStateCallback start, pkgName: ohos.distributeddata.service
04-09 17:56:16.454   591  7824 I C04100/DHDM: [devicemanagerkit][SendRequest]:IpcClientManager::SendRequest in
04-09 17:56:16.454   591  7824 I C04100/DHDM: [devicemanagerkit][SendRequest]:IpcClientManager::SendRequest cmdCode: 31
04-09 17:56:16.455   591  7824 I C04100/DHDM: [devicemanagerkit][RegisterDevStateCallback]:RegisterDevStateCallback completed, pkgName: ohos.distributeddata.service
04-09 17:56:16.455   591  7824 I C01510/IPCObjectStub: 63: create, desc: OHOS.NetManagerStandard.INetConnCallback
04-09 17:56:16.456   265   596 I C02d10/HiView-SysEventSource: Parser: parser result domain_=DISTDM eventName_=DM_INIT_DEVICE_MANAGER_SUCCESS
04-09 17:56:16.457   591  7824 I C01510/IPCObjectProxy: 58: handle = 4 create, descriptor: IPCObjectProxy4
04-09 17:56:16.457   591  7824 E C01510/BinderInvoker: 124: SendRequest: handle=4 result = 29201
04-09 17:56:16.458   591  7824 W C01510/IPCObjectProxy: 527: GET_PROTO_INFO transact return error = 29201
04-09 17:56:16.458   591  7824 E C01510/IPCObjectProxy: 240: UpdateProto get IF_PROT_ERROR
04-09 17:56:16.458   591  7824 E C01510/IPCProcessSkeleton: 173: init rpc proxy:4 failed
04-09 17:56:16.458   591  7824 E C01510/IPCObjectProxy: 696: send DBINDER_DECREFS_TRANSACTION cmd failed, error: 32
04-09 17:56:16.458   591  7824 I C01510/IPCProcessSkeleton: 402: handle = 4 erase: 0, not found: 1
04-09 17:56:16.458   591  7824 W C01510/IPCObjectProxy: 63: handle = 4 destroyed, descriptor: IPCObjectProxy4
04-09 17:56:16.458   591  7824 E C015b0/NetConnManager: [GetProxy-(net_conn_client.cpp:308)]get Remote service failed
04-09 17:56:16.458   591  7824 E C015b0/NetConnManager: [RegisterNetConnCallback-(net_conn_client.cpp:107)]The parameter of proxy is nullptr
04-09 17:56:16.458   591  7824 E C01611/ZDD: DeviceManagerAdapter::RegOnNetworkChange: RegisterNetConnCallback failed, ret = 2100208
04-09 17:56:16.458   591  7824 W C01510/IPCObjectStub: 68: destroy, desc: OHOS.NetManagerStandard.INetConnCallback
04-09 17:56:16.596   537   803 E C015c0/dsoftbus: [nStackXCoAP]CoapSendRequestInner:[245] :coap send failed
04-09 17:56:16.742   537   803 E C015c0/dsoftbus: [nStackXCoAP]CoapSendRequestInner:[245] :coap send failed
04-09 17:56:16.805  2071  2149 I C01565/DhcpClientServiceImpl: CheckTimeout() ifname:wlan0, notify1 second size:1.
04-09 17:56:16.805  2071  2149 I C01565/DhcpClientServiceImpl: DhcpResultHandle() ifname:wlan0, dhcp result is getting...
04-09 17:56:16.806  2071  2149 I C01565/DhcpClientServiceImpl: DhcpResultHandle() dhcp result notify finished.
04-09 17:56:16.886   537   803 E C015c0/dsoftbus: [nStackXCoAP]CoapSendRequestInner:[245] :coap send failed
04-09 17:56:16.959   591  7824 I C04100/DHDM: [devicemanagerkit][InitDeviceManager]:InitDeviceManager start, pkgName: ohos.distributeddata.service
04-09 17:56:16.959   591  7824 I C04100/DHDM: [devicemanagerkit][ClientInit]:InitDeviceManagerService start
04-09 17:56:16.960   591  7824 I C04100/DHDM: [devicemanagerkit][ClientInit]:DeviceManagerService Already Init
04-09 17:56:16.960   591  7824 I C01510/IPCObjectStub: 63: create, desc: ohos.distributedhardware.devicemanager
04-09 17:56:16.960   254   254 I C01510/IPCObjectProxy: 58: handle = 10 create, descriptor: IPCObjectProxy10
04-09 17:56:16.961   254   254 I C04100/DHDM: [devicemanagerutils][GetAppId]:AppManager::tokenCaller ID == 671620066
04-09 17:56:16.962   254   254 I C04100/DHDM: [devicemanagerservice][RegisterDeviceManagerListener]:Register device manager listener for package name: ohos.distributeddata.service
04-09 17:56:16.962   254   254 I C04100/DHDM: [devicemanagerservice][RegisterDeviceManagerListener]:RegisterDeviceManagerListener: listener already exists
04-09 17:56:16.962   254   254 I C04100/DHDM: [devicemanagerservice][RegisterDeviceManagerListener]:RegisterDeviceManagerListener: Register listener complete.
04-09 17:56:16.963   254   254 W C01510/IPCObjectProxy: 63: handle = 9 destroyed, descriptor: IPCObjectProxy9
04-09 17:56:16.963   591  7824 W C01510/IPCObjectStub: 68: destroy, desc: ohos.distributedhardware.devicemanager
04-09 17:56:16.963   591  7824 I C04100/DHDM: [devicemanagerkit][Init]:completed, pkgName: ohos.distributeddata.service
04-09 17:56:16.963   591  7824 I C04100/DHDM: [devicemanagerkit][InitDeviceManager]:InitDeviceManager success
04-09 17:56:16.964   591  7824 I C04100/DHDM: [devicemanagerkit][RegisterDevStateCallback]:DeviceManagerImpl::RegisterDevStateCallback start, pkgName: ohos.distributeddata.service
04-09 17:56:16.964   591  7824 I C04100/DHDM: [devicemanagerkit][RegisterDevStateCallback]:RegisterDevStateCallback start, pkgName: ohos.distributeddata.service
04-09 17:56:16.964   591  7824 I C04100/DHDM: [devicemanagerkit][SendRequest]:IpcClientManager::SendRequest in
04-09 17:56:16.964   591  7824 I C04100/DHDM: [devicemanagerkit][SendRequest]:IpcClientManager::SendRequest cmdCode: 31
04-09 17:56:16.965   591  7824 I C04100/DHDM: [devicemanagerkit][RegisterDevStateCallback]:RegisterDevStateCallback completed, pkgName: ohos.distributeddata.service
04-09 17:56:16.966   591  7824 I C01510/IPCObjectStub: 63: create, desc: OHOS.NetManagerStandard.INetConnCallback
04-09 17:56:16.967   265   596 I C02d10/HiView-SysEventSource: Parser: parser result domain_=DISTDM eventName_=DM_INIT_DEVICE_MANAGER_SUCCESS
04-09 17:56:16.968   591  7824 I C01510/IPCObjectProxy: 58: handle = 4 create, descriptor: IPCObjectProxy4
04-09 17:56:16.969   591  7824 E C01510/BinderInvoker: 124: SendRequest: handle=4 result = 29201
04-09 17:56:16.969   591  7824 W C01510/IPCObjectProxy: 527: GET_PROTO_INFO transact return error = 29201
04-09 17:56:16.969   591  7824 E C01510/IPCObjectProxy: 240: UpdateProto get IF_PROT_ERROR
04-09 17:56:16.969   591  7824 E C01510/IPCProcessSkeleton: 173: init rpc proxy:4 failed
04-09 17:56:16.970   591  7824 E C01510/IPCObjectProxy: 696: send DBINDER_DECREFS_TRANSACTION cmd failed, error: 32
04-09 17:56:16.970   591  7824 I C01510/IPCProcessSkeleton: 402: handle = 4 erase: 0, not found: 1
04-09 17:56:16.970   591  7824 W C01510/IPCObjectProxy: 63: handle = 4 destroyed, descriptor: IPCObjectProxy4
04-09 17:56:16.971   591  7824 E C015b0/NetConnManager: [GetProxy-(net_conn_client.cpp:308)]get Remote service failed
04-09 17:56:16.971   591  7824 E C015b0/NetConnManager: [RegisterNetConnCallback-(net_conn_client.cpp:107)]The parameter of proxy is nullptr
04-09 17:56:16.971   591  7824 E C01611/ZDD: DeviceManagerAdapter::RegOnNetworkChange: RegisterNetConnCallback failed, ret = 2100208
04-09 17:56:16.971   591  7824 W C01510/IPCObjectStub: 68: destroy, desc: OHOS.NetManagerStandard.INetConnCallback
04-09 17:56:17.042   537   803 E C015c0/dsoftbus: [nStackXCoAP]CoapSendRequestInner:[245] :coap send failed
04-09 17:56:17.192   537   803 E C015c0/dsoftbus: [nStackXCoAP]CoapSendRequestInner:[245] :coap send failed
04-09 17:56:17.306  2071  2149 I C01565/DhcpClientServiceImpl: CheckTimeout() ifname:wlan0, notify1 second size:1.
04-09 17:56:17.306  2071  2149 I C01565/DhcpClientServiceImpl: DhcpResultHandle() ifname:wlan0, dhcp result is getting...
04-09 17:56:17.306  2071  2149 I C01565/DhcpClientServiceImpl: DhcpResultHandle() dhcp result notify finished.
04-09 17:56:17.339   537   803 E C015c0/dsoftbus: [nStackXCoAP]CoapSendRequestInner:[245] :coap send failed
04-09 17:56:17.409  2071  2104 I C01560/OHWIFI_STATE_MACHINE: State machine: LinkedState execute Cmd:2
04-09 17:56:17.409  2071  2104 I C01560/StaStateMachine: LinkedState, reveived msgCode=2 msg.
04-09 17:56:17.429  2071  2104 I C01560/WifiFrameWork: DealSignalPollResult, signal:-51, txLinkSpeed:58, rxLinkSpeed:0, freq:2462, noise:9999.
04-09 17:56:17.429  2071  2104 I C01560/WifiFrameWork: DealSignalPollResult, networkId:0, ssid:<private>, rssi:-51, band:1, connState:4, detailedState:11.
04-09 17:56:17.429  2071  2104 I C01560/WifiFrameWork: DealSignalPollResult currentSignalLevel:4, lastSignalLevel:4.
04-09 17:56:17.429  2071  2104 I C01560/WifiFrameWork: DealSignalPollResult GetWifiStandard:4, bssid:f4:84:**:**:**:aa rxmax:300 txmax:300.
04-09 17:56:17.430  2071  2078 I C01560/WifiInternalEventDispatcher: WifiInternalEventDispatcher:: Deal Sta Event Callback Msg: 4100
04-09 17:56:17.472   591  1097 I C04100/DHDM: [devicemanagerkit][InitDeviceManager]:InitDeviceManager start, pkgName: ohos.distributeddata.service
04-09 17:56:17.472   591  1097 I C04100/DHDM: [devicemanagerkit][ClientInit]:InitDeviceManagerService start
04-09 17:56:17.472   591  1097 I C04100/DHDM: [devicemanagerkit][ClientInit]:DeviceManagerService Already Init
04-09 17:56:17.472   591  1097 I C01510/IPCObjectStub: 63: create, desc: ohos.distributedhardware.devicemanager
04-09 17:56:17.473   254   254 I C01510/IPCObjectProxy: 58: handle = 9 create, descriptor: IPCObjectProxy9
04-09 17:56:17.474   254   254 I C04100/DHDM: [devicemanagerutils][GetAppId]:AppManager::tokenCaller ID == 671620066
04-09 17:56:17.475   254   254 I C04100/DHDM: [devicemanagerservice][RegisterDeviceManagerListener]:Register device manager listener for package name: ohos.distributeddata.service
04-09 17:56:17.475   254   254 I C04100/DHDM: [devicemanagerservice][RegisterDeviceManagerListener]:RegisterDeviceManagerListener: listener already exists
04-09 17:56:17.475   254   254 I C04100/DHDM: [devicemanagerservice][RegisterDeviceManagerListener]:RegisterDeviceManagerListener: Register listener complete.
04-09 17:56:17.476   254   254 W C01510/IPCObjectProxy: 63: handle = 10 destroyed, descriptor: IPCObjectProxy10
04-09 17:56:17.476   591  1097 W C01510/IPCObjectStub: 68: destroy, desc: ohos.distributedhardware.devicemanager
04-09 17:56:17.476   591  1097 I C04100/DHDM: [devicemanagerkit][Init]:completed, pkgName: ohos.distributeddata.service
04-09 17:56:17.477   591  1097 I C04100/DHDM: [devicemanagerkit][InitDeviceManager]:InitDeviceManager success
04-09 17:56:17.477   591  1097 I C04100/DHDM: [devicemanagerkit][RegisterDevStateCallback]:DeviceManagerImpl::RegisterDevStateCallback start, pkgName: ohos.distributeddata.service
04-09 17:56:17.478   591  1097 I C04100/DHDM: [devicemanagerkit][RegisterDevStateCallback]:RegisterDevStateCallback start, pkgName: ohos.distributeddata.service
04-09 17:56:17.478   591  1097 I C04100/DHDM: [devicemanagerkit][SendRequest]:IpcClientManager::SendRequest in
04-09 17:56:17.479   591  1097 I C04100/DHDM: [devicemanagerkit][SendRequest]:IpcClientManager::SendRequest cmdCode: 31
04-09 17:56:17.480   591  1097 I C04100/DHDM: [devicemanagerkit][RegisterDevStateCallback]:RegisterDevStateCallback completed, pkgName: ohos.distributeddata.service
04-09 17:56:17.480   265   596 I C02d10/HiView-SysEventSource: Parser: parser result domain_=DISTDM eventName_=DM_INIT_DEVICE_MANAGER_SUCCESS
04-09 17:56:17.480   591  1097 I C01510/IPCObjectStub: 63: create, desc: OHOS.NetManagerStandard.INetConnCallback
04-09 17:56:17.483   591  1097 I C01510/IPCObjectProxy: 58: handle = 4 create, descriptor: IPCObjectProxy4
04-09 17:56:17.484   591  1097 E C01510/BinderInvoker: 124: SendRequest: handle=4 result = 29201
04-09 17:56:17.484   591  1097 W C01510/IPCObjectProxy: 527: GET_PROTO_INFO transact return error = 29201
04-09 17:56:17.485   591  1097 E C01510/IPCObjectProxy: 240: UpdateProto get IF_PROT_ERROR
04-09 17:56:17.485   591  1097 E C01510/IPCProcessSkeleton: 173: init rpc proxy:4 failed
04-09 17:56:17.486   591  1097 E C01510/IPCObjectProxy: 696: send DBINDER_DECREFS_TRANSACTION cmd failed, error: 32
04-09 17:56:17.487   591  1097 I C01510/IPCProcessSkeleton: 402: handle = 4 erase: 0, not found: 1
04-09 17:56:17.488   591  1097 W C01510/IPCObjectProxy: 63: handle = 4 destroyed, descriptor: IPCObjectProxy4
04-09 17:56:17.489   591  1097 E C015b0/NetConnManager: [GetProxy-(net_conn_client.cpp:308)]get Remote service failed
04-09 17:56:17.489   591  1097 E C015b0/NetConnManager: [RegisterNetConnCallback-(net_conn_client.cpp:107)]The parameter of proxy is nullptr
04-09 17:56:17.489   591  1097 E C01611/ZDD: DeviceManagerAdapter::RegOnNetworkChange: RegisterNetConnCallback failed, ret = 2100208
04-09 17:56:17.490   591  1097 W C01510/IPCObjectStub: 68: destroy, desc: OHOS.NetManagerStandard.INetConnCallback
04-09 17:56:17.499   537   803 E C015c0/dsoftbus: [nStackXCoAP]CoapSendRequestInner:[245] :coap send failed
04-09 17:56:17.641   537   803 E C015c0/dsoftbus: [nStackXCoAP]CoapSendRequestInner:[245] :coap send failed
04-09 17:56:17.792   537   803 E C015c0/dsoftbus: [nStackXCoAP]CoapSendRequestInner:[245] :coap send failed
04-09 17:56:17.807  2071  2149 I C01565/DhcpClientServiceImpl: CheckTimeout() ifname:wlan0, notify1 second size:1.
04-09 17:56:17.807  2071  2149 I C01565/DhcpClientServiceImpl: DhcpResultHandle() ifname:wlan0, dhcp result is getting...
04-09 17:56:17.807  2071  2149 I C01565/DhcpClientServiceImpl: DhcpResultHandle() dhcp result notify finished.
04-09 17:56:17.942   537   803 E C015c0/dsoftbus: [nStackXCoAP]CoapSendRequestInner:[245] :coap send failed
04-09 17:56:17.992   591  1097 I C04100/DHDM: [devicemanagerkit][InitDeviceManager]:InitDeviceManager start, pkgName: ohos.distributeddata.service
04-09 17:56:17.992   591  1097 I C04100/DHDM: [devicemanagerkit][ClientInit]:InitDeviceManagerService start
04-09 17:56:17.992   591  1097 I C04100/DHDM: [devicemanagerkit][ClientInit]:DeviceManagerService Already Init
04-09 17:56:17.992   591  1097 I C01510/IPCObjectStub: 63: create, desc: ohos.distributedhardware.devicemanager
04-09 17:56:17.993   254   254 I C01510/IPCObjectProxy: 58: handle = 10 create, descriptor: IPCObjectProxy10
04-09 17:56:17.994   254   254 I C04100/DHDM: [devicemanagerutils][GetAppId]:AppManager::tokenCaller ID == 671620066
04-09 17:56:17.994   254   254 I C04100/DHDM: [devicemanagerservice][RegisterDeviceManagerListener]:Register device manager listener for package name: ohos.distributeddata.service
04-09 17:56:17.994   254   254 I C04100/DHDM: [devicemanagerservice][RegisterDeviceManagerListener]:RegisterDeviceManagerListener: listener already exists
04-09 17:56:17.994   254   254 I C04100/DHDM: [devicemanagerservice][RegisterDeviceManagerListener]:RegisterDeviceManagerListener: Register listener complete.
04-09 17:56:17.995   254   254 W C01510/IPCObjectProxy: 63: handle = 9 destroyed, descriptor: IPCObjectProxy9
04-09 17:56:17.995   591  1097 W C01510/IPCObjectStub: 68: destroy, desc: ohos.distributedhardware.devicemanager
04-09 17:56:17.996   591  1097 I C04100/DHDM: [devicemanagerkit][Init]:completed, pkgName: ohos.distributeddata.service
04-09 17:56:17.996   591  1097 I C04100/DHDM: [devicemanagerkit][InitDeviceManager]:InitDeviceManager success
04-09 17:56:17.997   591  1097 I C04100/DHDM: [devicemanagerkit][RegisterDevStateCallback]:DeviceManagerImpl::RegisterDevStateCallback start, pkgName: ohos.distributeddata.service
04-09 17:56:17.998   591  1097 I C04100/DHDM: [devicemanagerkit][RegisterDevStateCallback]:RegisterDevStateCallback start, pkgName: ohos.distributeddata.service
04-09 17:56:17.998   591  1097 I C04100/DHDM: [devicemanagerkit][SendRequest]:IpcClientManager::SendRequest in
04-09 17:56:17.998   591  1097 I C04100/DHDM: [devicemanagerkit][SendRequest]:IpcClientManager::SendRequest cmdCode: 31
04-09 17:56:18.000   591  1097 I C04100/DHDM: [devicemanagerkit][RegisterDevStateCallback]:RegisterDevStateCallback completed, pkgName: ohos.distributeddata.service
04-09 17:56:18.000   265   596 I C02d10/HiView-SysEventSource: Parser: parser result domain_=DISTDM eventName_=DM_INIT_DEVICE_MANAGER_SUCCESS
04-09 17:56:18.000   591  1097 I C01510/IPCObjectStub: 63: create, desc: OHOS.NetManagerStandard.INetConnCallback
04-09 17:56:18.003   591  1097 I C01510/IPCObjectProxy: 58: handle = 4 create, descriptor: IPCObjectProxy4
04-09 17:56:18.004   591  1097 E C01510/BinderInvoker: 124: SendRequest: handle=4 result = 29201
04-09 17:56:18.004   591  1097 W C01510/IPCObjectProxy: 527: GET_PROTO_INFO transact return error = 29201
04-09 17:56:18.005   591  1097 E C01510/IPCObjectProxy: 240: UpdateProto get IF_PROT_ERROR
04-09 17:56:18.005   591  1097 E C01510/IPCProcessSkeleton: 173: init rpc proxy:4 failed
04-09 17:56:18.006   591  1097 E C01510/IPCObjectProxy: 696: send DBINDER_DECREFS_TRANSACTION cmd failed, error: 32
04-09 17:56:18.006   591  1097 I C01510/IPCProcessSkeleton: 402: handle = 4 erase: 0, not found: 1
04-09 17:56:18.007   591  1097 W C01510/IPCObjectProxy: 63: handle = 4 destroyed, descriptor: IPCObjectProxy4
04-09 17:56:18.007   591  1097 E C015b0/NetConnManager: [GetProxy-(net_conn_client.cpp:308)]get Remote service failed
04-09 17:56:18.007   591  1097 E C015b0/NetConnManager: [RegisterNetConnCallback-(net_conn_client.cpp:107)]The parameter of proxy is nullptr
04-09 17:56:18.008   591  1097 E C01611/ZDD: DeviceManagerAdapter::RegOnNetworkChange: RegisterNetConnCallback failed, ret = 2100208
04-09 17:56:18.008   591  1097 W C01510/IPCObjectStub: 68: destroy, desc: OHOS.NetManagerStandard.INetConnCallback
04-09 17:56:18.093   537   803 E C015c0/dsoftbus: [nStackXCoAP]CoapSendRequestInner:[245] :coap send failed
04-09 17:56:18.252   537   803 E C015c0/dsoftbus: [nStackXCoAP]CoapSendRequestInner:[245] :coap send failed
04-09 17:56:18.307  2071  2149 I C01565/DhcpClientServiceImpl: CheckTimeout() ifname:wlan0, notify1 second size:1.
04-09 17:56:18.307  2071  2149 I C01565/DhcpClientServiceImpl: DhcpResultHandle() ifname:wlan0, dhcp result is getting...
04-09 17:56:18.307  2071  2149 I C01565/DhcpClientServiceImpl: DhcpResultHandle() dhcp result notify finished.
04-09 17:56:18.509   591  1097 I C04100/DHDM: [devicemanagerkit][InitDeviceManager]:InitDeviceManager start, pkgName: ohos.distributeddata.service
04-09 17:56:18.510   591  1097 I C04100/DHDM: [devicemanagerkit][ClientInit]:InitDeviceManagerService start
04-09 17:56:18.510   591  1097 I C04100/DHDM: [devicemanagerkit][ClientInit]:DeviceManagerService Already Init
04-09 17:56:18.510   591  1097 I C01510/IPCObjectStub: 63: create, desc: ohos.distributedhardware.devicemanager
04-09 17:56:18.511   254   254 I C01510/IPCObjectProxy: 58: handle = 9 create, descriptor: IPCObjectProxy9
04-09 17:56:18.512   254   254 I C04100/DHDM: [devicemanagerutils][GetAppId]:AppManager::tokenCaller ID == 671620066
04-09 17:56:18.512   254   254 I C04100/DHDM: [devicemanagerservice][RegisterDeviceManagerListener]:Register device manager listener for package name: ohos.distributeddata.service
04-09 17:56:18.512   254   254 I C04100/DHDM: [devicemanagerservice][RegisterDeviceManagerListener]:RegisterDeviceManagerListener: listener already exists
04-09 17:56:18.512   254   254 I C04100/DHDM: [devicemanagerservice][RegisterDeviceManagerListener]:RegisterDeviceManagerListener: Register listener complete.
04-09 17:56:18.513   254   254 W C01510/IPCObjectProxy: 63: handle = 10 destroyed, descriptor: IPCObjectProxy10
04-09 17:56:18.514   591  1097 W C01510/IPCObjectStub: 68: destroy, desc: ohos.distributedhardware.devicemanager
04-09 17:56:18.514   591  1097 I C04100/DHDM: [devicemanagerkit][Init]:completed, pkgName: ohos.distributeddata.service
04-09 17:56:18.514   591  1097 I C04100/DHDM: [devicemanagerkit][InitDeviceManager]:InitDeviceManager success
04-09 17:56:18.514   591  1097 E C04100/DHDM: [devicemanagerkit][SysEventWrite]:DM_INIT_DEVICE_MANAGER_SUCCESS Write HiSysEvent error, res:-6
04-09 17:56:18.514   591  1097 I C04100/DHDM: [devicemanagerkit][RegisterDevStateCallback]:DeviceManagerImpl::RegisterDevStateCallback start, pkgName: ohos.distributeddata.service
04-09 17:56:18.515   591  1097 I C04100/DHDM: [devicemanagerkit][RegisterDevStateCallback]:RegisterDevStateCallback start, pkgName: ohos.distributeddata.service
04-09 17:56:18.515   591  1097 I C04100/DHDM: [devicemanagerkit][SendRequest]:IpcClientManager::SendRequest in
04-09 17:56:18.515   591  1097 I C04100/DHDM: [devicemanagerkit][SendRequest]:IpcClientManager::SendRequest cmdCode: 31
04-09 17:56:18.516   591  1097 I C04100/DHDM: [devicemanagerkit][RegisterDevStateCallback]:RegisterDevStateCallback completed, pkgName: ohos.distributeddata.service
04-09 17:56:18.516   591  1097 I C01510/IPCObjectStub: 63: create, desc: OHOS.NetManagerStandard.INetConnCallback
04-09 17:56:18.518   591  1097 I C01510/IPCObjectProxy: 58: handle = 4 create, descriptor: IPCObjectProxy4
04-09 17:56:18.520   591  1097 E C01510/BinderInvoker: 124: SendRequest: handle=4 result = 29201
04-09 17:56:18.520   591  1097 W C01510/IPCObjectProxy: 527: GET_PROTO_INFO transact return error = 29201
04-09 17:56:18.520   591  1097 E C01510/IPCObjectProxy: 240: UpdateProto get IF_PROT_ERROR
04-09 17:56:18.520   591  1097 E C01510/IPCProcessSkeleton: 173: init rpc proxy:4 failed
04-09 17:56:18.521   591  1097 E C01510/IPCObjectProxy: 696: send DBINDER_DECREFS_TRANSACTION cmd failed, error: 32
04-09 17:56:18.521   591  1097 I C01510/IPCProcessSkeleton: 402: handle = 4 erase: 0, not found: 1
04-09 17:56:18.521   591  1097 W C01510/IPCObjectProxy: 63: handle = 4 destroyed, descriptor: IPCObjectProxy4
04-09 17:56:18.521   591  1097 E C015b0/NetConnManager: [GetProxy-(net_conn_client.cpp:308)]get Remote service failed
04-09 17:56:18.522   591  1097 E C015b0/NetConnManager: [RegisterNetConnCallback-(net_conn_client.cpp:107)]The parameter of proxy is nullptr
04-09 17:56:18.522   591  1097 E C01611/ZDD: DeviceManagerAdapter::RegOnNetworkChange: RegisterNetConnCallback failed, ret = 2100208
04-09 17:56:18.522   591  1097 W C01510/IPCObjectStub: 68: destroy, desc: OHOS.NetManagerStandard.INetConnCallback
04-09 17:56:18.627   265  1128 I C02904/DumperCpuService: ProcessEvent# debug|eventId=1
04-09 17:56:18.627   265  1128 I C02900/DumperCommon: UpdateCpuInfo# UpdateCpuInfo debug|enter
04-09 17:56:18.720   265  1128 I C02900/DumperCommon: UpdateCpuInfo# UpdateCpuInfo debug|exit
04-09 17:56:18.794  2071  2105 I C01560/StaNetworkCheck: Enter httpDetection
04-09 17:56:18.794  2071  2105 E C01560/OHWIFI_UTILS_HTTP_REQ: HttpRequest::HttpRequestExec URL is null
04-09 17:56:18.794  2071  2105 E C01560/StaNetworkCheck: This network can't online!
04-09 17:56:18.808  2071  2149 I C01565/DhcpClientServiceImpl: CheckTimeout() ifname:wlan0, notify1 second size:1.
04-09 17:56:18.808  2071  2149 I C01565/DhcpClientServiceImpl: DhcpResultHandle() ifname:wlan0, dhcp result is getting...
04-09 17:56:18.808  2071  2149 I C01565/DhcpClientServiceImpl: DhcpResultHandle() dhcp result notify finished.
04-09 17:56:19.023   591  7824 I C04100/DHDM: [devicemanagerkit][InitDeviceManager]:InitDeviceManager start, pkgName: ohos.distributeddata.service
04-09 17:56:19.023   591  7824 I C04100/DHDM: [devicemanagerkit][ClientInit]:InitDeviceManagerService start
04-09 17:56:19.023   591  7824 I C04100/DHDM: [devicemanagerkit][ClientInit]:DeviceManagerService Already Init
04-09 17:56:19.023   591  7824 I C01510/IPCObjectStub: 63: create, desc: ohos.distributedhardware.devicemanager
04-09 17:56:19.024   254   254 I C01510/IPCObjectProxy: 58: handle = 10 create, descriptor: IPCObjectProxy10
04-09 17:56:19.025   254   254 I C04100/DHDM: [devicemanagerutils][GetAppId]:AppManager::tokenCaller ID == 671620066
04-09 17:56:19.026   254   254 I C04100/DHDM: [devicemanagerservice][RegisterDeviceManagerListener]:Register device manager listener for package name: ohos.distributeddata.service
04-09 17:56:19.026   254   254 I C04100/DHDM: [devicemanagerservice][RegisterDeviceManagerListener]:RegisterDeviceManagerListener: listener already exists
04-09 17:56:19.026   254   254 I C04100/DHDM: [devicemanagerservice][RegisterDeviceManagerListener]:RegisterDeviceManagerListener: Register listener complete.
04-09 17:56:19.027   254   254 W C01510/IPCObjectProxy: 63: handle = 9 destroyed, descriptor: IPCObjectProxy9
04-09 17:56:19.027   591  7824 W C01510/IPCObjectStub: 68: destroy, desc: ohos.distributedhardware.devicemanager
04-09 17:56:19.027   591  7824 I C04100/DHDM: [devicemanagerkit][Init]:completed, pkgName: ohos.distributeddata.service
04-09 17:56:19.027   591  7824 I C04100/DHDM: [devicemanagerkit][InitDeviceManager]:InitDeviceManager success
04-09 17:56:19.029   591  7824 I C04100/DHDM: [devicemanagerkit][RegisterDevStateCallback]:DeviceManagerImpl::RegisterDevStateCallback start, pkgName: ohos.distributeddata.service
04-09 17:56:19.029   591  7824 I C04100/DHDM: [devicemanagerkit][RegisterDevStateCallback]:RegisterDevStateCallback start, pkgName: ohos.distributeddata.service
04-09 17:56:19.030   591  7824 I C04100/DHDM: [devicemanagerkit][SendRequest]:IpcClientManager::SendRequest in
04-09 17:56:19.030   591  7824 I C04100/DHDM: [devicemanagerkit][SendRequest]:IpcClientManager::SendRequest cmdCode: 31
04-09 17:56:19.031   591  7824 I C04100/DHDM: [devicemanagerkit][RegisterDevStateCallback]:RegisterDevStateCallback completed, pkgName: ohos.distributeddata.service
04-09 17:56:19.032   591  7824 I C01510/IPCObjectStub: 63: create, desc: OHOS.NetManagerStandard.INetConnCallback
04-09 17:56:19.032   265   596 I C02d10/HiView-SysEventSource: Parser: parser result domain_=DISTDM eventName_=DM_INIT_DEVICE_MANAGER_SUCCESS
04-09 17:56:19.034   591  7824 I C01510/IPCObjectProxy: 58: handle = 4 create, descriptor: IPCObjectProxy4
04-09 17:56:19.035   591  7824 E C01510/BinderInvoker: 124: SendRequest: handle=4 result = 29201
04-09 17:56:19.035   591  7824 W C01510/IPCObjectProxy: 527: GET_PROTO_INFO transact return error = 29201
04-09 17:56:19.035   591  7824 E C01510/IPCObjectProxy: 240: UpdateProto get IF_PROT_ERROR
04-09 17:56:19.035   591  7824 E C01510/IPCProcessSkeleton: 173: init rpc proxy:4 failed
04-09 17:56:19.035   591  7824 E C01510/IPCObjectProxy: 696: send DBINDER_DECREFS_TRANSACTION cmd failed, error: 32
04-09 17:56:19.035   591  7824 I C01510/IPCProcessSkeleton: 402: handle = 4 erase: 0, not found: 1
04-09 17:56:19.036   591  7824 W C01510/IPCObjectProxy: 63: handle = 4 destroyed, descriptor: IPCObjectProxy4
04-09 17:56:19.037   591  7824 E C015b0/NetConnManager: [GetProxy-(net_conn_client.cpp:308)]get Remote service failed
04-09 17:56:19.038   591  7824 E C015b0/NetConnManager: [RegisterNetConnCallback-(net_conn_client.cpp:107)]The parameter of proxy is nullptr
04-09 17:56:19.038   591  7824 E C01611/ZDD: DeviceManagerAdapter::RegOnNetworkChange: RegisterNetConnCallback failed, ret = 2100208
04-09 17:56:19.038   591  7824 W C01510/IPCObjectStub: 68: destroy, desc: OHOS.NetManagerStandard.INetConnCallback
04-09 17:56:19.308  2071  2149 I C01565/DhcpClientServiceImpl: CheckTimeout() ifname:wlan0, notify1 second size:1.
04-09 17:56:19.309  2071  2149 I C01565/DhcpClientServiceImpl: DhcpResultHandle() ifname:wlan0, dhcp result is getting...
04-09 17:56:19.309  2071  2149 I C01565/DhcpClientServiceImpl: DhcpResultHandle() dhcp result notify finished.
04-09 17:56:19.539   591  7824 I C04100/DHDM: [devicemanagerkit][InitDeviceManager]:InitDeviceManager start, pkgName: ohos.distributeddata.service
04-09 17:56:19.539   591  7824 I C04100/DHDM: [devicemanagerkit][ClientInit]:InitDeviceManagerService start
04-09 17:56:19.539   591  7824 I C04100/DHDM: [devicemanagerkit][ClientInit]:DeviceManagerService Already Init
04-09 17:56:19.539   591  7824 I C01510/IPCObjectStub: 63: create, desc: ohos.distributedhardware.devicemanager
04-09 17:56:19.540   254   254 I C01510/IPCObjectProxy: 58: handle = 9 create, descriptor: IPCObjectProxy9
04-09 17:56:19.542   254   254 I C04100/DHDM: [devicemanagerutils][GetAppId]:AppManager::tokenCaller ID == 671620066
04-09 17:56:19.542   254   254 I C04100/DHDM: [devicemanagerservice][RegisterDeviceManagerListener]:Register device manager listener for package name: ohos.distributeddata.service
04-09 17:56:19.542   254   254 I C04100/DHDM: [devicemanagerservice][RegisterDeviceManagerListener]:RegisterDeviceManagerListener: listener already exists
04-09 17:56:19.542   254   254 I C04100/DHDM: [devicemanagerservice][RegisterDeviceManagerListener]:RegisterDeviceManagerListener: Register listener complete.
04-09 17:56:19.543   591  7824 W C01510/IPCObjectStub: 68: destroy, desc: ohos.distributedhardware.devicemanager
04-09 17:56:19.544   591  7824 I C04100/DHDM: [devicemanagerkit][Init]:completed, pkgName: ohos.distributeddata.service
04-09 17:56:19.544   254   254 W C01510/IPCObjectProxy: 63: handle = 10 destroyed, descriptor: IPCObjectProxy10
04-09 17:56:19.544   591  7824 I C04100/DHDM: [devicemanagerkit][InitDeviceManager]:InitDeviceManager success
04-09 17:56:19.544   591  7824 I C04100/DHDM: [devicemanagerkit][RegisterDevStateCallback]:DeviceManagerImpl::RegisterDevStateCallback start, pkgName: ohos.distributeddata.service
04-09 17:56:19.545   591  7824 I C04100/DHDM: [devicemanagerkit][RegisterDevStateCallback]:RegisterDevStateCallback start, pkgName: ohos.distributeddata.service
04-09 17:56:19.545   591  7824 I C04100/DHDM: [devicemanagerkit][SendRequest]:IpcClientManager::SendRequest in
04-09 17:56:19.545   591  7824 I C04100/DHDM: [devicemanagerkit][SendRequest]:IpcClientManager::SendRequest cmdCode: 31
04-09 17:56:19.546   591  7824 I C04100/DHDM: [devicemanagerkit][RegisterDevStateCallback]:RegisterDevStateCallback completed, pkgName: ohos.distributeddata.service
04-09 17:56:19.546   591  7824 I C01510/IPCObjectStub: 63: create, desc: OHOS.NetManagerStandard.INetConnCallback
04-09 17:56:19.548   265   596 I C02d10/HiView-SysEventSource: Parser: parser result domain_=DISTDM eventName_=DM_INIT_DEVICE_MANAGER_SUCCESS
04-09 17:56:19.549   591  7824 I C01510/IPCObjectProxy: 58: handle = 4 create, descriptor: IPCObjectProxy4
04-09 17:56:19.550   591  7824 E C01510/BinderInvoker: 124: SendRequest: handle=4 result = 29201
04-09 17:56:19.551   591  7824 W C01510/IPCObjectProxy: 527: GET_PROTO_INFO transact return error = 29201
04-09 17:56:19.551   591  7824 E C01510/IPCObjectProxy: 240: UpdateProto get IF_PROT_ERROR
04-09 17:56:19.552   591  7824 E C01510/IPCProcessSkeleton: 173: init rpc proxy:4 failed
04-09 17:56:19.552   591  7824 E C01510/IPCObjectProxy: 696: send DBINDER_DECREFS_TRANSACTION cmd failed, error: 32
04-09 17:56:19.552   591  7824 I C01510/IPCProcessSkeleton: 402: handle = 4 erase: 0, not found: 1
04-09 17:56:19.553   591  7824 W C01510/IPCObjectProxy: 63: handle = 4 destroyed, descriptor: IPCObjectProxy4
04-09 17:56:19.553   591  7824 E C015b0/NetConnManager: [GetProxy-(net_conn_client.cpp:308)]get Remote service failed
04-09 17:56:19.553   591  7824 E C015b0/NetConnManager: [RegisterNetConnCallback-(net_conn_client.cpp:107)]The parameter of proxy is nullptr
04-09 17:56:19.553   591  7824 E C01611/ZDD: DeviceManagerAdapter::RegOnNetworkChange: RegisterNetConnCallback failed, ret = 2100208
