04-09 17:32:00.015  1132  1132 I A0001a/SystemUI_Default: EventManager --> PUBLISH : event: {"target":"local","data":{"eventName":"Time_Change_Event","args":{"date":"2024-04-09T09:32:00.013Z","timeFormat":false}}}
04-09 17:32:00.033  1132  1132 I A0002a/ScreenLock_Default: CommonEvent_TimeManagerSc --> handle common event: usual.event.TIME_TICK
04-09 17:32:00.034  1132  1132 I A0002a/ScreenLock_Default: EventManagerSc --> publish localEvent type: Time_Change_Event
04-09 17:33:00.015  1132  1132 I A0001a/SystemUI_Default: EventManager --> PUBLISH : event: {"target":"local","data":{"eventName":"Time_Change_Event","args":{"date":"2024-04-09T09:33:00.014Z","timeFormat":false}}}
04-09 17:33:00.037  1132  1132 I A0002a/ScreenLock_Default: CommonEvent_TimeManagerSc --> handle common event: usual.event.TIME_TICK
04-09 17:33:00.038  1132  1132 I A0002a/ScreenLock_Default: EventManagerSc --> publish localEvent type: Time_Change_Event
04-09 17:34:00.015  1132  1132 I A0001a/SystemUI_Default: EventManager --> PUBLISH : event: {"target":"local","data":{"eventName":"Time_Change_Event","args":{"date":"2024-04-09T09:34:00.014Z","timeFormat":false}}}
04-09 17:34:00.036  1132  1132 I A0002a/ScreenLock_Default: CommonEvent_TimeManagerSc --> handle common event: usual.event.TIME_TICK
04-09 17:34:00.037  1132  1132 I A0002a/ScreenLock_Default: EventManagerSc --> publish localEvent type: Time_Change_Event
04-09 17:34:38.633  1476  1476 I A0001b/Launcher_Default: LauncherAbilityManager --> update bundleName: ohos.samples.myShopping userId: 100
04-09 17:34:38.634  1476  1476 I A0001b/Launcher_Default: AppModel --> installationSubscriberCallBack event: usual.event.PACKAGE_CHANGED
04-09 17:34:38.636  1132  1582 I A0001a/SystemUI_Default: SourceLoader-BundleParseUtil --> bundle change, err: {"code":0} data: {"event":"usual.event.PACKAGE_CHANGED","bundleName":"ohos.samples.myShopping","code":0,"data":"","parameters":{"abilityName":"EntryAbility","accessTokenId":0,"isAgingUninstall":false,"moduleName":"entry_test","uid":20010044,"userId":100}}
04-09 17:34:38.637  1132  1582 I A0001a/SystemUI_Default: SourceLoader-BundleParseUtil --> queryAbilityWithBundleName, action: com.ohos.systemui.action.BAR_ICON bundleName: ohos.samples.myShopping
04-09 17:34:38.646  1476  1476 E A0001b/Launcher_Default: FormModel --> getFormsInfoByBundleName err: {"code":16500100}
04-09 17:34:38.649  1132  1582 E A0001a/SystemUI_Default: SourceLoader-BundleParseUtil --> queryAbilityWithBundleName, queryAbilityByWant error: {"code":17700003}
04-09 17:34:38.658  1132  1582 E A0001a/SystemUI_Default: SourceLoader-BundleParseUtil --> queryAbilityWithBundleName, queryExtensionAbilityInfo error: {"code":17700003}
04-09 17:34:38.658  1132  1582 I A0001a/SystemUI_Default: PluginDataSourceManager --> abilityInfos: []
04-09 17:34:38.711  1476  1476 I A0001b/Launcher_Default: AppModel --> installationSubscriber, PACKAGE_CHANGED, bundleName is ohos.samples.myShopping
04-09 17:34:38.712  1476  1476 I A0001b/Launcher_Default: LocalEventManager --> sendLocalEvent event: "launcher.event.EVENT_REQUEST_RECOMMEND_FORM_UPDATE"
04-09 17:34:38.712  1476  1476 I A0001b/Launcher_Default: LocalEventManager --> sendLocalEvent, send local event with no receiver
04-09 17:34:38.712  1476  1476 E A0001b/Launcher_Default: AppModel --> installationSubscriberCallBack unKnow bundleType:undefined
04-09 17:34:38.712  1476  1476 I A0001b/Launcher_Default: PageDesktopViewModel --> getAppList start
04-09 17:34:38.712  1476  1476 I A0001b/Launcher_Default: AppModel --> getAppList start
04-09 17:34:38.712  1476  1476 I A0001b/Launcher_Default: AppModel --> getAppList bundleInfoList length: 14
04-09 17:34:38.729  1476  1476 I A0001b/Launcher_Default: PageDesktopLayoutConfig -->  srj updateGridLayoutInfo...
04-09 17:34:38.730  1476  1476 I A0001b/Launcher_Default: PageDesktopViewModel --> pagingFiltering appListInfo length:10
04-09 17:34:38.824  1476  1476 I A0001b/Launcher_Default: PageDesktopLayoutConfig --> srj updateGridLayoutInfo success.
04-09 17:34:41.427  1476  1476 I A0001b/Launcher_Default: LauncherAbilityManager --> update bundleName: ohos.samples.myShopping userId: 100
04-09 17:34:41.427  1132  1582 I A0001a/SystemUI_Default: SourceLoader-BundleParseUtil --> bundle change, err: {"code":0} data: {"event":"usual.event.PACKAGE_CHANGED","bundleName":"ohos.samples.myShopping","code":0,"data":"","parameters":{"abilityName":"EntryAbility","accessTokenId":0,"isAgingUninstall":false,"moduleName":"entry","uid":20010044,"userId":100}}
04-09 17:34:41.427  1476  1476 I A0001b/Launcher_Default: AppModel --> installationSubscriberCallBack event: usual.event.PACKAGE_CHANGED
04-09 17:34:41.427  1132  1582 I A0001a/SystemUI_Default: SourceLoader-BundleParseUtil --> queryAbilityWithBundleName, action: com.ohos.systemui.action.BAR_ICON bundleName: ohos.samples.myShopping
04-09 17:34:41.439  1132  1582 E A0001a/SystemUI_Default: SourceLoader-BundleParseUtil --> queryAbilityWithBundleName, queryAbilityByWant error: {"code":17700003}
04-09 17:34:41.442  1476  1476 E A0001b/Launcher_Default: FormModel --> getFormsInfoByBundleName err: {"code":16500100}
04-09 17:34:41.451  1132  1582 E A0001a/SystemUI_Default: SourceLoader-BundleParseUtil --> queryAbilityWithBundleName, queryExtensionAbilityInfo error: {"code":17700003}
04-09 17:34:41.451  1132  1582 I A0001a/SystemUI_Default: PluginDataSourceManager --> abilityInfos: []
04-09 17:34:41.491  1476  1476 I A0001b/Launcher_Default: AppModel --> installationSubscriber, PACKAGE_CHANGED, bundleName is ohos.samples.myShopping
04-09 17:34:41.492  1476  1476 I A0001b/Launcher_Default: LocalEventManager --> sendLocalEvent event: "launcher.event.EVENT_REQUEST_RECOMMEND_FORM_UPDATE"
04-09 17:34:41.492  1476  1476 I A0001b/Launcher_Default: LocalEventManager --> sendLocalEvent, send local event with no receiver
04-09 17:34:41.492  1476  1476 E A0001b/Launcher_Default: AppModel --> installationSubscriberCallBack unKnow bundleType:undefined
04-09 17:34:41.492  1476  1476 I A0001b/Launcher_Default: PageDesktopViewModel --> getAppList start
04-09 17:34:41.492  1476  1476 I A0001b/Launcher_Default: AppModel --> getAppList start
04-09 17:34:41.492  1476  1476 I A0001b/Launcher_Default: AppModel --> getAppList bundleInfoList length: 14
04-09 17:34:41.505  1476  1476 I A0001b/Launcher_Default: PageDesktopLayoutConfig -->  srj updateGridLayoutInfo...
04-09 17:34:41.506  1476  1476 I A0001b/Launcher_Default: PageDesktopViewModel --> pagingFiltering appListInfo length:10
04-09 17:34:41.593  1476  1476 I A0001b/Launcher_Default: PageDesktopLayoutConfig --> srj updateGridLayoutInfo success.
04-09 17:34:41.990 17449 17449 I A00000/testTag: OpenHarmonyTestRunner OnPrepare 
04-09 17:34:41.996 17449 17449 I A00000/testTag: OpenHarmonyTestRunner onRun run
04-09 17:34:41.998 17449 17449 I A00000/testTag: OpenHarmonyTestRunner onRun end
04-09 17:34:42.020 17449 17449 I A00000/testTag: startAbility : err : null
04-09 17:34:42.020 17449 17449 I A00000/testTag: startAbility : data : 
04-09 17:34:42.020 17449 17449 I A00000/testTag: addAbilityMonitorCallback : null
04-09 17:34:42.073 17449 17449 W A03d00/JSAPP: UiTestKit_exporter: systemParameter "persist.ace.testmode.enabled" is not set!
04-09 17:34:42.081 17449 17449 I A03d00/JSAPP: UiTestKit_exporter: ScheduleProbeAndEstablishConnection, token=ohos.samples.myShopping@17449@20010044@1
04-09 17:34:42.081 17449 17449 I A03d00/JSAPP: UiTestKit_exporter: Begin executing shell command to start server-daemon
04-09 17:34:43.029 17449 17449 I A03d00/JSAPP: Callee constructor is OK string
04-09 17:34:43.029 17449 17449 I A03d00/JSAPP: Ability::constructor callee is object [object Object]
04-09 17:34:43.052 17449 17449 I A03d00/JSAPP: UiTestKit_exporter: Start server-daemon finished: {"stdResult":"","exitCode":0}
04-09 17:34:43.068 17449 17449 I A00000/testTag: TestAbility onCreate
04-09 17:34:43.068 17449 17449 I A00000/testTag: want param:{"deviceId":"","bundleName":"ohos.samples.myShopping","abilityName":"TestAbility","moduleName":"entry_test","uri":"","type":"","flags":0,"action":"","parameters":{"component.startup.newRules":true,"isDelegatorCall":true,"moduleName":"entry_test","ohos.aafwk.param.callerAbilityName":"","ohos.aafwk.param.callerBundleName":"","ohos.aafwk.param.callerPid":17449,"ohos.aafwk.param.callerToken":537374260,"ohos.aafwk.param.callerUid":20010044,"ohos.ability.launch.reason":1,"ohos.anco.param.missionId":33,"ohos.dlp.params.sandbox":false},"entities":[]}
04-09 17:34:43.069 17449 17449 I A00000/testTag: launchParam:{"launchReason":1,"lastExitReason":8}
04-09 17:34:43.070 17449 17449 I A00000/testTag: start run testcase!!!
04-09 17:34:43.075 17449 17449 I A03d00/JSAPP: [Hypium]parameters:{"timeout":"15000"}
04-09 17:34:43.077 17449 17449 I A03d00/JSAPP: [Hypium]filter params:0
04-09 17:34:43.083 17449 17449 I A03d00/JSAPP: [Hypium]stress length : 1
04-09 17:34:43.085 17449 17449 I A03d00/JSAPP: [Hypium]stress length : 1
04-09 17:34:43.086 17449 17449 I A00000/testTag: onAbilityCreateCallback
04-09 17:34:43.114 17449 17449 I A00000/testTag: TestAbility onWindowStageCreate
04-09 17:34:43.130  1132  1132 I A0001a/SystemUI_Default: StatusBarVM --> onTintStateChange, tintState: {"isEnable":true,"region":{"left":0,"top":0,"width":720,"height":72},"backgroundColor":"#00FFFFFF","contentColor":"#FF000000"}
04-09 17:34:43.130  1132  1132 I A0001a/SystemUI_Default: StatusBarVM --> setStatusBarEnable, isEnable true
04-09 17:34:43.131  1132  1132 I A0001a/SystemUI_Default: StatusBarVM --> changeBackground, backgroundColor: #00FFFFFF region: {"left":0,"top":0,"width":720,"height":72}
04-09 17:34:43.133  1132  1132 I A0001a/SystemUI_Default: StatusBarVM --> changeBackground, data: {"backgroundColor":"#00FFFFFF","width":720}
04-09 17:34:43.134  1132  1132 I A0001a/SystemUI_Default: StatusBarVM --> changeContent, contentColor: #FF000000 region: {"left":0,"top":0,"width":720,"height":72}
04-09 17:34:43.134  1132  1132 I A0001a/SystemUI_Default: StatusBarVM --> changeContent, data: {"contentColor":"#FF000000","width":720}
04-09 17:34:43.134 17449 17449 I A00000/testTag: TestAbility onForeground
04-09 17:34:43.135  1132  1132 I A0001a/SystemUI_Default: StatusBarVM --> changeComponentContent, id battery area: {"left":511.70001220703125,"top":0,"width":98.80000305175781,"height":72}
04-09 17:34:43.135  1132  1132 I A0001a/SystemUI_Default: StatusBarVM --> setComponentContent, id battery contentColor: #FF000000
04-09 17:34:43.139 17449 17449 I A03d00/JSAPP: [Hypium][start] start run suites
04-09 17:34:43.140  1132  1132 I A0001a/SystemUI_Default: StatusBarVM --> changeComponentContent, id air_plane area: {"left":511.70001220703125,"top":0,"width":0,"height":72}
04-09 17:34:43.140  1132  1132 I A0001a/SystemUI_Default: StatusBarVM --> setComponentContent, id air_plane contentColor: #FF000000
04-09 17:34:43.140 17449 17449 I A03d00/JSAPP: [Hypium][suite start]ActsAbilityTest
04-09 17:34:43.140 17449 17449 I A03d00/JSAPP: OHOS_REPORT_SUM: 1
04-09 17:34:43.140 17449 17449 I A03d00/JSAPP: OHOS_REPORT_STATUS: class=ActsAbilityTest
04-09 17:34:43.140 17449 17449 D A03d00/JSAPP: [Hypium]printSync called ...
04-09 17:34:43.141  1132  1132 I A0001a/SystemUI_Default: StatusBarVM --> changeComponentContent, id nfc area: {"left":512.7000122070312,"top":0,"width":-1,"height":72}
04-09 17:34:43.141  1132  1132 I A0001a/SystemUI_Default: StatusBarVM --> setComponentContent, id nfc contentColor: #FF000000
04-09 17:34:43.141  1132  1132 I A0001a/SystemUI_Default: StatusBarVM --> changeComponentContent, id location area: {"left":512.7000122070312,"top":0,"width":0,"height":72}
04-09 17:34:43.141 17449 17449 I A03d00/JSAPP: [Hypium]ActsAbilityTest suiteStart print success
04-09 17:34:43.141  1132  1132 I A0001a/SystemUI_Default: StatusBarVM --> setComponentContent, id location contentColor: #FF000000
04-09 17:34:43.142 17449 17449 I A03d00/JSAPP: [Hypium]start running case 'assertContain'
04-09 17:34:43.143  1132  1132 I A0001a/SystemUI_Default: StatusBarVM --> changeComponentContent, id ring_mode area: {"left":512.7000122070312,"top":0,"width":0,"height":72}
04-09 17:34:43.143 17449 17449 I A03d00/JSAPP: OHOS_REPORT_STATUS: class=ActsAbilityTest
04-09 17:34:43.143 17449 17449 I A03d00/JSAPP: OHOS_REPORT_STATUS: current=1
04-09 17:34:43.143 17449 17449 I A03d00/JSAPP: OHOS_REPORT_STATUS: id=JS
04-09 17:34:43.143 17449 17449 I A03d00/JSAPP: OHOS_REPORT_STATUS: numtests=2
04-09 17:34:43.143 17449 17449 I A03d00/JSAPP: OHOS_REPORT_STATUS: stream=
04-09 17:34:43.143 17449 17449 I A03d00/JSAPP: OHOS_REPORT_STATUS: test=assertContain
04-09 17:34:43.143 17449 17449 I A03d00/JSAPP: OHOS_REPORT_STATUS_CODE: 1
04-09 17:34:43.143 17449 17449 D A03d00/JSAPP: [Hypium]printSync called ...
04-09 17:34:43.143  1132  1132 I A0001a/SystemUI_Default: StatusBarVM --> setComponentContent, id ring_mode contentColor: #FF000000
04-09 17:34:43.144 17449 17449 I A03d00/JSAPP: [Hypium]assertContain specStart start print success
04-09 17:34:43.145  1132  1132 I A0001a/SystemUI_Default: StatusBarVM --> changeComponentContent, id bluetooth area: {"left":512.7000122070312,"top":0,"width":0,"height":72}
04-09 17:34:43.145  1132  1132 I A0001a/SystemUI_Default: StatusBarVM --> setComponentContent, id bluetooth contentColor: #FF000000
04-09 17:34:43.145 17449 17449 I A00000/testTag: it begin
04-09 17:34:43.147  1132  1132 I A0001a/SystemUI_Default: StatusBarVM --> changeComponentContent, id capsule area: {"left":256.375,"top":0,"width":-1,"height":72}
04-09 17:34:43.148  1132  1132 I A0001a/SystemUI_Default: StatusBarVM --> setComponentContent, id capsule contentColor: #FF000000
04-09 17:34:43.148  1132  1132 I A0001a/SystemUI_Default: StatusBarVM --> changeComponentContent, id wifi area: {"left":217.75,"top":0,"width":38.625,"height":72}
04-09 17:34:43.148  1132  1132 I A0001a/SystemUI_Default: StatusBarVM --> setComponentContent, id wifi contentColor: #FF000000
04-09 17:34:43.150  1132  1132 I A0001a/SystemUI_Default: StatusBarVM --> changeComponentContent, id signal area: {"left":36,"top":0,"width":181.75,"height":72}
04-09 17:34:43.151  1132  1132 I A0001a/SystemUI_Default: StatusBarVM --> setComponentContent, id signal contentColor: #FF000000
04-09 17:34:43.151 17449 17449 I A03d00/JSAPP: [Hypium][pass]assertContain ; consuming 8ms
04-09 17:34:43.152 17449 17449 I A03d00/JSAPP: OHOS_REPORT_STATUS: class=ActsAbilityTest
04-09 17:34:43.152 17449 17449 I A03d00/JSAPP: OHOS_REPORT_STATUS: current=1
04-09 17:34:43.152 17449 17449 I A03d00/JSAPP: OHOS_REPORT_STATUS: id=JS
04-09 17:34:43.152 17449 17449 I A03d00/JSAPP: OHOS_REPORT_STATUS: numtests=2
04-09 17:34:43.152 17449 17449 I A03d00/JSAPP: OHOS_REPORT_STATUS: stream=
04-09 17:34:43.152 17449 17449 I A03d00/JSAPP: OHOS_REPORT_STATUS: test=assertContain
04-09 17:34:43.152 17449 17449 I A03d00/JSAPP: OHOS_REPORT_STATUS_CODE: 0
04-09 17:34:43.152 17449 17449 I A03d00/JSAPP: OHOS_REPORT_STATUS: consuming=8
04-09 17:34:43.152  1132  1132 I A0001a/SystemUI_Default: StatusBarVM --> changeComponentContent, id clock area: {"left":610.5000152587891,"top":0,"width":73.5,"height":72}
04-09 17:34:43.152 17449 17449 D A03d00/JSAPP: [Hypium]printSync called ...
04-09 17:34:43.152  1132  1132 I A0001a/SystemUI_Default: StatusBarVM --> setComponentContent, id clock contentColor: #FF000000
04-09 17:34:43.153 17449 17449 I A03d00/JSAPP: [Hypium]assertContain specDone end print success
04-09 17:34:43.153  1132  1132 I A0001a/SystemUI_Default: StatusBarVM --> changeComponentContent, id notification area: {"left":255.375,"top":0,"width":0,"height":72}
04-09 17:34:43.153 17449 17449 I A03d00/JSAPP: [suite end] ActsAbilityTest consuming 8 ms
04-09 17:34:43.153  1132  1132 I A0001a/SystemUI_Default: StatusBarVM --> setComponentContent, id notification contentColor: #FF000000
04-09 17:34:43.154 17449 17449 I A03d00/JSAPP: OHOS_REPORT_STATUS: class=ActsAbilityTest
04-09 17:34:43.154 17449 17449 I A03d00/JSAPP: OHOS_REPORT_STATUS: suiteconsuming=8
04-09 17:34:43.154 17449 17449 D A03d00/JSAPP: [Hypium]printSync called ...
04-09 17:34:43.154 17449 17449 I A03d00/JSAPP: [Hypium]ActsAbilityTest suiteDone print success
04-09 17:34:43.155 17449 17449 I A03d00/JSAPP: [Hypium][suite start]homePageTest
04-09 17:34:43.155 17449 17449 I A03d00/JSAPP: OHOS_REPORT_SUM: 1
04-09 17:34:43.155 17449 17449 I A03d00/JSAPP: OHOS_REPORT_STATUS: class=homePageTest
04-09 17:34:43.155 17449 17449 D A03d00/JSAPP: [Hypium]printSync called ...
04-09 17:34:43.156 17449 17449 I A03d00/JSAPP: [Hypium]homePageTest suiteStart print success
04-09 17:34:43.156 17449 17449 I A03d00/JSAPP: [scenario_myShops_home]homePageTest begin
04-09 17:34:43.166  1132  1132 I A0001a/SystemUI_Default: WifiComponent-WifiIcon --> getImage
04-09 17:34:43.257 17449 17449 I A00000/testTag: Succeeded in loading the content. Data: 
04-09 17:34:43.275 17449 17449 E A03d00/JSAPP: [Hypium]    at AssertException (oh_modules/.ohpm/@ohos+hypium@1.0.11/oh_modules/@ohos/hypium/src/main/service.js:20:5)
04-09 17:34:43.275 17449 17449 E A03d00/JSAPP:     at anonymous (oh_modules/.ohpm/@ohos+hypium@1.0.11/oh_modules/@ohos/hypium/src/main/service.js:809:33)
04-09 17:34:43.275 17449 17449 E A03d00/JSAPP:     at anonymous (entry/src/ohosTest/ets/test/uiTestSuites/home.test.ets:22:17)
04-09 17:34:43.275 17449 17449 I A03d00/JSAPP: [Hypium]start running case 'function_myNews_publickArticle_001'
04-09 17:34:43.276 17449 17449 I A03d00/JSAPP: OHOS_REPORT_STATUS: class=homePageTest
04-09 17:34:43.276 17449 17449 I A03d00/JSAPP: OHOS_REPORT_STATUS: current=2
04-09 17:34:43.276 17449 17449 I A03d00/JSAPP: OHOS_REPORT_STATUS: id=JS
04-09 17:34:43.276 17449 17449 I A03d00/JSAPP: OHOS_REPORT_STATUS: numtests=2
04-09 17:34:43.276 17449 17449 I A03d00/JSAPP: OHOS_REPORT_STATUS: stream=
04-09 17:34:43.276 17449 17449 I A03d00/JSAPP: OHOS_REPORT_STATUS: test=function_myNews_publickArticle_001
04-09 17:34:43.276 17449 17449 I A03d00/JSAPP: OHOS_REPORT_STATUS_CODE: 1
04-09 17:34:43.276 17449 17449 D A03d00/JSAPP: [Hypium]printSync called ...
04-09 17:34:43.277 17449 17449 I A03d00/JSAPP: [Hypium]function_myNews_publickArticle_001 specStart start print success
04-09 17:34:43.277 17449 17449 I A03d00/JSAPP: [Hypium][fail]function_myNews_publickArticle_001 ; consuming 2ms
04-09 17:34:43.277 17449 17449 I A03d00/JSAPP: [Hypium][failDetail]fail , error in beforeAll function
04-09 17:34:43.277 17449 17449 I A03d00/JSAPP: OHOS_REPORT_STATUS: class=homePageTest
04-09 17:34:43.277 17449 17449 I A03d00/JSAPP: OHOS_REPORT_STATUS: current=2
04-09 17:34:43.277 17449 17449 I A03d00/JSAPP: OHOS_REPORT_STATUS: id=JS
04-09 17:34:43.277 17449 17449 I A03d00/JSAPP: OHOS_REPORT_STATUS: numtests=2
04-09 17:34:43.277 17449 17449 I A03d00/JSAPP: OHOS_REPORT_STATUS: stack=fail , error in beforeAll function
04-09 17:34:43.277 17449 17449 I A03d00/JSAPP: OHOS_REPORT_STATUS: stream=
04-09 17:34:43.277 17449 17449 I A03d00/JSAPP: Error in function_myNews_publickArticle_001
04-09 17:34:43.277 17449 17449 I A03d00/JSAPP: fail , error in beforeAll function
04-09 17:34:43.277 17449 17449 I A03d00/JSAPP: OHOS_REPORT_STATUS: test=function_myNews_publickArticle_001
04-09 17:34:43.277 17449 17449 I A03d00/JSAPP: OHOS_REPORT_STATUS_CODE: -2
04-09 17:34:43.277 17449 17449 I A03d00/JSAPP: OHOS_REPORT_STATUS: consuming=2
04-09 17:34:43.277 17449 17449 D A03d00/JSAPP: [Hypium]printSync called ...
04-09 17:34:43.278 17449 17449 I A03d00/JSAPP: [Hypium]function_myNews_publickArticle_001 specDone end print success
04-09 17:34:43.278 17449 17449 I A03d00/JSAPP: [suite end] homePageTest consuming 2 ms, fail , error in beforeAll function
04-09 17:34:43.279 17449 17449 I A03d00/JSAPP: OHOS_REPORT_STATUS: class=homePageTest
04-09 17:34:43.279 17449 17449 I A03d00/JSAPP: OHOS_REPORT_STATUS: suiteconsuming=2
04-09 17:34:43.279 17449 17449 I A03d00/JSAPP: OHOS_REPORT_STATUS: fail , error in beforeAll function
04-09 17:34:43.279 17449 17449 D A03d00/JSAPP: [Hypium]printSync called ...
04-09 17:34:43.279 17449 17449 I A03d00/JSAPP: [Hypium]homePageTest suiteDone print success
04-09 17:34:43.280 17449 17449 I A03d00/JSAPP: [Hypium]total cases:2;failure 1,error 0,pass 1; consuming 10ms
04-09 17:34:43.280 17449 17449 I A03d00/JSAPP: [Hypium][end] run suites end
04-09 17:34:43.281 17449 17449 I A03d00/JSAPP: OHOS_REPORT_RESULT: stream=Tests run: 2, Failure: 1, Error: 0, Pass: 1, Ignore: 0
04-09 17:34:43.281 17449 17449 I A03d00/JSAPP: OHOS_REPORT_CODE: -1
04-09 17:34:43.281 17449 17449 I A03d00/JSAPP: OHOS_REPORT_STATUS: taskconsuming=10
04-09 17:34:43.281 17449 17449 D A03d00/JSAPP: [Hypium]printSync called ...
04-09 17:34:43.281 17449 17449 I A03d00/JSAPP: [Hypium]report print success
04-09 17:34:43.375  1476  1476 I A0001b/Launcher_Default: LocalEventManager --> sendLocalEvent event: "launcher.event.REQUEST_FORM_ITEM_VISIBLE"
04-09 17:34:43.375  1476  1476 I A0001b/Launcher_Default: LauncherMainAbility --> lifeCycleEvent change: 2
04-09 17:34:43.382  1132  1132 I A0001a/SystemUI_Default: StatusBarVM --> onTintStateChange, tintState: {"isEnable":true,"region":{"left":0,"top":0,"width":720,"height":72},"backgroundColor":"#00FFFFFF","contentColor":"#E5FFFFFF"}
04-09 17:34:43.382  1132  1132 I A0001a/SystemUI_Default: StatusBarVM --> setStatusBarEnable, isEnable true
04-09 17:34:43.383  1132  1132 I A0001a/SystemUI_Default: StatusBarVM --> changeBackground, backgroundColor: #00FFFFFF region: {"left":0,"top":0,"width":720,"height":72}
04-09 17:34:43.386  1132  1132 I A0001a/SystemUI_Default: StatusBarVM --> changeBackground, data: {"backgroundColor":"#00FFFFFF","width":720}
04-09 17:34:43.386  1132  1132 I A0001a/SystemUI_Default: StatusBarVM --> changeContent, contentColor: #E5FFFFFF region: {"left":0,"top":0,"width":720,"height":72}
04-09 17:34:43.386  1132  1132 I A0001a/SystemUI_Default: StatusBarVM --> changeContent, data: {"contentColor":"#E5FFFFFF","width":720}
04-09 17:34:43.387  1132  1132 I A0001a/SystemUI_Default: StatusBarVM --> changeComponentContent, id battery area: {"left":511.70001220703125,"top":0,"width":98.80000305175781,"height":72}
04-09 17:34:43.387  1132  1132 I A0001a/SystemUI_Default: StatusBarVM --> setComponentContent, id battery contentColor: #E5FFFFFF
04-09 17:34:43.388  1132  1132 I A0001a/SystemUI_Default: StatusBarVM --> changeComponentContent, id air_plane area: {"left":511.70001220703125,"top":0,"width":0,"height":72}
04-09 17:34:43.389  1132  1132 I A0001a/SystemUI_Default: StatusBarVM --> setComponentContent, id air_plane contentColor: #E5FFFFFF
04-09 17:34:43.389  1132  1132 I A0001a/SystemUI_Default: StatusBarVM --> changeComponentContent, id nfc area: {"left":512.7000122070312,"top":0,"width":-1,"height":72}
04-09 17:34:43.390  1132  1132 I A0001a/SystemUI_Default: StatusBarVM --> setComponentContent, id nfc contentColor: #E5FFFFFF
04-09 17:34:43.390  1132  1132 I A0001a/SystemUI_Default: StatusBarVM --> changeComponentContent, id location area: {"left":512.7000122070312,"top":0,"width":0,"height":72}
04-09 17:34:43.390  1132  1132 I A0001a/SystemUI_Default: StatusBarVM --> setComponentContent, id location contentColor: #E5FFFFFF
04-09 17:34:43.391  1132  1132 I A0001a/SystemUI_Default: StatusBarVM --> changeComponentContent, id ring_mode area: {"left":512.7000122070312,"top":0,"width":0,"height":72}
04-09 17:34:43.391  1132  1132 I A0001a/SystemUI_Default: StatusBarVM --> setComponentContent, id ring_mode contentColor: #E5FFFFFF
04-09 17:34:43.394  1132  1132 I A0001a/SystemUI_Default: StatusBarVM --> changeComponentContent, id bluetooth area: {"left":512.7000122070312,"top":0,"width":0,"height":72}
04-09 17:34:43.394  1132  1132 I A0001a/SystemUI_Default: StatusBarVM --> setComponentContent, id bluetooth contentColor: #E5FFFFFF
04-09 17:34:43.396  1132  1132 I A0001a/SystemUI_Default: StatusBarVM --> changeComponentContent, id capsule area: {"left":256.375,"top":0,"width":-1,"height":72}
04-09 17:34:43.397  1132  1132 I A0001a/SystemUI_Default: StatusBarVM --> setComponentContent, id capsule contentColor: #E5FFFFFF
04-09 17:34:43.397  1132  1132 I A0001a/SystemUI_Default: StatusBarVM --> changeComponentContent, id wifi area: {"left":217.75,"top":0,"width":38.625,"height":72}
04-09 17:34:43.397  1132  1132 I A0001a/SystemUI_Default: StatusBarVM --> setComponentContent, id wifi contentColor: #E5FFFFFF
04-09 17:34:43.398  1132  1132 I A0001a/SystemUI_Default: StatusBarVM --> changeComponentContent, id signal area: {"left":36,"top":0,"width":181.75,"height":72}
04-09 17:34:43.401  1132  1132 I A0001a/SystemUI_Default: StatusBarVM --> setComponentContent, id signal contentColor: #E5FFFFFF
04-09 17:34:43.402  1132  1132 I A0001a/SystemUI_Default: StatusBarVM --> changeComponentContent, id clock area: {"left":610.5000152587891,"top":0,"width":73.5,"height":72}
04-09 17:34:43.402  1132  1132 I A0001a/SystemUI_Default: StatusBarVM --> setComponentContent, id clock contentColor: #E5FFFFFF
04-09 17:34:43.403  1132  1132 I A0001a/SystemUI_Default: StatusBarVM --> changeComponentContent, id notification area: {"left":255.375,"top":0,"width":0,"height":72}
04-09 17:34:43.403  1132  1132 I A0001a/SystemUI_Default: StatusBarVM --> setComponentContent, id notification contentColor: #E5FFFFFF
04-09 17:34:43.405  1476  1476 I A0001b/Launcher_Default: SmartDockModel --> onMissionClosedCallback, missionId=33
04-09 17:34:43.405  1476  1476 I A0001b/Launcher_Default: AmsMissionManager --> clearMission Id:33
04-09 17:34:43.409  1476  1476 I A0001b/Launcher_Default: SmartDockModel --> onMissionDestroyedCallback, missionId=33
04-09 17:34:43.420  1132  1132 I A0001a/SystemUI_Default: WifiComponent-WifiIcon --> getImage
04-09 17:35:00.015  1132  1132 I A0001a/SystemUI_Default: EventManager --> PUBLISH : event: {"target":"local","data":{"eventName":"Time_Change_Event","args":{"date":"2024-04-09T09:35:00.014Z","timeFormat":false}}}
04-09 17:35:00.034  1132  1132 I A0002a/ScreenLock_Default: CommonEvent_TimeManagerSc --> handle common event: usual.event.TIME_TICK
04-09 17:35:00.035  1132  1132 I A0002a/ScreenLock_Default: EventManagerSc --> publish localEvent type: Time_Change_Event
04-09 17:36:00.015  1132  1132 I A0001a/SystemUI_Default: EventManager --> PUBLISH : event: {"target":"local","data":{"eventName":"Time_Change_Event","args":{"date":"2024-04-09T09:36:00.015Z","timeFormat":false}}}
04-09 17:36:00.038  1132  1132 I A0002a/ScreenLock_Default: CommonEvent_TimeManagerSc --> handle common event: usual.event.TIME_TICK
04-09 17:36:00.039  1132  1132 I A0002a/ScreenLock_Default: EventManagerSc --> publish localEvent type: Time_Change_Event
04-09 17:37:00.032  1132  1132 I A0002a/ScreenLock_Default: CommonEvent_TimeManagerSc --> handle common event: usual.event.TIME_TICK
04-09 17:37:00.032  1132  1132 I A0002a/ScreenLock_Default: EventManagerSc --> publish localEvent type: Time_Change_Event
04-09 17:37:00.045  1132  1132 I A0001a/SystemUI_Default: EventManager --> PUBLISH : event: {"target":"local","data":{"eventName":"Time_Change_Event","args":{"date":"2024-04-09T09:37:00.045Z","timeFormat":false}}}
04-09 17:38:00.014  1132  1132 I A0001a/SystemUI_Default: EventManager --> PUBLISH : event: {"target":"local","data":{"eventName":"Time_Change_Event","args":{"date":"2024-04-09T09:38:00.013Z","timeFormat":false}}}
04-09 17:38:00.032  1132  1132 I A0002a/ScreenLock_Default: CommonEvent_TimeManagerSc --> handle common event: usual.event.TIME_TICK
04-09 17:38:00.032  1132  1132 I A0002a/ScreenLock_Default: EventManagerSc --> publish localEvent type: Time_Change_Event
04-09 17:39:00.013  1132  1132 I A0001a/SystemUI_Default: EventManager --> PUBLISH : event: {"target":"local","data":{"eventName":"Time_Change_Event","args":{"date":"2024-04-09T09:39:00.013Z","timeFormat":false}}}
04-09 17:39:00.017  1132  1132 I A0002a/ScreenLock_Default: CommonEvent_TimeManagerSc --> handle common event: usual.event.TIME_TICK
04-09 17:39:00.018  1132  1132 I A0002a/ScreenLock_Default: EventManagerSc --> publish localEvent type: Time_Change_Event
04-09 17:40:00.013  1132  1132 I A0001a/SystemUI_Default: EventManager --> PUBLISH : event: {"target":"local","data":{"eventName":"Time_Change_Event","args":{"date":"2024-04-09T09:40:00.012Z","timeFormat":false}}}
04-09 17:40:00.017  1132  1132 I A0002a/ScreenLock_Default: CommonEvent_TimeManagerSc --> handle common event: usual.event.TIME_TICK
04-09 17:40:00.017  1132  1132 I A0002a/ScreenLock_Default: EventManagerSc --> publish localEvent type: Time_Change_Event
04-09 17:40:35.577  1132  1132 I A0002a/ScreenLock_Default: ScreenLock-ScreenLockService --> app pss info is: 78083
04-09 17:41:00.014  1132  1132 I A0001a/SystemUI_Default: EventManager --> PUBLISH : event: {"target":"local","data":{"eventName":"Time_Change_Event","args":{"date":"2024-04-09T09:41:00.013Z","timeFormat":false}}}
04-09 17:41:00.018  1132  1132 I A0002a/ScreenLock_Default: CommonEvent_TimeManagerSc --> handle common event: usual.event.TIME_TICK
04-09 17:41:00.019  1132  1132 I A0002a/ScreenLock_Default: EventManagerSc --> publish localEvent type: Time_Change_Event
04-09 17:42:00.014  1132  1132 I A0001a/SystemUI_Default: EventManager --> PUBLISH : event: {"target":"local","data":{"eventName":"Time_Change_Event","args":{"date":"2024-04-09T09:42:00.013Z","timeFormat":false}}}
04-09 17:42:00.018  1132  1132 I A0002a/ScreenLock_Default: CommonEvent_TimeManagerSc --> handle common event: usual.event.TIME_TICK
04-09 17:42:00.019  1132  1132 I A0002a/ScreenLock_Default: EventManagerSc --> publish localEvent type: Time_Change_Event
04-09 17:43:00.012  1132  1132 I A0001a/SystemUI_Default: EventManager --> PUBLISH : event: {"target":"local","data":{"eventName":"Time_Change_Event","args":{"date":"2024-04-09T09:43:00.012Z","timeFormat":false}}}
04-09 17:43:00.016  1132  1132 I A0002a/ScreenLock_Default: CommonEvent_TimeManagerSc --> handle common event: usual.event.TIME_TICK
04-09 17:43:00.017  1132  1132 I A0002a/ScreenLock_Default: EventManagerSc --> publish localEvent type: Time_Change_Event
04-09 17:44:00.012  1132  1132 I A0001a/SystemUI_Default: EventManager --> PUBLISH : event: {"target":"local","data":{"eventName":"Time_Change_Event","args":{"date":"2024-04-09T09:44:00.011Z","timeFormat":false}}}
04-09 17:44:00.035  1132  1132 I A0002a/ScreenLock_Default: CommonEvent_TimeManagerSc --> handle common event: usual.event.TIME_TICK
04-09 17:44:00.035  1132  1132 I A0002a/ScreenLock_Default: EventManagerSc --> publish localEvent type: Time_Change_Event
04-09 17:45:00.013  1132  1132 I A0001a/SystemUI_Default: EventManager --> PUBLISH : event: {"target":"local","data":{"eventName":"Time_Change_Event","args":{"date":"2024-04-09T09:45:00.013Z","timeFormat":false}}}
04-09 17:45:00.036  1132  1132 I A0002a/ScreenLock_Default: CommonEvent_TimeManagerSc --> handle common event: usual.event.TIME_TICK
04-09 17:45:00.036  1132  1132 I A0002a/ScreenLock_Default: EventManagerSc --> publish localEvent type: Time_Change_Event
04-09 17:46:00.012  1132  1132 I A0001a/SystemUI_Default: EventManager --> PUBLISH : event: {"target":"local","data":{"eventName":"Time_Change_Event","args":{"date":"2024-04-09T09:46:00.012Z","timeFormat":false}}}
04-09 17:46:00.034  1132  1132 I A0002a/ScreenLock_Default: CommonEvent_TimeManagerSc --> handle common event: usual.event.TIME_TICK
04-09 17:46:00.035  1132  1132 I A0002a/ScreenLock_Default: EventManagerSc --> publish localEvent type: Time_Change_Event
04-09 17:46:18.060  1476  1476 I A0001b/Launcher_Default: LauncherAbilityManager --> update bundleName: ohos.samples.myShopping userId: 100
04-09 17:46:18.060  1476  1476 I A0001b/Launcher_Default: AppModel --> installationSubscriberCallBack event: usual.event.PACKAGE_CHANGED
04-09 17:46:18.066  1132  1582 I A0001a/SystemUI_Default: SourceLoader-BundleParseUtil --> bundle change, err: {"code":0} data: {"event":"usual.event.PACKAGE_CHANGED","bundleName":"ohos.samples.myShopping","code":0,"data":"","parameters":{"abilityName":"EntryAbility","accessTokenId":0,"isAgingUninstall":false,"moduleName":"entry_test","uid":20010044,"userId":100}}
04-09 17:46:18.067  1132  1582 I A0001a/SystemUI_Default: SourceLoader-BundleParseUtil --> queryAbilityWithBundleName, action: com.ohos.systemui.action.BAR_ICON bundleName: ohos.samples.myShopping
04-09 17:46:18.072  1476  1476 E A0001b/Launcher_Default: FormModel --> getFormsInfoByBundleName err: {"code":16500100}
04-09 17:46:18.077  1132  1582 E A0001a/SystemUI_Default: SourceLoader-BundleParseUtil --> queryAbilityWithBundleName, queryAbilityByWant error: {"code":17700003}
04-09 17:46:18.085  1132  1582 E A0001a/SystemUI_Default: SourceLoader-BundleParseUtil --> queryAbilityWithBundleName, queryExtensionAbilityInfo error: {"code":17700003}
04-09 17:46:18.085  1132  1582 I A0001a/SystemUI_Default: PluginDataSourceManager --> abilityInfos: []
04-09 17:46:18.121  1476  1476 I A0001b/Launcher_Default: AppModel --> installationSubscriber, PACKAGE_CHANGED, bundleName is ohos.samples.myShopping
04-09 17:46:18.121  1476  1476 I A0001b/Launcher_Default: LocalEventManager --> sendLocalEvent event: "launcher.event.EVENT_REQUEST_RECOMMEND_FORM_UPDATE"
04-09 17:46:18.122  1476  1476 I A0001b/Launcher_Default: LocalEventManager --> sendLocalEvent, send local event with no receiver
04-09 17:46:18.122  1476  1476 E A0001b/Launcher_Default: AppModel --> installationSubscriberCallBack unKnow bundleType:undefined
04-09 17:46:18.122  1476  1476 I A0001b/Launcher_Default: PageDesktopViewModel --> getAppList start
04-09 17:46:18.122  1476  1476 I A0001b/Launcher_Default: AppModel --> getAppList start
04-09 17:46:18.122  1476  1476 I A0001b/Launcher_Default: AppModel --> getAppList bundleInfoList length: 14
04-09 17:46:18.137  1476  1476 I A0001b/Launcher_Default: PageDesktopLayoutConfig -->  srj updateGridLayoutInfo...
04-09 17:46:18.138  1476  1476 I A0001b/Launcher_Default: PageDesktopViewModel --> pagingFiltering appListInfo length:10
04-09 17:46:18.239  1476  1476 I A0001b/Launcher_Default: PageDesktopLayoutConfig --> srj updateGridLayoutInfo success.
04-09 17:46:20.798  1476  1476 I A0001b/Launcher_Default: LauncherAbilityManager --> update bundleName: ohos.samples.myShopping userId: 100
04-09 17:46:20.798  1476  1476 I A0001b/Launcher_Default: AppModel --> installationSubscriberCallBack event: usual.event.PACKAGE_CHANGED
04-09 17:46:20.800  1132  1582 I A0001a/SystemUI_Default: SourceLoader-BundleParseUtil --> bundle change, err: {"code":0} data: {"event":"usual.event.PACKAGE_CHANGED","bundleName":"ohos.samples.myShopping","code":0,"data":"","parameters":{"abilityName":"EntryAbility","accessTokenId":0,"isAgingUninstall":false,"moduleName":"entry","uid":20010044,"userId":100}}
04-09 17:46:20.800  1132  1582 I A0001a/SystemUI_Default: SourceLoader-BundleParseUtil --> queryAbilityWithBundleName, action: com.ohos.systemui.action.BAR_ICON bundleName: ohos.samples.myShopping
04-09 17:46:20.810  1132  1582 E A0001a/SystemUI_Default: SourceLoader-BundleParseUtil --> queryAbilityWithBundleName, queryAbilityByWant error: {"code":17700003}
04-09 17:46:20.824  1132  1582 E A0001a/SystemUI_Default: SourceLoader-BundleParseUtil --> queryAbilityWithBundleName, queryExtensionAbilityInfo error: {"code":17700003}
04-09 17:46:20.824  1132  1582 I A0001a/SystemUI_Default: PluginDataSourceManager --> abilityInfos: []
04-09 17:46:20.832  1476  1476 E A0001b/Launcher_Default: FormModel --> getFormsInfoByBundleName err: {"code":16500100}
04-09 17:46:20.865  1476  1476 I A0001b/Launcher_Default: AppModel --> installationSubscriber, PACKAGE_CHANGED, bundleName is ohos.samples.myShopping
04-09 17:46:20.866  1476  1476 I A0001b/Launcher_Default: LocalEventManager --> sendLocalEvent event: "launcher.event.EVENT_REQUEST_RECOMMEND_FORM_UPDATE"
04-09 17:46:20.866  1476  1476 I A0001b/Launcher_Default: LocalEventManager --> sendLocalEvent, send local event with no receiver
04-09 17:46:20.866  1476  1476 E A0001b/Launcher_Default: AppModel --> installationSubscriberCallBack unKnow bundleType:undefined
04-09 17:46:20.866  1476  1476 I A0001b/Launcher_Default: PageDesktopViewModel --> getAppList start
04-09 17:46:20.866  1476  1476 I A0001b/Launcher_Default: AppModel --> getAppList start
04-09 17:46:20.866  1476  1476 I A0001b/Launcher_Default: AppModel --> getAppList bundleInfoList length: 14
04-09 17:46:20.879  1476  1476 I A0001b/Launcher_Default: PageDesktopLayoutConfig -->  srj updateGridLayoutInfo...
04-09 17:46:20.879  1476  1476 I A0001b/Launcher_Default: PageDesktopViewModel --> pagingFiltering appListInfo length:10
04-09 17:46:20.968  1476  1476 I A0001b/Launcher_Default: PageDesktopLayoutConfig --> srj updateGridLayoutInfo success.
04-09 17:46:21.374 17651 17651 I A00000/testTag: OpenHarmonyTestRunner OnPrepare 
04-09 17:46:21.380 17651 17651 I A00000/testTag: OpenHarmonyTestRunner onRun run
04-09 17:46:21.383 17651 17651 I A00000/testTag: OpenHarmonyTestRunner onRun end
04-09 17:46:21.408 17651 17651 I A00000/testTag: startAbility : err : null
04-09 17:46:21.408 17651 17651 I A00000/testTag: startAbility : data : 
04-09 17:46:21.408 17651 17651 I A00000/testTag: addAbilityMonitorCallback : null
04-09 17:46:21.462 17651 17651 W A03d00/JSAPP: UiTestKit_exporter: systemParameter "persist.ace.testmode.enabled" is not set!
04-09 17:46:21.469 17651 17651 I A03d00/JSAPP: UiTestKit_exporter: ScheduleProbeAndEstablishConnection, token=ohos.samples.myShopping@17651@20010044@1
04-09 17:46:21.469 17651 17651 I A03d00/JSAPP: UiTestKit_exporter: Begin executing shell command to start server-daemon
04-09 17:46:22.390 17651 17651 I A03d00/JSAPP: Callee constructor is OK string
04-09 17:46:22.390 17651 17651 I A03d00/JSAPP: Ability::constructor callee is object [object Object]
04-09 17:46:22.412 17651 17651 I A03d00/JSAPP: UiTestKit_exporter: Start server-daemon finished: {"stdResult":"","exitCode":0}
04-09 17:46:22.427 17651 17651 I A00000/testTag: TestAbility onCreate
04-09 17:46:22.428 17651 17651 I A00000/testTag: want param:{"deviceId":"","bundleName":"ohos.samples.myShopping","abilityName":"TestAbility","moduleName":"entry_test","uri":"","type":"","flags":0,"action":"","parameters":{"component.startup.newRules":true,"isDelegatorCall":true,"moduleName":"entry_test","ohos.aafwk.param.callerAbilityName":"","ohos.aafwk.param.callerBundleName":"","ohos.aafwk.param.callerPid":17651,"ohos.aafwk.param.callerToken":537374260,"ohos.aafwk.param.callerUid":20010044,"ohos.ability.launch.reason":1,"ohos.anco.param.missionId":34,"ohos.dlp.params.sandbox":false},"entities":[]}
04-09 17:46:22.428 17651 17651 I A00000/testTag: launchParam:{"launchReason":1,"lastExitReason":8}
04-09 17:46:22.429 17651 17651 I A00000/testTag: start run testcase!!!
04-09 17:46:22.435 17651 17651 I A03d00/JSAPP: [Hypium]parameters:{"timeout":"15000"}
04-09 17:46:22.437 17651 17651 I A03d00/JSAPP: [Hypium]filter params:0
04-09 17:46:22.443 17651 17651 I A03d00/JSAPP: [Hypium]stress length : 1
04-09 17:46:22.445 17651 17651 I A03d00/JSAPP: [Hypium]stress length : 1
04-09 17:46:22.446 17651 17651 I A00000/testTag: onAbilityCreateCallback
04-09 17:46:22.465 17651 17651 I A00000/testTag: TestAbility onWindowStageCreate
04-09 17:46:22.476 17651 17651 I A00000/testTag: TestAbility onForeground
04-09 17:46:22.480 17651 17651 I A03d00/JSAPP: [Hypium][start] start run suites
04-09 17:46:22.481 17651 17651 I A03d00/JSAPP: [Hypium][suite start]ActsAbilityTest
04-09 17:46:22.481 17651 17651 I A03d00/JSAPP: OHOS_REPORT_SUM: 1
04-09 17:46:22.481 17651 17651 I A03d00/JSAPP: OHOS_REPORT_STATUS: class=ActsAbilityTest
04-09 17:46:22.481 17651 17651 D A03d00/JSAPP: [Hypium]printSync called ...
04-09 17:46:22.483 17651 17651 I A03d00/JSAPP: [Hypium]ActsAbilityTest suiteStart print success
04-09 17:46:22.484 17651 17651 I A03d00/JSAPP: [Hypium]start running case 'assertContain'
04-09 17:46:22.485 17651 17651 I A03d00/JSAPP: OHOS_REPORT_STATUS: class=ActsAbilityTest
04-09 17:46:22.485 17651 17651 I A03d00/JSAPP: OHOS_REPORT_STATUS: current=1
04-09 17:46:22.485 17651 17651 I A03d00/JSAPP: OHOS_REPORT_STATUS: id=JS
04-09 17:46:22.485 17651 17651 I A03d00/JSAPP: OHOS_REPORT_STATUS: numtests=2
04-09 17:46:22.485 17651 17651 I A03d00/JSAPP: OHOS_REPORT_STATUS: stream=
04-09 17:46:22.485 17651 17651 I A03d00/JSAPP: OHOS_REPORT_STATUS: test=assertContain
04-09 17:46:22.485 17651 17651 I A03d00/JSAPP: OHOS_REPORT_STATUS_CODE: 1
04-09 17:46:22.485 17651 17651 D A03d00/JSAPP: [Hypium]printSync called ...
04-09 17:46:22.486 17651 17651 I A03d00/JSAPP: [Hypium]assertContain specStart start print success
04-09 17:46:22.487 17651 17651 I A00000/testTag: it begin
04-09 17:46:22.495 17651 17651 I A03d00/JSAPP: [Hypium][pass]assertContain ; consuming 11ms
04-09 17:46:22.496 17651 17651 I A03d00/JSAPP: OHOS_REPORT_STATUS: class=ActsAbilityTest
04-09 17:46:22.496 17651 17651 I A03d00/JSAPP: OHOS_REPORT_STATUS: current=1
04-09 17:46:22.496 17651 17651 I A03d00/JSAPP: OHOS_REPORT_STATUS: id=JS
04-09 17:46:22.496 17651 17651 I A03d00/JSAPP: OHOS_REPORT_STATUS: numtests=2
04-09 17:46:22.496 17651 17651 I A03d00/JSAPP: OHOS_REPORT_STATUS: stream=
04-09 17:46:22.496 17651 17651 I A03d00/JSAPP: OHOS_REPORT_STATUS: test=assertContain
04-09 17:46:22.496 17651 17651 I A03d00/JSAPP: OHOS_REPORT_STATUS_CODE: 0
04-09 17:46:22.496 17651 17651 I A03d00/JSAPP: OHOS_REPORT_STATUS: consuming=11
04-09 17:46:22.496 17651 17651 D A03d00/JSAPP: [Hypium]printSync called ...
04-09 17:46:22.497 17651 17651 I A03d00/JSAPP: [Hypium]assertContain specDone end print success
04-09 17:46:22.498 17651 17651 I A03d00/JSAPP: [suite end] ActsAbilityTest consuming 11 ms
04-09 17:46:22.498 17651 17651 I A03d00/JSAPP: OHOS_REPORT_STATUS: class=ActsAbilityTest
04-09 17:46:22.498 17651 17651 I A03d00/JSAPP: OHOS_REPORT_STATUS: suiteconsuming=11
04-09 17:46:22.498 17651 17651 D A03d00/JSAPP: [Hypium]printSync called ...
04-09 17:46:22.499 17651 17651 I A03d00/JSAPP: [Hypium]ActsAbilityTest suiteDone print success
04-09 17:46:22.500 17651 17651 I A03d00/JSAPP: [Hypium][suite start]homePageTest
04-09 17:46:22.500 17651 17651 I A03d00/JSAPP: OHOS_REPORT_SUM: 1
04-09 17:46:22.500 17651 17651 I A03d00/JSAPP: OHOS_REPORT_STATUS: class=homePageTest
04-09 17:46:22.500 17651 17651 D A03d00/JSAPP: [Hypium]printSync called ...
04-09 17:46:22.501 17651 17651 I A03d00/JSAPP: [Hypium]homePageTest suiteStart print success
04-09 17:46:22.501 17651 17651 I A03d00/JSAPP: [scenario_myShops_home]homePageTest begin
04-09 17:46:22.501  1132  1132 I A0001a/SystemUI_Default: StatusBarVM --> onTintStateChange, tintState: {"isEnable":true,"region":{"left":0,"top":0,"width":720,"height":72},"backgroundColor":"#00FFFFFF","contentColor":"#FF000000"}
04-09 17:46:22.501  1132  1132 I A0001a/SystemUI_Default: StatusBarVM --> setStatusBarEnable, isEnable true
04-09 17:46:22.501  1132  1132 I A0001a/SystemUI_Default: StatusBarVM --> changeBackground, backgroundColor: #00FFFFFF region: {"left":0,"top":0,"width":720,"height":72}
04-09 17:46:22.506  1132  1132 I A0001a/SystemUI_Default: StatusBarVM --> changeBackground, data: {"backgroundColor":"#00FFFFFF","width":720}
04-09 17:46:22.507  1132  1132 I A0001a/SystemUI_Default: StatusBarVM --> changeContent, contentColor: #FF000000 region: {"left":0,"top":0,"width":720,"height":72}
04-09 17:46:22.507  1132  1132 I A0001a/SystemUI_Default: StatusBarVM --> changeContent, data: {"contentColor":"#FF000000","width":720}
04-09 17:46:22.510  1132  1132 I A0001a/SystemUI_Default: StatusBarVM --> changeComponentContent, id battery area: {"left":511.70001220703125,"top":0,"width":98.80000305175781,"height":72}
04-09 17:46:22.510  1132  1132 I A0001a/SystemUI_Default: StatusBarVM --> setComponentContent, id battery contentColor: #FF000000
04-09 17:46:22.511  1132  1132 I A0001a/SystemUI_Default: StatusBarVM --> changeComponentContent, id air_plane area: {"left":511.70001220703125,"top":0,"width":0,"height":72}
04-09 17:46:22.511  1132  1132 I A0001a/SystemUI_Default: StatusBarVM --> setComponentContent, id air_plane contentColor: #FF000000
04-09 17:46:22.512  1132  1132 I A0001a/SystemUI_Default: StatusBarVM --> changeComponentContent, id nfc area: {"left":512.7000122070312,"top":0,"width":-1,"height":72}
04-09 17:46:22.512  1132  1132 I A0001a/SystemUI_Default: StatusBarVM --> setComponentContent, id nfc contentColor: #FF000000
04-09 17:46:22.512  1132  1132 I A0001a/SystemUI_Default: StatusBarVM --> changeComponentContent, id location area: {"left":512.7000122070312,"top":0,"width":0,"height":72}
04-09 17:46:22.519  1132  1132 I A0001a/SystemUI_Default: StatusBarVM --> setComponentContent, id location contentColor: #FF000000
04-09 17:46:22.520 17651 17651 E A03d00/JSAPP: [Hypium]    at AssertException (oh_modules/.ohpm/@ohos+hypium@1.0.11/oh_modules/@ohos/hypium/src/main/service.js:20:5)
04-09 17:46:22.520 17651 17651 E A03d00/JSAPP:     at anonymous (oh_modules/.ohpm/@ohos+hypium@1.0.11/oh_modules/@ohos/hypium/src/main/service.js:809:33)
04-09 17:46:22.520 17651 17651 E A03d00/JSAPP:     at anonymous (entry/src/ohosTest/ets/test/uiTestSuites/home.test.ets:22:17)
04-09 17:46:22.520 17651 17651 I A03d00/JSAPP: [Hypium]start running case 'function_myNews_publickArticle_001'
04-09 17:46:22.520 17651 17651 I A03d00/JSAPP: OHOS_REPORT_STATUS: class=homePageTest
04-09 17:46:22.520 17651 17651 I A03d00/JSAPP: OHOS_REPORT_STATUS: current=2
04-09 17:46:22.520 17651 17651 I A03d00/JSAPP: OHOS_REPORT_STATUS: id=JS
04-09 17:46:22.520 17651 17651 I A03d00/JSAPP: OHOS_REPORT_STATUS: numtests=2
04-09 17:46:22.520 17651 17651 I A03d00/JSAPP: OHOS_REPORT_STATUS: stream=
04-09 17:46:22.520 17651 17651 I A03d00/JSAPP: OHOS_REPORT_STATUS: test=function_myNews_publickArticle_001
04-09 17:46:22.520 17651 17651 I A03d00/JSAPP: OHOS_REPORT_STATUS_CODE: 1
04-09 17:46:22.521 17651 17651 D A03d00/JSAPP: [Hypium]printSync called ...
04-09 17:46:22.521 17651 17651 I A03d00/JSAPP: [Hypium]function_myNews_publickArticle_001 specStart start print success
04-09 17:46:22.521 17651 17651 I A03d00/JSAPP: [Hypium][fail]function_myNews_publickArticle_001 ; consuming 1ms
04-09 17:46:22.521 17651 17651 I A03d00/JSAPP: [Hypium][failDetail]fail , error in beforeAll function
04-09 17:46:22.522 17651 17651 I A03d00/JSAPP: OHOS_REPORT_STATUS: class=homePageTest
04-09 17:46:22.522 17651 17651 I A03d00/JSAPP: OHOS_REPORT_STATUS: current=2
04-09 17:46:22.522 17651 17651 I A03d00/JSAPP: OHOS_REPORT_STATUS: id=JS
04-09 17:46:22.522 17651 17651 I A03d00/JSAPP: OHOS_REPORT_STATUS: numtests=2
04-09 17:46:22.522 17651 17651 I A03d00/JSAPP: OHOS_REPORT_STATUS: stack=fail , error in beforeAll function
04-09 17:46:22.522 17651 17651 I A03d00/JSAPP: OHOS_REPORT_STATUS: stream=
04-09 17:46:22.522 17651 17651 I A03d00/JSAPP: Error in function_myNews_publickArticle_001
04-09 17:46:22.522 17651 17651 I A03d00/JSAPP: fail , error in beforeAll function
04-09 17:46:22.522 17651 17651 I A03d00/JSAPP: OHOS_REPORT_STATUS: test=function_myNews_publickArticle_001
04-09 17:46:22.522 17651 17651 I A03d00/JSAPP: OHOS_REPORT_STATUS_CODE: -2
04-09 17:46:22.522 17651 17651 I A03d00/JSAPP: OHOS_REPORT_STATUS: consuming=1
04-09 17:46:22.522 17651 17651 D A03d00/JSAPP: [Hypium]printSync called ...
04-09 17:46:22.522 17651 17651 I A03d00/JSAPP: [Hypium]function_myNews_publickArticle_001 specDone end print success
04-09 17:46:22.522 17651 17651 I A03d00/JSAPP: [suite end] homePageTest consuming 1 ms, fail , error in beforeAll function
04-09 17:46:22.523  1132  1132 I A0001a/SystemUI_Default: StatusBarVM --> changeComponentContent, id ring_mode area: {"left":512.7000122070312,"top":0,"width":0,"height":72}
04-09 17:46:22.523 17651 17651 I A03d00/JSAPP: OHOS_REPORT_STATUS: class=homePageTest
04-09 17:46:22.523 17651 17651 I A03d00/JSAPP: OHOS_REPORT_STATUS: suiteconsuming=1
04-09 17:46:22.523 17651 17651 I A03d00/JSAPP: OHOS_REPORT_STATUS: fail , error in beforeAll function
04-09 17:46:22.523 17651 17651 D A03d00/JSAPP: [Hypium]printSync called ...
04-09 17:46:22.523  1132  1132 I A0001a/SystemUI_Default: StatusBarVM --> setComponentContent, id ring_mode contentColor: #FF000000
04-09 17:46:22.523 17651 17651 I A03d00/JSAPP: [Hypium]homePageTest suiteDone print success
04-09 17:46:22.523  1132  1132 I A0001a/SystemUI_Default: StatusBarVM --> changeComponentContent, id bluetooth area: {"left":512.7000122070312,"top":0,"width":0,"height":72}
04-09 17:46:22.524  1132  1132 I A0001a/SystemUI_Default: StatusBarVM --> setComponentContent, id bluetooth contentColor: #FF000000
04-09 17:46:22.524 17651 17651 I A03d00/JSAPP: [Hypium]total cases:2;failure 1,error 0,pass 1; consuming 12ms
04-09 17:46:22.524 17651 17651 I A03d00/JSAPP: [Hypium][end] run suites end
04-09 17:46:22.524  1132  1132 I A0001a/SystemUI_Default: StatusBarVM --> changeComponentContent, id capsule area: {"left":256.375,"top":0,"width":-1,"height":72}
04-09 17:46:22.524  1132  1132 I A0001a/SystemUI_Default: StatusBarVM --> setComponentContent, id capsule contentColor: #FF000000
04-09 17:46:22.524 17651 17651 I A03d00/JSAPP: OHOS_REPORT_RESULT: stream=Tests run: 2, Failure: 1, Error: 0, Pass: 1, Ignore: 0
04-09 17:46:22.524 17651 17651 I A03d00/JSAPP: OHOS_REPORT_CODE: -1
04-09 17:46:22.524 17651 17651 I A03d00/JSAPP: OHOS_REPORT_STATUS: taskconsuming=12
04-09 17:46:22.524 17651 17651 D A03d00/JSAPP: [Hypium]printSync called ...
04-09 17:46:22.524  1132  1132 I A0001a/SystemUI_Default: StatusBarVM --> changeComponentContent, id wifi area: {"left":217.75,"top":0,"width":38.625,"height":72}
04-09 17:46:22.524  1132  1132 I A0001a/SystemUI_Default: StatusBarVM --> setComponentContent, id wifi contentColor: #FF000000
04-09 17:46:22.525 17651 17651 I A03d00/JSAPP: [Hypium]report print success
04-09 17:46:22.525  1132  1132 I A0001a/SystemUI_Default: StatusBarVM --> changeComponentContent, id signal area: {"left":36,"top":0,"width":181.75,"height":72}
04-09 17:46:22.525  1132  1132 I A0001a/SystemUI_Default: StatusBarVM --> setComponentContent, id signal contentColor: #FF000000
04-09 17:46:22.526  1132  1132 I A0001a/SystemUI_Default: StatusBarVM --> changeComponentContent, id clock area: {"left":610.5000152587891,"top":0,"width":73.5,"height":72}
